Archive member included to satisfy reference by file (symbol)

/opt/devkitpro/portlibs/switch/lib/libcurl.a(libcurl_la-easy.o)
                              main.o (curl_global_init)
/opt/devkitpro/portlibs/switch/lib/libcurl.a(libcurl_la-connect.o)
                              /opt/devkitpro/portlibs/switch/lib/libcurl.a(libcurl_la-easy.o) (Curl_getconnectinfo)
/opt/devkitpro/portlibs/switch/lib/libcurl.a(libcurl_la-multi.o)
                              /opt/devkitpro/portlibs/switch/lib/libcurl.a(libcurl_la-easy.o) (Curl_multi_handle)
/opt/devkitpro/portlibs/switch/lib/libcurl.a(libcurl_la-share.o)
                              /opt/devkitpro/portlibs/switch/lib/libcurl.a(libcurl_la-multi.o) (Curl_share_lock)
/opt/devkitpro/portlibs/switch/lib/libcurl.a(libcurl_la-http_digest.o)
                              /opt/devkitpro/portlibs/switch/lib/libcurl.a(libcurl_la-easy.o) (Curl_http_auth_cleanup_digest)
/opt/devkitpro/portlibs/switch/lib/libcurl.a(libcurl_la-strerror.o)
                              http.o (curl_easy_strerror)
/opt/devkitpro/portlibs/switch/lib/libcurl.a(libcurl_la-select.o)
                              /opt/devkitpro/portlibs/switch/lib/libcurl.a(libcurl_la-multi.o) (Curl_wait_ms)
/opt/devkitpro/portlibs/switch/lib/libcurl.a(libcurl_la-splay.o)
                              /opt/devkitpro/portlibs/switch/lib/libcurl.a(libcurl_la-multi.o) (Curl_splay)
/opt/devkitpro/portlibs/switch/lib/libcurl.a(libcurl_la-strdup.o)
                              /opt/devkitpro/portlibs/switch/lib/libcurl.a(libcurl_la-easy.o) (Curl_memdup)
/opt/devkitpro/portlibs/switch/lib/libcurl.a(libcurl_la-socks.o)
                              /opt/devkitpro/portlibs/switch/lib/libcurl.a(libcurl_la-multi.o) (Curl_SOCKS_getsock)
/opt/devkitpro/portlibs/switch/lib/libcurl.a(libcurl_la-slist.o)
                              http.o (curl_slist_append)
/opt/devkitpro/portlibs/switch/lib/libcurl.a(libcurl_la-nonblock.o)
                              /opt/devkitpro/portlibs/switch/lib/libcurl.a(libcurl_la-connect.o) (curlx_nonblock)
/opt/devkitpro/portlibs/switch/lib/libcurl.a(libcurl_la-warnless.o)
                              /opt/devkitpro/portlibs/switch/lib/libcurl.a(libcurl_la-multi.o) (curlx_uztosi)
/opt/devkitpro/portlibs/switch/lib/libcurl.a(libcurl_la-http_proxy.o)
                              /opt/devkitpro/portlibs/switch/lib/libcurl.a(libcurl_la-multi.o) (Curl_connect_complete)
/opt/devkitpro/portlibs/switch/lib/libcurl.a(libcurl_la-conncache.o)
                              /opt/devkitpro/portlibs/switch/lib/libcurl.a(libcurl_la-multi.o) (Curl_conncache_init)
/opt/devkitpro/portlibs/switch/lib/libcurl.a(libcurl_la-mime.o)
                              /opt/devkitpro/portlibs/switch/lib/libcurl.a(libcurl_la-easy.o) (Curl_mime_initpart)
/opt/devkitpro/portlibs/switch/lib/libcurl.a(libcurl_la-setopt.o)
                              /opt/devkitpro/portlibs/switch/lib/libcurl.a(libcurl_la-easy.o) (Curl_setstropt)
/opt/devkitpro/portlibs/switch/lib/libcurl.a(libcurl_la-curl_ctype.o)
                              /opt/devkitpro/portlibs/switch/lib/libcurl.a(libcurl_la-http_digest.o) (Curl_isspace)
/opt/devkitpro/portlibs/switch/lib/libcurl.a(libcurl_la-digest.o)
                              /opt/devkitpro/portlibs/switch/lib/libcurl.a(libcurl_la-http_digest.o) (Curl_auth_create_digest_http_message)
/opt/devkitpro/portlibs/switch/lib/libcurl.a(libcurl_la-vtls.o)
                              /opt/devkitpro/portlibs/switch/lib/libcurl.a(libcurl_la-setopt.o) (Curl_ssl)
/opt/devkitpro/portlibs/switch/lib/libcurl.a(libcurl_la-libnx.o)
                              /opt/devkitpro/portlibs/switch/lib/libcurl.a(libcurl_la-vtls.o) (Curl_ssl_libnx)
/opt/devkitpro/portlibs/switch/lib/libcurl.a(libcurl_la-timeval.o)
                              /opt/devkitpro/portlibs/switch/lib/libcurl.a(libcurl_la-connect.o) (Curl_now)
/opt/devkitpro/portlibs/switch/lib/libcurl.a(libcurl_la-base64.o)
                              /opt/devkitpro/portlibs/switch/lib/libcurl.a(libcurl_la-digest.o) (Curl_base64_decode)
/opt/devkitpro/portlibs/switch/lib/libcurl.a(libcurl_la-hostip.o)
                              /opt/devkitpro/portlibs/switch/lib/libcurl.a(libcurl_la-connect.o) (Curl_num_addresses)
/opt/devkitpro/portlibs/switch/lib/libcurl.a(libcurl_la-progress.o)
                              /opt/devkitpro/portlibs/switch/lib/libcurl.a(libcurl_la-connect.o) (Curl_pgrsTime)
/opt/devkitpro/portlibs/switch/lib/libcurl.a(libcurl_la-cookie.o)
                              /opt/devkitpro/portlibs/switch/lib/libcurl.a(libcurl_la-setopt.o) (Curl_cookie_add)
/opt/devkitpro/portlibs/switch/lib/libcurl.a(libcurl_la-http.o)
                              /opt/devkitpro/portlibs/switch/lib/libcurl.a(libcurl_la-http_proxy.o) (Curl_checkProxyheaders)
/opt/devkitpro/portlibs/switch/lib/libcurl.a(libcurl_la-sendf.o)
                              /opt/devkitpro/portlibs/switch/lib/libcurl.a(libcurl_la-connect.o) (Curl_recv_has_postponed_data)
[...]
Memory Configuration

Name             Origin             Length             Attributes
*default*        0x0000000000000000 0xffffffffffffffff

Linker script and memory map

                0x0000000000000000                PROVIDE (__start__ = 0x0)
                0x0000000000000000                . = __start__
                [!provide]                        PROVIDE (__code_start = .)

.text           0x0000000000000000    0x7e250
 *(.crt0)
 .crt0          0x0000000000000000      0x130 /opt/devkitpro/libnx/lib/libnx.a(switch_crt0.o)
                0x0000000000000000                _start
                0x00000000000000e0                __nx_exit
                0x00000000000000f0                __nx_mod0
 *(.text.unlikely .text.*_unlikely .text.unlikely.*)
 *(.text.exit .text.exit.*)
 *fill*         0x0000000000000130       0x10 
 .text.exit     0x0000000000000140       0x34 /opt/devkitpro/devkitA64/lib/gcc/aarch64-none-elf/15.2.0/../../../../aarch64-none-elf/lib/pic/libg.a(libc_a-exit.o)
                0x0000000000000140                exit
 *(.text.startup .text.startup.*)
 *fill*         0x0000000000000174        0xc 
 .text.startup.main
                0x0000000000000180      0xf88 main.o
                0x0000000000000180                main
 *(.text.hot .text.hot.*)
 *(.text .stub .text.* .gnu.linkonce.t.*)
 *fill*         0x0000000000001108       0x18 
 .text.__do_global_dtors_aux
                0x0000000000001120       0x50 /opt/devkitpro/devkitA64/lib/gcc/aarch64-none-elf/15.2.0/pic/crtbegin.o
 *fill*         0x0000000000001170       0x10 
 .text.frame_dummy
                0x0000000000001180       0x24 /opt/devkitpro/devkitA64/lib/gcc/aarch64-none-elf/15.2.0/pic/crtbegin.o
 *fill*         0x00000000000011a4        0xc 
 .text._Z17catalog_enumerateP12CatalogEntryi
                0x00000000000011b0      0x280 catalog.o
                0x00000000000011b0                catalog_enumerate(CatalogEntry*, int)
 .text._Z12catalog_hashPK12CatalogEntryi
                0x0000000000001430       0x74 catalog.o
                0x0000000000001430                catalog_hash(CatalogEntry const*, int)
 *fill*         0x00000000000014a4        0xc 
 .text._Z18catalog_build_jsonPK12CatalogEntryiPci
                0x00000000000014b0       0xdc catalog.o
                0x00000000000014b0                catalog_build_json(CatalogEntry const*, int, char*, int)
 *fill*         0x000000000000158c        0x4 
 .text._Z26config_apply_device_suffixPcm
                0x0000000000001590       0x68 config.o
                0x0000000000001590                config_apply_device_suffix(char*, unsigned long)
 *fill*         0x00000000000015f8        0x8 
 .text._Z11config_loadP12FsFileSystem
                0x0000000000001600      0x454 config.o
                0x0000000000001600                config_load(FsFileSystem*)
 *fill*         0x0000000000001a54        0xc 
 .text._Z23config_set_device_tokenP12FsFileSystemPKc
                0x0000000000001a60      0x26c config.o
                0x0000000000001a60                config_set_device_token(FsFileSystem*, char const*)
 *fill*         0x0000000000001ccc        0x4 
 .text._Z8crc_initv
                0x0000000000001cd0       0x6c crc32.o
                0x0000000000001cd0                crc_init()
 *fill*         0x0000000000001d3c        0x4 
 .text._Z7crc_runjPKvm
                0x0000000000001d40       0x3c crc32.o
                0x0000000000001d40                crc_run(unsigned int, void const*, unsigned long)
 *fill*         0x0000000000001d7c        0x4 
 .text._Z6fs_logP12FsFileSystemPKcz
                0x0000000000001d80      0x1f4 fs_helpers.o
                0x0000000000001d80                fs_log(FsFileSystem*, char const*, ...)
 *fill*         0x0000000000001f74        0xc 
 .text._Z18fs_write_text_fileP12FsFileSystemPKcS2_
                0x0000000000001f80       0xac fs_helpers.o
                0x0000000000001f80                fs_write_text_file(FsFileSystem*, char const*, char const*)
 *fill*         0x000000000000202c        0x4 
 .text._Z17fs_read_text_fileP12FsFileSystemPKcPcm
                0x0000000000002030       0xb0 fs_helpers.o
                0x0000000000002030                fs_read_text_file(FsFileSystem*, char const*, char*, unsigned long)
 .text._Z10ensure_dirP12FsFileSystemPKc
                0x00000000000020e0        0x4 fs_helpers.o
                0x00000000000020e0                ensure_dir(FsFileSystem*, char const*)
 *fill*         0x00000000000020e4        0xc 
 .text._Z9path_joinPcmPKcS1_
                0x00000000000020f0       0x60 fs_helpers.o
                0x00000000000020f0                path_join(char*, unsigned long, char const*, char const*)
 .text._ZL9set_state8FsmStateP12FsFileSystem
                0x0000000000002150      0x13c fsm.o
 *fill*         0x000000000000228c        0x4 
 .text._ZL15fsm_block_titlePKc
                0x0000000000002290       0xb8 fsm.o
 *fill*         0x0000000000002348        0x8 
 .text._ZL7do_idleP12FsFileSystemPK13InputSnapshot
                0x0000000000002350      0x2fc fsm.o
 *fill*         0x000000000000264c        0x4 
 .text._Z11title_labelmPcm
                0x0000000000002650       0x9c fsm.o
                0x0000000000002650                title_label(unsigned long, char*, unsigned long)
 *fill*         0x00000000000026ec        0x4 
 .text._ZL13do_deliveringP12FsFileSystemPK13InputSnapshot.isra.0
                0x00000000000026f0      0x658 fsm.o
 *fill*         0x0000000000002d48        0x8 
 .text._ZL12do_uploadingP12FsFileSystemPK13InputSnapshot.isra.0
                0x0000000000002d50      0x64c fsm.o
 *fill*         0x000000000000339c        0x4 
 .text._Z27fsm_is_title_inject_blockedPKc
                0x00000000000033a0       0x88 fsm.o
                0x00000000000033a0                fsm_is_title_inject_blocked(char const*)
 *fill*         0x0000000000003428        0x8 
 .text._Z19fsm_is_key_deferredPKc
                0x0000000000003430       0x5c fsm.o
                0x0000000000003430                fsm_is_key_deferred(char const*)
 *fill*         0x000000000000348c        0x4 
 .text._Z8fsm_initv
                0x0000000000003490       0x50 fsm.o
                0x0000000000003490                fsm_init()
 .text._Z11fsm_on_wakev
                0x00000000000034e0       0x20 fsm.o
                0x00000000000034e0                fsm_on_wake()
 .text._Z8fsm_tickP12FsFileSystemPK13InputSnapshot
                0x0000000000003500      0x210 fsm.o
                0x0000000000003500                fsm_tick(FsFileSystem*, InputSnapshot const*)
 .text._Z13fsm_get_statev
                0x0000000000003710        0xc fsm.o
                0x0000000000003710                fsm_get_state()
 *fill*         0x000000000000371c        0x4 
 .text._Z17game_event_signalm
                0x0000000000003720       0x24 game_event.o
                0x0000000000003720                game_event_signal(unsigned long)
 *fill*         0x0000000000003744        0xc 
 .text._Z16game_event_drainv
                0x0000000000003750       0x18 game_event.o
                0x0000000000003750                game_event_drain()
 *fill*         0x0000000000003768        0x8 
 .text._ZL9make_curlPKcPc
                0x0000000000003770      0x12c http.o
 *fill*         0x000000000000389c        0x4 
 .text._ZL12cb_write_bufPcmmPv
                0x00000000000038a0       0x70 http.o
 .text._ZL7cb_readPcmmPv
                0x0000000000003910       0x78 http.o
 *fill*         0x0000000000003988        0x8 
 .text._ZL11progress_cbPvllll
                0x0000000000003990       0x18 http.o
 *fill*         0x00000000000039a8        0x8 
 .text._ZL11finish_curlPvPc
                0x00000000000039b0       0x94 http.o
 *fill*         0x0000000000003a44        0xc 
 .text._ZL15cb_write_windowPcmmPv
                0x0000000000003a50      0x410 http.o
 .text._Z25http_upload_handle_createv
                0x0000000000003e60      0x250 http.o
                0x0000000000003e60                http_upload_handle_create()
 .text._Z27http_download_handle_createv
                0x00000000000040b0      0x234 http.o
                0x00000000000040b0                http_download_handle_create()
 *fill*         0x00000000000042e4        0xc 
 .text._Z17http_handle_closePv
                0x00000000000042f0       0x40 http.o
                0x00000000000042f0                http_handle_close(void*)
 .text._Z15http_put_windowPvPKcP12FsFileSystemS1_llPci
                0x0000000000004330      0x258 http.o
                0x0000000000004330                http_put_window(void*, char const*, FsFileSystem*, char const*, long, long, char*, int)
 *fill*         0x0000000000004588        0x8 
 .text._Z25http_get_window_validatedPvPKcP12FsFileSystemS1_llPK16CheckpointLedgerll
                0x0000000000004590      0x220 http.o
                0x0000000000004590                http_get_window_validated(void*, char const*, FsFileSystem*, char const*, long, long, CheckpointLedger const*, long, long)
 .text._Z14http_post_jsonPKcS0_Pci
                0x00000000000047b0      0x1a0 http.o
                0x00000000000047b0                http_post_json(char const*, char const*, char*, int)
 .text._Z15http_post_emptyPKcPci
                0x0000000000004950      0x17c http.o
                0x0000000000004950                http_post_empty(char const*, char*, int)
 *fill*         0x0000000000004acc        0x4 
 .text._Z13http_get_bodyPKcPci
                0x0000000000004ad0      0x160 http.o
                0x0000000000004ad0                http_get_body(char const*, char*, int)
 .text._Z9http_pingPKc
                0x0000000000004c30        0xc http.o
                0x0000000000004c30                http_ping(char const*)
 *fill*         0x0000000000004c3c        0x4 
 .text._ZL15psc_thread_funcPv
                0x0000000000004c40       0xec main.o
 *fill*         0x0000000000004d2c        0x4 
 .text._ZL18poll_device_configP12FsFileSystem
                0x0000000000004d30      0x524 main.o
 *fill*         0x0000000000005254        0xc 
 .text._ZL17game_monitor_funcPv
                0x0000000000005260      0x130 main.o
 .text.__libnx_initheap
                0x0000000000005390       0x2c main.o
                0x0000000000005390                __libnx_initheap
 *fill*         0x00000000000053bc        0x4 
 .text.__appInit
                0x00000000000053c0       0xdc main.o
                0x00000000000053c0                __appInit
 *fill*         0x000000000000549c        0x4 
 .text.__appExit
                0x00000000000054a0       0x38 main.o
                0x00000000000054a0                __appExit
 *fill*         0x00000000000054d8        0x8 
 .text._Z13get_posix_utcv
                0x00000000000054e0       0x78 main.o
                0x00000000000054e0                get_posix_utc()
 *fill*         0x0000000000005558        0x8 
 .text._Z17format_local_timePcmm
                0x0000000000005560       0xa0 main.o
                0x0000000000005560                format_local_time(char*, unsigned long, unsigned long)
 .text._Z14make_ts_folderPcmm
                0x0000000000005600       0x90 main.o
                0x0000000000005600                make_ts_folder(char*, unsigned long, unsigned long)
 .text._Z14get_title_namemPcm
                0x0000000000005690      0x150 main.o
                0x0000000000005690                get_title_name(unsigned long, char*, unsigned long)
 .text._Z19refresh_dns_serversv
                0x00000000000057e0       0xc8 main.o
                0x00000000000057e0                refresh_dns_servers()
 *fill*         0x00000000000058a8        0x8 
 .text._Z18wait_network_readyv
                0x00000000000058b0       0x78 main.o
                0x00000000000058b0                wait_network_ready()
 *fill*         0x0000000000005928        0x8 
 .text._Z10notif_pushPKcS0_
                0x0000000000005930      0x1d0 notif.o
                0x0000000000005930                notif_push(char const*, char const*)
 .text._Z13notif_verbosePKcS0_
                0x0000000000005b00       0x14 notif.o
                0x0000000000005b00                notif_verbose(char const*, char const*)
 *fill*         0x0000000000005b14        0xc 
 .text._Z14recovery_sweepP12FsFileSystem17RecoverySweepMode
                0x0000000000005b20      0xc34 recovery.o
                0x0000000000005b20                recovery_sweep(FsFileSystem*, RecoverySweepMode)
 *fill*         0x0000000000006754        0xc 
 .text._Z15clear_save_rootP12FsFileSystem
                0x0000000000006760      0x148 save_clear.o
                0x0000000000006760                clear_save_root(FsFileSystem*)
 *fill*         0x00000000000068a8        0x8 
 .text._Z14dump_all_savesv
                0x00000000000068b0      0x3bc save_dump.o
                0x00000000000068b0                dump_all_saves()
 *fill*         0x0000000000006c6c        0x4 
 .text._Z14snap_hash_readP12FsFileSystemmPKcPj
                0x0000000000006c70       0xc0 save_hash.o
                0x0000000000006c70                snap_hash_read(FsFileSystem*, unsigned long, char const*, unsigned int*)
 .text._Z15snap_hash_writeP12FsFileSystemmPKcj
                0x0000000000006d30       0xec save_hash.o
                0x0000000000006d30                snap_hash_write(FsFileSystem*, unsigned long, char const*, unsigned int)
 *fill*         0x0000000000006e1c        0x4 
 .text._Z8sig_readP12FsFileSystemmPKcP13SaveSignature
                0x0000000000006e20      0x12c save_hash.o
                0x0000000000006e20                sig_read(FsFileSystem*, unsigned long, char const*, SaveSignature*)
 *fill*         0x0000000000006f4c        0x4 
 .text._Z9sig_writeP12FsFileSystemmPKcPK13SaveSignature
                0x0000000000006f50      0x13c save_hash.o
                0x0000000000006f50                sig_write(FsFileSystem*, unsigned long, char const*, SaveSignature const*)
 *fill*         0x000000000000708c        0x4 
 .text._Z29snap_hash_update_from_archiveP12FsFileSystemPKcS2_
                0x0000000000007090       0xa8 save_hash.o
                0x0000000000007090                snap_hash_update_from_archive(FsFileSystem*, char const*, char const*)
 *fill*         0x0000000000007138        0x8 
 .text._ZL13stat_save_dirP12FsFileSystemPKcP13SaveSignaturei
                0x0000000000007140      0x194 save_ops.o
 *fill*         0x00000000000072d4        0xc 
 .text._ZL19peek_save_data_sizeP12FsFileSystemPKc
                0x00000000000072e0       0xf4 save_ops.o
 *fill*         0x00000000000073d4        0xc 
 .text._Z12open_save_fsmPKcP12FsFileSystem
                0x00000000000073e0      0x2d8 save_ops.o
                0x00000000000073e0                open_save_fs(unsigned long, char const*, FsFileSystem*)
 *fill*         0x00000000000076b8        0x8 
 .text._Z20save_enum_title_uidsmPA17_ci
                0x00000000000076c0      0x16c save_ops.o
                0x00000000000076c0                save_enum_title_uids(unsigned long, char (*) [17], int)
 *fill*         0x000000000000782c        0x4 
 .text._Z12save_extractmPKcP12FsFileSystemPcm
                0x0000000000007830      0x43c save_ops.o
                0x0000000000007830                save_extract(unsigned long, char const*, FsFileSystem*, char*, unsigned long)
 *fill*         0x0000000000007c6c        0x4 
 .text._Z11save_injectPKcP12FsFileSystemS0_
                0x0000000000007c70      0x504 save_ops.o
                0x0000000000007c70                save_inject(char const*, FsFileSystem*, char const*)
 *fill*         0x0000000000008174        0xc 
 .text._ZL4wU32P6FsFilePlj
                0x0000000000008180       0x58 save_pack.o
 *fill*         0x00000000000081d8        0x8 
 .text._ZL4wU16P6FsFilePlt
                0x00000000000081e0       0x58 save_pack.o
 *fill*         0x0000000000008238        0x8 
 .text._ZL7cmp_entPKvS0_
                0x0000000000008240        0xc save_pack.o
 *fill*         0x000000000000824c        0x4 
 .text._ZL8enum_dirP12FsFileSystemPKcS2_
                0x0000000000008250      0x258 save_pack.o
 *fill*         0x00000000000084a8        0x8 
 .text._Z9pack_saveP12FsFileSystemPKcS0_S2_mPjPi
                0x00000000000084b0      0x8ac save_pack.o
                0x00000000000084b0                pack_save(FsFileSystem*, char const*, FsFileSystem*, char const*, unsigned long, unsigned int*, int*)
 *fill*         0x0000000000008d5c        0x4 
 .text._Z11unpack_saveP12FsFileSystemPKcS0_Pm
                0x0000000000008d60      0x620 save_pack_read.o
                0x0000000000008d60                unpack_save(FsFileSystem*, char const*, FsFileSystem*, unsigned long*)
 .text._Z15zip_fingerprintP12FsFileSystemPKcPj
                0x0000000000009380      0x244 save_pack_read.o
                0x0000000000009380                zip_fingerprint(FsFileSystem*, char const*, unsigned int*)
 *fill*         0x00000000000095c4        0xc 
 .text._ZL12atomic_writeP12FsFileSystemPKcS2_
                0x00000000000095d0       0xb8 state.o
 *fill*         0x0000000000009688        0x8 
 .text._ZL17write_device_jsonP12FsFileSystem
                0x0000000000009690       0x6c state.o
 *fill*         0x00000000000096fc        0x4 
 .text._ZL7_bk_strPKcS0_Pcm
                0x0000000000009700       0xec state.o
 *fill*         0x00000000000097ec        0x4 
 .text._ZL11iso_utc_nowPcm
                0x00000000000097f0       0x98 state.o
 *fill*         0x0000000000009888        0x8 
 .text._Z18state_write_statusP12FsFileSystem8FsmStatePKcll
                0x0000000000009890      0x4d0 state.o
                0x0000000000009890                state_write_status(FsFileSystem*, FsmState, char const*, long, long)
 .text._Z10state_initP12FsFileSystem
                0x0000000000009d60      0x294 state.o
                0x0000000000009d60                state_init(FsFileSystem*)
 *fill*         0x0000000000009ff4        0xc 
 .text._Z18state_append_eventP12FsFileSystemPKcS2_
                0x000000000000a000      0x290 state.o
                0x000000000000a000                state_append_event(FsFileSystem*, char const*, char const*)
 .text._Z25state_get_sync_generationv
                0x000000000000a290        0xc state.o
                0x000000000000a290                state_get_sync_generation()
 *fill*         0x000000000000a29c        0x4 
 .text._Z25state_set_sync_generationP12FsFileSystemj
                0x000000000000a2a0        0xc state.o
                0x000000000000a2a0                state_set_sync_generation(FsFileSystem*, unsigned int)
 *fill*         0x000000000000a2ac        0x4 
 .text._Z26state_apply_backup_updatesP12FsFileSystemPKc
                0x000000000000a2b0      0x3d0 state.o
                0x000000000000a2b0                state_apply_backup_updates(FsFileSystem*, char const*)
 .text._Z24state_write_last_restoreP12FsFileSystemPKcS2_i
                0x000000000000a680      0x14c state.o
                0x000000000000a680                state_write_last_restore(FsFileSystem*, char const*, char const*, int)
 *fill*         0x000000000000a7cc        0x4 
 .text._Z19state_write_lineageP12FsFileSystemPKcS2_S2_i
                0x000000000000a7d0       0xb8 state.o
                0x000000000000a7d0                state_write_lineage(FsFileSystem*, char const*, char const*, char const*, int)
 *fill*         0x000000000000a888        0x8 
 .text._Z18state_read_lineageP12FsFileSystemPKcS2_PcmPi
                0x000000000000a890      0x1d4 state.o
                0x000000000000a890                state_read_lineage(FsFileSystem*, char const*, char const*, char*, unsigned long, int*)
 *fill*         0x000000000000aa64        0xc 
 .text._Z18state_atomic_writeP12FsFileSystemPKcS2_
                0x000000000000aa70        0x4 state.o
                0x000000000000aa70                state_atomic_write(FsFileSystem*, char const*, char const*)
 *fill*         0x000000000000aa74        0xc 
 .text._ZL10_parse_objPKcP13SyncPrefEntryi.constprop.0
                0x000000000000aa80      0x214 sync_prefs.o
 *fill*         0x000000000000ac94        0xc 
 .text._Z15sync_prefs_loadP12FsFileSystem
                0x000000000000aca0       0x90 sync_prefs.o
                0x000000000000aca0                sync_prefs_load(FsFileSystem*)
 .text._Z27sync_prefs_apply_from_queueP12FsFileSystemPKc
                0x000000000000ad30      0x1bc sync_prefs.o
                0x000000000000ad30                sync_prefs_apply_from_queue(FsFileSystem*, char const*)
 *fill*         0x000000000000aeec        0x4 
 .text._Z21sync_prefs_is_enabledm
                0x000000000000aef0       0x54 sync_prefs.o
                0x000000000000aef0                sync_prefs_is_enabled(unsigned long)
 *fill*         0x000000000000af44        0xc 
 .text._Z27sync_prefs_apply_game_namesPKc
                0x000000000000af50      0x228 sync_prefs.o
                0x000000000000af50                sync_prefs_apply_game_names(char const*)
 *fill*         0x000000000000b178        0x8 
 .text._Z24sync_prefs_get_game_namemPcm
                0x000000000000b180       0x7c sync_prefs.o
                0x000000000000b180                sync_prefs_get_game_name(unsigned long, char*, unsigned long)
 *fill*         0x000000000000b1fc        0x4 
 .text._ZL8json_strPKcS0_Pcm.constprop.0
                0x000000000000b200      0x104 transport.o
 *fill*         0x000000000000b304        0xc 
 .text._Z13transport_ackP12FsFileSystemPKc
                0x000000000000b310      0x150 transport.o
                0x000000000000b310                transport_ack(FsFileSystem*, char const*)
 .text._Z20transport_error_failP12FsFileSystemPKc
                0x000000000000b460      0x150 transport.o
                0x000000000000b460                transport_error_fail(FsFileSystem*, char const*)
 .text._ZL8json_strPKcS0_Pcm
                0x000000000000b5b0       0xec transport_poll.o
 *fill*         0x000000000000b69c        0x4 
 .text._ZL8json_intPKcS0_x
                0x000000000000b6a0       0xb4 transport_poll.o
 *fill*         0x000000000000b754        0xc 
 .text._Z22transport_poll_inboundP12FsFileSystem
                0x000000000000b760      0xd24 transport_poll.o
                0x000000000000b760                transport_poll_inbound(FsFileSystem*)
 *fill*         0x000000000000c484        0xc 
 .text._ZL8json_intPKcS0_x
                0x000000000000c490       0xb4 transport_upload.o
 *fill*         0x000000000000c544        0xc 
 .text._ZL8json_strPKcS0_Pcm.constprop.0
                0x000000000000c550      0x104 transport_upload.o
 *fill*         0x000000000000c654        0xc 
 .text._Z16transport_uploadP12FsFileSystemPKcPib
                0x000000000000c660      0xfe8 transport_upload.o
                0x000000000000c660                transport_upload(FsFileSystem*, char const*, int*, bool)
 *fill*         0x000000000000d648        0x8 
 .text.curl_global_init
                0x000000000000d650       0xa4 /opt/devkitpro/portlibs/switch/lib/libcurl.a(libcurl_la-easy.o)
                0x000000000000d650                curl_global_init
 *fill*         0x000000000000d6f4        0xc 
 .text.curl_global_cleanup
                0x000000000000d700       0x20 /opt/devkitpro/portlibs/switch/lib/libcurl.a(libcurl_la-easy.o)
                0x000000000000d700                curl_global_cleanup
 .text.curl_easy_init
                0x000000000000d720       0xa8 /opt/devkitpro/portlibs/switch/lib/libcurl.a(libcurl_la-easy.o)
                0x000000000000d720                curl_easy_init
 *fill*         0x000000000000d7c8        0x8 
 .text.curl_easy_perform
                0x000000000000d7d0      0x170 /opt/devkitpro/portlibs/switch/lib/libcurl.a(libcurl_la-easy.o)
                0x000000000000d7d0                curl_easy_perform
 .text.curl_easy_cleanup
                0x000000000000d940       0x20 /opt/devkitpro/portlibs/switch/lib/libcurl.a(libcurl_la-easy.o)
                0x000000000000d940                curl_easy_cleanup
 .text.curl_easy_getinfo
                0x000000000000d960       0x30 /opt/devkitpro/portlibs/switch/lib/libcurl.a(libcurl_la-easy.o)
                0x000000000000d960                curl_easy_getinfo
 .text.conn_is_conn
                0x000000000000d990       0x24 /opt/devkitpro/portlibs/switch/lib/libcurl.a(libcurl_la-connect.o)
 *fill*         0x000000000000d9b4        0xc 
 .text.connect_SOCKS
                0x000000000000d9c0       0xf4 /opt/devkitpro/portlibs/switch/lib/libcurl.a(libcurl_la-connect.o)
 *fill*         0x000000000000dab4        0xc 
 .text.verifyconnect
                0x000000000000dac0       0x60 /opt/devkitpro/portlibs/switch/lib/libcurl.a(libcurl_la-connect.o)
 .text.Curl_timeleft
                0x000000000000db20       0xf4 /opt/devkitpro/portlibs/switch/lib/libcurl.a(libcurl_la-connect.o)
                0x000000000000db20                Curl_timeleft
 *fill*         0x000000000000dc14        0xc 
 .text.Curl_persistconninfo
                0x000000000000dc20       0x74 /opt/devkitpro/portlibs/switch/lib/libcurl.a(libcurl_la-connect.o)
                0x000000000000dc20                Curl_persistconninfo
 *fill*         0x000000000000dc94        0xc 
 .text.Curl_updateconninfo.part.0
                0x000000000000dca0      0x248 /opt/devkitpro/portlibs/switch/lib/libcurl.a(libcurl_la-connect.o)
 *fill*         0x000000000000dee8        0x8 
 .text.Curl_updateconninfo
                0x000000000000def0       0x14 /opt/devkitpro/portlibs/switch/lib/libcurl.a(libcurl_la-connect.o)
                0x000000000000def0                Curl_updateconninfo
 *fill*         0x000000000000df04        0xc 
 .text.Curl_getconnectinfo
                0x000000000000df10       0xa4 /opt/devkitpro/portlibs/switch/lib/libcurl.a(libcurl_la-connect.o)
                0x000000000000df10                Curl_getconnectinfo
 *fill*         0x000000000000dfb4        0xc 
 .text.Curl_connalive
                0x000000000000dfc0       0x60 /opt/devkitpro/portlibs/switch/lib/libcurl.a(libcurl_la-connect.o)
                0x000000000000dfc0                Curl_connalive
 .text.Curl_closesocket
                0x000000000000e020       0xb0 /opt/devkitpro/portlibs/switch/lib/libcurl.a(libcurl_la-connect.o)
                0x000000000000e020                Curl_closesocket
 .text.Curl_socket
                0x000000000000e0d0      0x130 /opt/devkitpro/portlibs/switch/lib/libcurl.a(libcurl_la-connect.o)
                0x000000000000e0d0                Curl_socket
 .text.singleipconnect
                0x000000000000e200      0x880 /opt/devkitpro/portlibs/switch/lib/libcurl.a(libcurl_la-connect.o)
 .text.trynextip
                0x000000000000ea80       0xdc /opt/devkitpro/portlibs/switch/lib/libcurl.a(libcurl_la-connect.o)
 *fill*         0x000000000000eb5c        0x4 
 .text.Curl_is_connected
                0x000000000000eb60      0x4bc /opt/devkitpro/portlibs/switch/lib/libcurl.a(libcurl_la-connect.o)
                0x000000000000eb60                Curl_is_connected
 *fill*         0x000000000000f01c        0x4 
 .text.Curl_connecthost
                0x000000000000f020      0x11c /opt/devkitpro/portlibs/switch/lib/libcurl.a(libcurl_la-connect.o)
                0x000000000000f020                Curl_connecthost
 *fill*         0x000000000000f13c        0x4 
 .text.Curl_conncontrol
                0x000000000000f140       0x48 /opt/devkitpro/portlibs/switch/lib/libcurl.a(libcurl_la-connect.o)
                0x000000000000f140                Curl_conncontrol
 *fill*         0x000000000000f188        0x8 
 .text.Curl_conn_data_pending
                0x000000000000f190       0x6c /opt/devkitpro/portlibs/switch/lib/libcurl.a(libcurl_la-connect.o)
                0x000000000000f190                Curl_conn_data_pending
 *fill*         0x000000000000f1fc        0x4 
 .text.trhash   0x000000000000f200       0x10 /opt/devkitpro/portlibs/switch/lib/libcurl.a(libcurl_la-multi.o)
 .text.trhash_compare
                0x000000000000f210       0x14 /opt/devkitpro/portlibs/switch/lib/libcurl.a(libcurl_la-multi.o)
 *fill*         0x000000000000f224        0xc 
 .text.trhash_dtor
                0x000000000000f230        0x4 /opt/devkitpro/portlibs/switch/lib/libcurl.a(libcurl_la-multi.o)
 *fill*         0x000000000000f234        0xc 
 .text.sh_freeentry
                0x000000000000f240       0x14 /opt/devkitpro/portlibs/switch/lib/libcurl.a(libcurl_la-multi.o)
 *fill*         0x000000000000f254        0xc 
 .text.fd_key_compare
                0x000000000000f260       0x14 /opt/devkitpro/portlibs/switch/lib/libcurl.a(libcurl_la-multi.o)
 *fill*         0x000000000000f274        0xc 
 .text.hash_fd  0x000000000000f280       0x10 /opt/devkitpro/portlibs/switch/lib/libcurl.a(libcurl_la-multi.o)
 .text.multi_getsock
                0x000000000000f290      0x158 /opt/devkitpro/portlibs/switch/lib/libcurl.a(libcurl_la-multi.o)
 *fill*         0x000000000000f3e8        0x8 
 .text.singlesocket
                0x000000000000f3f0      0x4e0 /opt/devkitpro/portlibs/switch/lib/libcurl.a(libcurl_la-multi.o)
 .text.multi_timeout.part.0
                0x000000000000f8d0       0x9c /opt/devkitpro/portlibs/switch/lib/libcurl.a(libcurl_la-multi.o)
 *fill*         0x000000000000f96c        0x4 
 .text.add_next_timeout.isra.0
                0x000000000000f970       0xf8 /opt/devkitpro/portlibs/switch/lib/libcurl.a(libcurl_la-multi.o)
 *fill*         0x000000000000fa68        0x8 
 .text.Curl_multi_wait.part.0
                0x000000000000fa70      0x558 /opt/devkitpro/portlibs/switch/lib/libcurl.a(libcurl_la-multi.o)
 *fill*         0x000000000000ffc8        0x8 
 .text.Curl_multi_handle
                0x000000000000ffd0      0x1b8 /opt/devkitpro/portlibs/switch/lib/libcurl.a(libcurl_la-multi.o)
                0x000000000000ffd0                Curl_multi_handle
 *fill*         0x0000000000010188        0x8 
 .text.Curl_multiplex_wanted
                0x0000000000010190       0x14 /opt/devkitpro/portlibs/switch/lib/libcurl.a(libcurl_la-multi.o)
                0x0000000000010190                Curl_multiplex_wanted
 *fill*         0x00000000000101a4        0xc 
 .text.Curl_attach_connnection
                0x00000000000101b0       0x1c /opt/devkitpro/portlibs/switch/lib/libcurl.a(libcurl_la-multi.o)
                0x00000000000101b0                Curl_attach_connnection
 *fill*         0x00000000000101cc        0x4 
 .text.curl_multi_poll
                0x00000000000101d0       0x44 /opt/devkitpro/portlibs/switch/lib/libcurl.a(libcurl_la-multi.o)
                0x00000000000101d0                curl_multi_poll
 *fill*         0x0000000000010214        0xc 
 .text.curl_multi_info_read
                0x0000000000010220       0x9c /opt/devkitpro/portlibs/switch/lib/libcurl.a(libcurl_la-multi.o)
                0x0000000000010220                curl_multi_info_read
 *fill*         0x00000000000102bc        0x4 
 .text.Curl_multi_closed
                0x00000000000102c0       0xb0 /opt/devkitpro/portlibs/switch/lib/libcurl.a(libcurl_la-multi.o)
                0x00000000000102c0                Curl_multi_closed
 .text.curl_multi_setopt
                0x0000000000010370      0x21c /opt/devkitpro/portlibs/switch/lib/libcurl.a(libcurl_la-multi.o)
                0x0000000000010370                curl_multi_setopt
 *fill*         0x000000000001058c        0x4 
 .text.Curl_update_timer
                0x0000000000010590       0xcc /opt/devkitpro/portlibs/switch/lib/libcurl.a(libcurl_la-multi.o)
                0x0000000000010590                Curl_update_timer
 *fill*         0x000000000001065c        0x4 
 .text.Curl_expire
                0x0000000000010660      0x22c /opt/devkitpro/portlibs/switch/lib/libcurl.a(libcurl_la-multi.o)
                0x0000000000010660                Curl_expire
 *fill*         0x000000000001088c        0x4 
 .text.curl_multi_add_handle
                0x0000000000010890      0x174 /opt/devkitpro/portlibs/switch/lib/libcurl.a(libcurl_la-multi.o)
                0x0000000000010890                curl_multi_add_handle
 *fill*         0x0000000000010a04        0xc 
 .text.process_pending_handles
                0x0000000000010a10       0x78 /opt/devkitpro/portlibs/switch/lib/libcurl.a(libcurl_la-multi.o)
 *fill*         0x0000000000010a88        0x8 
 .text.multi_done
                0x0000000000010a90      0x2e4 /opt/devkitpro/portlibs/switch/lib/libcurl.a(libcurl_la-multi.o)
 *fill*         0x0000000000010d74        0xc 
 .text.curl_multi_cleanup
                0x0000000000010d80      0x130 /opt/devkitpro/portlibs/switch/lib/libcurl.a(libcurl_la-multi.o)
                0x0000000000010d80                curl_multi_cleanup
 .text.multi_runsingle
                0x0000000000010eb0     0x1384 /opt/devkitpro/portlibs/switch/lib/libcurl.a(libcurl_la-multi.o)
 *fill*         0x0000000000012234        0xc 
 .text.curl_multi_perform
                0x0000000000012240      0x110 /opt/devkitpro/portlibs/switch/lib/libcurl.a(libcurl_la-multi.o)
                0x0000000000012240                curl_multi_perform
 .text.Curl_expire_done
                0x0000000000012350       0x3c /opt/devkitpro/portlibs/switch/lib/libcurl.a(libcurl_la-multi.o)
                0x0000000000012350                Curl_expire_done
 *fill*         0x000000000001238c        0x4 
 .text.Curl_expire_clear
                0x0000000000012390       0xc4 /opt/devkitpro/portlibs/switch/lib/libcurl.a(libcurl_la-multi.o)
                0x0000000000012390                Curl_expire_clear
 *fill*         0x0000000000012454        0xc 
 .text.Curl_init_completed
                0x0000000000012460       0x3c /opt/devkitpro/portlibs/switch/lib/libcurl.a(libcurl_la-multi.o)
 *fill*         0x000000000001249c        0x4 
 .text.curl_multi_remove_handle
                0x00000000000124a0      0x20c /opt/devkitpro/portlibs/switch/lib/libcurl.a(libcurl_la-multi.o)
                0x00000000000124a0                curl_multi_remove_handle
 *fill*         0x00000000000126ac        0x4 
 .text.Curl_multi_max_host_connections
                0x00000000000126b0       0x14 /opt/devkitpro/portlibs/switch/lib/libcurl.a(libcurl_la-multi.o)
                0x00000000000126b0                Curl_multi_max_host_connections
 *fill*         0x00000000000126c4        0xc 
 .text.Curl_multi_max_total_connections
                0x00000000000126d0       0x14 /opt/devkitpro/portlibs/switch/lib/libcurl.a(libcurl_la-multi.o)
                0x00000000000126d0                Curl_multi_max_total_connections
 *fill*         0x00000000000126e4        0xc 
 .text.Curl_set_in_callback
                0x00000000000126f0       0x28 /opt/devkitpro/portlibs/switch/lib/libcurl.a(libcurl_la-multi.o)
                0x00000000000126f0                Curl_set_in_callback
 *fill*         0x0000000000012718        0x8 
 .text.Curl_share_lock
                0x0000000000012720       0x50 /opt/devkitpro/portlibs/switch/lib/libcurl.a(libcurl_la-share.o)
                0x0000000000012720                Curl_share_lock
 .text.Curl_share_unlock
                0x0000000000012770       0x50 /opt/devkitpro/portlibs/switch/lib/libcurl.a(libcurl_la-share.o)
                0x0000000000012770                Curl_share_unlock
 .text.Curl_input_digest
                0x00000000000127c0       0x88 /opt/devkitpro/portlibs/switch/lib/libcurl.a(libcurl_la-http_digest.o)
                0x00000000000127c0                Curl_input_digest
 *fill*         0x0000000000012848        0x8 
 .text.Curl_output_digest
                0x0000000000012850      0x1e0 /opt/devkitpro/portlibs/switch/lib/libcurl.a(libcurl_la-http_digest.o)
                0x0000000000012850                Curl_output_digest
 .text.Curl_http_auth_cleanup_digest
                0x0000000000012a30       0x30 /opt/devkitpro/portlibs/switch/lib/libcurl.a(libcurl_la-http_digest.o)
                0x0000000000012a30                Curl_http_auth_cleanup_digest
 .text.curl_easy_strerror
                0x0000000000012a60      0x440 /opt/devkitpro/portlibs/switch/lib/libcurl.a(libcurl_la-strerror.o)
                0x0000000000012a60                curl_easy_strerror
 .text.Curl_strerror
                0x0000000000012ea0      0x104 /opt/devkitpro/portlibs/switch/lib/libcurl.a(libcurl_la-strerror.o)
                0x0000000000012ea0                Curl_strerror
 *fill*         0x0000000000012fa4        0xc 
 .text.Curl_wait_ms
                0x0000000000012fb0       0x54 /opt/devkitpro/portlibs/switch/lib/libcurl.a(libcurl_la-select.o)
                0x0000000000012fb0                Curl_wait_ms
 *fill*         0x0000000000013004        0xc 
 .text.Curl_socket_check
                0x0000000000013010      0x1fc /opt/devkitpro/portlibs/switch/lib/libcurl.a(libcurl_la-select.o)
                0x0000000000013010                Curl_socket_check
 *fill*         0x000000000001320c        0x4 
 .text.Curl_poll
                0x0000000000013210      0x104 /opt/devkitpro/portlibs/switch/lib/libcurl.a(libcurl_la-select.o)
                0x0000000000013210                Curl_poll
 *fill*         0x0000000000013314        0xc 
 .text.Curl_splay
                0x0000000000013320      0x14c /opt/devkitpro/portlibs/switch/lib/libcurl.a(libcurl_la-splay.o)
                0x0000000000013320                Curl_splay
 *fill*         0x000000000001346c        0x4 
 .text.Curl_splayinsert
                0x0000000000013470       0xac /opt/devkitpro/portlibs/switch/lib/libcurl.a(libcurl_la-splay.o)
                0x0000000000013470                Curl_splayinsert
 *fill*         0x000000000001351c        0x4 
 .text.Curl_splaygetbest
                0x0000000000013520       0xb0 /opt/devkitpro/portlibs/switch/lib/libcurl.a(libcurl_la-splay.o)
                0x0000000000013520                Curl_splaygetbest
 .text.Curl_splayremovebyaddr
                0x00000000000135d0       0xec /opt/devkitpro/portlibs/switch/lib/libcurl.a(libcurl_la-splay.o)
                0x00000000000135d0                Curl_splayremovebyaddr
 *fill*         0x00000000000136bc        0x4 
 .text.Curl_memdup
                0x00000000000136c0       0x54 /opt/devkitpro/portlibs/switch/lib/libcurl.a(libcurl_la-strdup.o)
                0x00000000000136c0                Curl_memdup
 *fill*         0x0000000000013714        0xc 
 .text.Curl_saferealloc
                0x0000000000013720       0x58 /opt/devkitpro/portlibs/switch/lib/libcurl.a(libcurl_la-strdup.o)
                0x0000000000013720                Curl_saferealloc
 *fill*         0x0000000000013778        0x8 
 .text.Curl_SOCKS_getsock
                0x0000000000013780       0x3c /opt/devkitpro/portlibs/switch/lib/libcurl.a(libcurl_la-socks.o)
                0x0000000000013780                Curl_SOCKS_getsock
 *fill*         0x00000000000137bc        0x4 
 .text.Curl_SOCKS4
                0x00000000000137c0      0x5c4 /opt/devkitpro/portlibs/switch/lib/libcurl.a(libcurl_la-socks.o)
                0x00000000000137c0                Curl_SOCKS4
 *fill*         0x0000000000013d84        0xc 
 .text.Curl_SOCKS5
                0x0000000000013d90      0xa68 /opt/devkitpro/portlibs/switch/lib/libcurl.a(libcurl_la-socks.o)
                0x0000000000013d90                Curl_SOCKS5
 *fill*         0x00000000000147f8        0x8 
 .text.Curl_slist_append_nodup
                0x0000000000014800       0x58 /opt/devkitpro/portlibs/switch/lib/libcurl.a(libcurl_la-slist.o)
                0x0000000000014800                Curl_slist_append_nodup
 *fill*         0x0000000000014858        0x8 
 .text.curl_slist_append
                0x0000000000014860       0x94 /opt/devkitpro/portlibs/switch/lib/libcurl.a(libcurl_la-slist.o)
                0x0000000000014860                curl_slist_append
 *fill*         0x00000000000148f4        0xc 
 .text.curl_slist_free_all
                0x0000000000014900       0x5c /opt/devkitpro/portlibs/switch/lib/libcurl.a(libcurl_la-slist.o)
                0x0000000000014900                curl_slist_free_all
 *fill*         0x000000000001495c        0x4 
 .text.curlx_nonblock
                0x0000000000014960       0x40 /opt/devkitpro/portlibs/switch/lib/libcurl.a(libcurl_la-nonblock.o)
                0x0000000000014960                curlx_nonblock
 .text.curlx_ultous
                0x00000000000149a0        0x4 /opt/devkitpro/portlibs/switch/lib/libcurl.a(libcurl_la-warnless.o)
                0x00000000000149a0                curlx_ultous
 *fill*         0x00000000000149a4        0xc 
 .text.curlx_ultouc
                0x00000000000149b0        0x4 /opt/devkitpro/portlibs/switch/lib/libcurl.a(libcurl_la-warnless.o)
                0x00000000000149b0                curlx_ultouc
 *fill*         0x00000000000149b4        0xc 
 .text.curlx_uztosi
                0x00000000000149c0        0x8 /opt/devkitpro/portlibs/switch/lib/libcurl.a(libcurl_la-warnless.o)
                0x00000000000149c0                curlx_uztosi
 *fill*         0x00000000000149c8        0x8 
 .text.curlx_uztoui
                0x00000000000149d0        0x4 /opt/devkitpro/portlibs/switch/lib/libcurl.a(libcurl_la-warnless.o)
                0x00000000000149d0                curlx_uztoui
 *fill*         0x00000000000149d4        0xc 
 .text.curlx_sltosi
                0x00000000000149e0        0x8 /opt/devkitpro/portlibs/switch/lib/libcurl.a(libcurl_la-warnless.o)
                0x00000000000149e0                curlx_sltosi
 *fill*         0x00000000000149e8        0x8 
 .text.curlx_sltous
                0x00000000000149f0        0x4 /opt/devkitpro/portlibs/switch/lib/libcurl.a(libcurl_la-warnless.o)
                0x00000000000149f0                curlx_sltous
 *fill*         0x00000000000149f4        0xc 
 .text.curlx_uztosz
                0x0000000000014a00        0x8 /opt/devkitpro/portlibs/switch/lib/libcurl.a(libcurl_la-warnless.o)
                0x0000000000014a00                curlx_uztosz
 *fill*         0x0000000000014a08        0x8 
 .text.curlx_sotouz
                0x0000000000014a10        0x4 /opt/devkitpro/portlibs/switch/lib/libcurl.a(libcurl_la-warnless.o)
                0x0000000000014a10                curlx_sotouz
 *fill*         0x0000000000014a14        0xc 
 .text.Curl_connect_complete
                0x0000000000014a20       0x24 /opt/devkitpro/portlibs/switch/lib/libcurl.a(libcurl_la-http_proxy.o)
                0x0000000000014a20                Curl_connect_complete
 *fill*         0x0000000000014a44        0xc 
 .text.Curl_connect_ongoing
                0x0000000000014a50       0x24 /opt/devkitpro/portlibs/switch/lib/libcurl.a(libcurl_la-http_proxy.o)
                0x0000000000014a50                Curl_connect_ongoing
 *fill*         0x0000000000014a74        0xc 
 .text.Curl_connect_free
                0x0000000000014a80       0x38 /opt/devkitpro/portlibs/switch/lib/libcurl.a(libcurl_la-http_proxy.o)
                0x0000000000014a80                Curl_connect_free
 *fill*         0x0000000000014ab8        0x8 
 .text.Curl_proxyCONNECT
                0x0000000000014ac0      0xbfc /opt/devkitpro/portlibs/switch/lib/libcurl.a(libcurl_la-http_proxy.o)
                0x0000000000014ac0                Curl_proxyCONNECT
 *fill*         0x00000000000156bc        0x4 
 .text.Curl_proxy_connect
                0x00000000000156c0      0x13c /opt/devkitpro/portlibs/switch/lib/libcurl.a(libcurl_la-http_proxy.o)
                0x00000000000156c0                Curl_proxy_connect
 *fill*         0x00000000000157fc        0x4 
 .text.conn_llist_dtor
                0x0000000000015800        0x8 /opt/devkitpro/portlibs/switch/lib/libcurl.a(libcurl_la-conncache.o)
 *fill*         0x0000000000015808        0x8 
 .text.free_bundle_hash_entry
                0x0000000000015810       0x44 /opt/devkitpro/portlibs/switch/lib/libcurl.a(libcurl_la-conncache.o)
 *fill*         0x0000000000015854        0xc 
 .text.Curl_conncache_init
                0x0000000000015860       0x90 /opt/devkitpro/portlibs/switch/lib/libcurl.a(libcurl_la-conncache.o)
                0x0000000000015860                Curl_conncache_init
 .text.Curl_conncache_destroy
                0x00000000000158f0        0xc /opt/devkitpro/portlibs/switch/lib/libcurl.a(libcurl_la-conncache.o)
                0x00000000000158f0                Curl_conncache_destroy
 *fill*         0x00000000000158fc        0x4 
 .text.Curl_conncache_unlock
                0x0000000000015900       0x14 /opt/devkitpro/portlibs/switch/lib/libcurl.a(libcurl_la-conncache.o)
                0x0000000000015900                Curl_conncache_unlock
 *fill*         0x0000000000015914        0xc 
 .text.Curl_conncache_size
                0x0000000000015920       0x68 /opt/devkitpro/portlibs/switch/lib/libcurl.a(libcurl_la-conncache.o)
                0x0000000000015920                Curl_conncache_size
 *fill*         0x0000000000015988        0x8 
 .text.Curl_conncache_find_bundle
                0x0000000000015990       0xc0 /opt/devkitpro/portlibs/switch/lib/libcurl.a(libcurl_la-conncache.o)
                0x0000000000015990                Curl_conncache_find_bundle
 .text.Curl_conncache_add_conn
                0x0000000000015a50      0x17c /opt/devkitpro/portlibs/switch/lib/libcurl.a(libcurl_la-conncache.o)
                0x0000000000015a50                Curl_conncache_add_conn
 *fill*         0x0000000000015bcc        0x4 
 .text.Curl_conncache_remove_conn
                0x0000000000015bd0      0x148 /opt/devkitpro/portlibs/switch/lib/libcurl.a(libcurl_la-conncache.o)
                0x0000000000015bd0                Curl_conncache_remove_conn
 *fill*         0x0000000000015d18        0x8 
 .text.Curl_conncache_foreach
                0x0000000000015d20       0xec /opt/devkitpro/portlibs/switch/lib/libcurl.a(libcurl_la-conncache.o)
                0x0000000000015d20                Curl_conncache_foreach
 *fill*         0x0000000000015e0c        0x4 
 .text.Curl_conncache_extract_bundle
                0x0000000000015e10      0x128 /opt/devkitpro/portlibs/switch/lib/libcurl.a(libcurl_la-conncache.o)
                0x0000000000015e10                Curl_conncache_extract_bundle
 *fill*         0x0000000000015f38        0x8 
 .text.Curl_conncache_extract_oldest
                0x0000000000015f40      0x18c /opt/devkitpro/portlibs/switch/lib/libcurl.a(libcurl_la-conncache.o)
                0x0000000000015f40                Curl_conncache_extract_oldest
 *fill*         0x00000000000160cc        0x4 
 .text.Curl_conncache_return_conn
                0x00000000000160d0       0xd8 /opt/devkitpro/portlibs/switch/lib/libcurl.a(libcurl_la-conncache.o)
                0x00000000000160d0                Curl_conncache_return_conn
 *fill*         0x00000000000161a8        0x8 
 .text.Curl_conncache_close_all_connections
                0x00000000000161b0       0xe0 /opt/devkitpro/portlibs/switch/lib/libcurl.a(libcurl_la-conncache.o)
                0x00000000000161b0                Curl_conncache_close_all_connections
 .text.escape_string
                0x0000000000016290       0xc0 /opt/devkitpro/portlibs/switch/lib/libcurl.a(libcurl_la-mime.o)
 .text.mime_mem_seek
                0x0000000000016350       0x4c /opt/devkitpro/portlibs/switch/lib/libcurl.a(libcurl_la-mime.o)
 *fill*         0x000000000001639c        0x4 
 .text.mime_mem_free
                0x00000000000163a0       0x34 /opt/devkitpro/portlibs/switch/lib/libcurl.a(libcurl_la-mime.o)
 *fill*         0x00000000000163d4        0xc 
 .text.mime_mem_read
                0x00000000000163e0       0x98 /opt/devkitpro/portlibs/switch/lib/libcurl.a(libcurl_la-mime.o)
 *fill*         0x0000000000016478        0x8 
 .text.readback_bytes
                0x0000000000016480       0xb0 /opt/devkitpro/portlibs/switch/lib/libcurl.a(libcurl_la-mime.o)
 .text.mime_file_free
                0x0000000000016530       0x44 /opt/devkitpro/portlibs/switch/lib/libcurl.a(libcurl_la-mime.o)
 *fill*         0x0000000000016574        0xc 
 .text.mime_file_read
                0x0000000000016580       0x80 /opt/devkitpro/portlibs/switch/lib/libcurl.a(libcurl_la-mime.o)
 .text.mime_file_seek
                0x0000000000016600       0x90 /opt/devkitpro/portlibs/switch/lib/libcurl.a(libcurl_la-mime.o)
 .text.readback_part
                0x0000000000016690      0x474 /opt/devkitpro/portlibs/switch/lib/libcurl.a(libcurl_la-mime.o)
 *fill*         0x0000000000016b04        0xc 
 .text.read_part_content.part.0
                0x0000000000016b10      0x310 /opt/devkitpro/portlibs/switch/lib/libcurl.a(libcurl_la-mime.o)
 .text.search_header
                0x0000000000016e20       0x98 /opt/devkitpro/portlibs/switch/lib/libcurl.a(libcurl_la-mime.o)
 *fill*         0x0000000000016eb8        0x8 
 .text.mime_subparts_seek
                0x0000000000016ec0      0x104 /opt/devkitpro/portlibs/switch/lib/libcurl.a(libcurl_la-mime.o)
 *fill*         0x0000000000016fc4        0xc 
 .text.mime_subparts_unbind
                0x0000000000016fd0       0x48 /opt/devkitpro/portlibs/switch/lib/libcurl.a(libcurl_la-mime.o)
 *fill*         0x0000000000017018        0x8 
 .text.Curl_mime_cleanpart
                0x0000000000017020       0xd0 /opt/devkitpro/portlibs/switch/lib/libcurl.a(libcurl_la-mime.o)
                0x0000000000017020                Curl_mime_cleanpart
 .text.curl_mime_free.part.0
                0x00000000000170f0       0xa8 /opt/devkitpro/portlibs/switch/lib/libcurl.a(libcurl_la-mime.o)
 *fill*         0x0000000000017198        0x8 
 .text.mime_subparts_free
                0x00000000000171a0       0x48 /opt/devkitpro/portlibs/switch/lib/libcurl.a(libcurl_la-mime.o)
 *fill*         0x00000000000171e8        0x8 
 .text.curl_mime_init
                0x00000000000171f0       0x98 /opt/devkitpro/portlibs/switch/lib/libcurl.a(libcurl_la-mime.o)
                0x00000000000171f0                curl_mime_init
 *fill*         0x0000000000017288        0x8 
 .text.Curl_mime_initpart
                0x0000000000017290       0x38 /opt/devkitpro/portlibs/switch/lib/libcurl.a(libcurl_la-mime.o)
                0x0000000000017290                Curl_mime_initpart
 *fill*         0x00000000000172c8        0x8 
 .text.curl_mime_addpart
                0x00000000000172d0       0x90 /opt/devkitpro/portlibs/switch/lib/libcurl.a(libcurl_la-mime.o)
                0x00000000000172d0                curl_mime_addpart
 .text.curl_mime_name
                0x0000000000017360       0x70 /opt/devkitpro/portlibs/switch/lib/libcurl.a(libcurl_la-mime.o)
                0x0000000000017360                curl_mime_name
 .text.curl_mime_filename
                0x00000000000173d0       0x70 /opt/devkitpro/portlibs/switch/lib/libcurl.a(libcurl_la-mime.o)
                0x00000000000173d0                curl_mime_filename
 .text.curl_mime_filedata.part.0
                0x0000000000017440      0x1c4 /opt/devkitpro/portlibs/switch/lib/libcurl.a(libcurl_la-mime.o)
 *fill*         0x0000000000017604        0xc 
 .text.curl_mime_data
                0x0000000000017610      0x118 /opt/devkitpro/portlibs/switch/lib/libcurl.a(libcurl_la-mime.o)
                0x0000000000017610                curl_mime_data
 *fill*         0x0000000000017728        0x8 
 .text.curl_mime_filedata
                0x0000000000017730       0x8c /opt/devkitpro/portlibs/switch/lib/libcurl.a(libcurl_la-mime.o)
                0x0000000000017730                curl_mime_filedata
 *fill*         0x00000000000177bc        0x4 
 .text.curl_mime_type
                0x00000000000177c0       0x70 /opt/devkitpro/portlibs/switch/lib/libcurl.a(libcurl_la-mime.o)
                0x00000000000177c0                curl_mime_type
 .text.curl_mime_headers
                0x0000000000017830       0x7c /opt/devkitpro/portlibs/switch/lib/libcurl.a(libcurl_la-mime.o)
                0x0000000000017830                curl_mime_headers
 *fill*         0x00000000000178ac        0x4 
 .text.curl_mime_data_cb
                0x00000000000178b0       0xac /opt/devkitpro/portlibs/switch/lib/libcurl.a(libcurl_la-mime.o)
                0x00000000000178b0                curl_mime_data_cb
 *fill*         0x000000000001795c        0x4 
 .text.Curl_mime_set_subparts
                0x0000000000017960      0x138 /opt/devkitpro/portlibs/switch/lib/libcurl.a(libcurl_la-mime.o)
                0x0000000000017960                Curl_mime_set_subparts
 *fill*         0x0000000000017a98        0x8 
 .text.curl_mime_subparts
                0x0000000000017aa0        0x8 /opt/devkitpro/portlibs/switch/lib/libcurl.a(libcurl_la-mime.o)
                0x0000000000017aa0                curl_mime_subparts
 *fill*         0x0000000000017aa8        0x8 
 .text.Curl_mime_read
                0x0000000000017ab0       0x50 /opt/devkitpro/portlibs/switch/lib/libcurl.a(libcurl_la-mime.o)
                0x0000000000017ab0                Curl_mime_read
 .text.Curl_mime_rewind
                0x0000000000017b00       0x94 /opt/devkitpro/portlibs/switch/lib/libcurl.a(libcurl_la-mime.o)
                0x0000000000017b00                Curl_mime_rewind
 *fill*         0x0000000000017b94        0xc 
 .text.Curl_mime_size
                0x0000000000017ba0      0x188 /opt/devkitpro/portlibs/switch/lib/libcurl.a(libcurl_la-mime.o)
                0x0000000000017ba0                Curl_mime_size
 *fill*         0x0000000000017d28        0x8 
 .text.Curl_mime_add_header
                0x0000000000017d30       0xb8 /opt/devkitpro/portlibs/switch/lib/libcurl.a(libcurl_la-mime.o)
                0x0000000000017d30                Curl_mime_add_header
 *fill*         0x0000000000017de8        0x8 
 .text.Curl_mime_contenttype
                0x0000000000017df0       0xac /opt/devkitpro/portlibs/switch/lib/libcurl.a(libcurl_la-mime.o)
                0x0000000000017df0                Curl_mime_contenttype
 *fill*         0x0000000000017e9c        0x4 
 .text.Curl_mime_prepare_headers
                0x0000000000017ea0      0x55c /opt/devkitpro/portlibs/switch/lib/libcurl.a(libcurl_la-mime.o)
                0x0000000000017ea0                Curl_mime_prepare_headers
 *fill*         0x00000000000183fc        0x4 
 .text.setstropt_userpwd
                0x0000000000018400       0xcc /opt/devkitpro/portlibs/switch/lib/libcurl.a(libcurl_la-setopt.o)
 *fill*         0x00000000000184cc        0x4 
 .text.Curl_setstropt
                0x00000000000184d0       0xa4 /opt/devkitpro/portlibs/switch/lib/libcurl.a(libcurl_la-setopt.o)
                0x00000000000184d0                Curl_setstropt
 *fill*         0x0000000000018574        0xc 
 .text.Curl_vsetopt
                0x0000000000018580     0x2d24 /opt/devkitpro/portlibs/switch/lib/libcurl.a(libcurl_la-setopt.o)
                0x0000000000018580                Curl_vsetopt
 *fill*         0x000000000001b2a4        0xc 
 .text.curl_easy_setopt
                0x000000000001b2b0       0x6c /opt/devkitpro/portlibs/switch/lib/libcurl.a(libcurl_la-setopt.o)
                0x000000000001b2b0                curl_easy_setopt
 *fill*         0x000000000001b31c        0x4 
 .text.Curl_isspace
                0x000000000001b320       0x24 /opt/devkitpro/portlibs/switch/lib/libcurl.a(libcurl_la-curl_ctype.o)
                0x000000000001b320                Curl_isspace
 *fill*         0x000000000001b344        0xc 
 .text.Curl_isdigit
                0x000000000001b350       0x24 /opt/devkitpro/portlibs/switch/lib/libcurl.a(libcurl_la-curl_ctype.o)
                0x000000000001b350                Curl_isdigit
 *fill*         0x000000000001b374        0xc 
 .text.Curl_isalnum
                0x000000000001b380       0x24 /opt/devkitpro/portlibs/switch/lib/libcurl.a(libcurl_la-curl_ctype.o)
                0x000000000001b380                Curl_isalnum
 *fill*         0x000000000001b3a4        0xc 
 .text.Curl_isxdigit
                0x000000000001b3b0       0x28 /opt/devkitpro/portlibs/switch/lib/libcurl.a(libcurl_la-curl_ctype.o)
                0x000000000001b3b0                Curl_isxdigit
 *fill*         0x000000000001b3d8        0x8 
 .text.Curl_isgraph
                0x000000000001b3e0       0x30 /opt/devkitpro/portlibs/switch/lib/libcurl.a(libcurl_la-curl_ctype.o)
                0x000000000001b3e0                Curl_isgraph
 .text.Curl_isalpha
                0x000000000001b410       0x24 /opt/devkitpro/portlibs/switch/lib/libcurl.a(libcurl_la-curl_ctype.o)
                0x000000000001b410                Curl_isalpha
 *fill*         0x000000000001b434        0xc 
 .text.Curl_isupper
                0x000000000001b440       0x24 /opt/devkitpro/portlibs/switch/lib/libcurl.a(libcurl_la-curl_ctype.o)
                0x000000000001b440                Curl_isupper
 *fill*         0x000000000001b464        0xc 
 .text.Curl_iscntrl
                0x000000000001b470       0x24 /opt/devkitpro/portlibs/switch/lib/libcurl.a(libcurl_la-curl_ctype.o)
                0x000000000001b470                Curl_iscntrl
 *fill*         0x000000000001b494        0xc 
 .text.auth_digest_sha256_to_ascii
                0x000000000001b4a0       0x58 /opt/devkitpro/portlibs/switch/lib/libcurl.a(libcurl_la-digest.o)
 *fill*         0x000000000001b4f8        0x8 
 .text.auth_digest_md5_to_ascii
                0x000000000001b500       0x58 /opt/devkitpro/portlibs/switch/lib/libcurl.a(libcurl_la-digest.o)
 *fill*         0x000000000001b558        0x8 
 .text.auth_create_digest_http_message
                0x000000000001b560      0x54c /opt/devkitpro/portlibs/switch/lib/libcurl.a(libcurl_la-digest.o)
 *fill*         0x000000000001baac        0x4 
 .text.Curl_auth_digest_get_pair
                0x000000000001bab0      0x118 /opt/devkitpro/portlibs/switch/lib/libcurl.a(libcurl_la-digest.o)
                0x000000000001bab0                Curl_auth_digest_get_pair
 *fill*         0x000000000001bbc8        0x8 
 .text.Curl_auth_is_digest_supported
                0x000000000001bbd0        0x8 /opt/devkitpro/portlibs/switch/lib/libcurl.a(libcurl_la-digest.o)
                0x000000000001bbd0                Curl_auth_is_digest_supported
 *fill*         0x000000000001bbd8        0x8 
 .text.Curl_auth_create_digest_md5_message
                0x000000000001bbe0      0x864 /opt/devkitpro/portlibs/switch/lib/libcurl.a(libcurl_la-digest.o)
                0x000000000001bbe0                Curl_auth_create_digest_md5_message
 *fill*         0x000000000001c444        0xc 
 .text.Curl_auth_create_digest_http_message
                0x000000000001c450       0x88 /opt/devkitpro/portlibs/switch/lib/libcurl.a(libcurl_la-digest.o)
                0x000000000001c450                Curl_auth_create_digest_http_message
 *fill*         0x000000000001c4d8        0x8 
 .text.Curl_auth_digest_cleanup
                0x000000000001c4e0       0x98 /opt/devkitpro/portlibs/switch/lib/libcurl.a(libcurl_la-digest.o)
                0x000000000001c4e0                Curl_auth_digest_cleanup
 *fill*         0x000000000001c578        0x8 
 .text.Curl_auth_decode_digest_http_message
                0x000000000001c580      0x4bc /opt/devkitpro/portlibs/switch/lib/libcurl.a(libcurl_la-digest.o)
                0x000000000001c580                Curl_auth_decode_digest_http_message
 *fill*         0x000000000001ca3c        0x4 
 .text.Curl_none_cleanup
                0x000000000001ca40        0x4 /opt/devkitpro/portlibs/switch/lib/libcurl.a(libcurl_la-vtls.o)
                0x000000000001ca40                Curl_none_cleanup
 *fill*         0x000000000001ca44        0xc 
 .text.Curl_none_shutdown
                0x000000000001ca50        0x8 /opt/devkitpro/portlibs/switch/lib/libcurl.a(libcurl_la-vtls.o)
                0x000000000001ca50                Curl_none_shutdown
 *fill*         0x000000000001ca58        0x8 
 .text.Curl_none_check_cxn
                0x000000000001ca60        0x8 /opt/devkitpro/portlibs/switch/lib/libcurl.a(libcurl_la-vtls.o)
                0x000000000001ca60                Curl_none_check_cxn
 *fill*         0x000000000001ca68        0x8 
 .text.Curl_none_random
                0x000000000001ca70        0x8 /opt/devkitpro/portlibs/switch/lib/libcurl.a(libcurl_la-vtls.o)
                0x000000000001ca70                Curl_none_random
 *fill*         0x000000000001ca78        0x8 
 .text.Curl_none_close_all
                0x000000000001ca80        0x4 /opt/devkitpro/portlibs/switch/lib/libcurl.a(libcurl_la-vtls.o)
                0x000000000001ca80                Curl_none_close_all
 *fill*         0x000000000001ca84        0xc 
 .text.Curl_none_data_pending
                0x000000000001ca90        0x8 /opt/devkitpro/portlibs/switch/lib/libcurl.a(libcurl_la-vtls.o)
                0x000000000001ca90                Curl_none_data_pending
 *fill*         0x000000000001ca98        0x8 
 .text.Curl_none_cert_status_request
                0x000000000001caa0        0x8 /opt/devkitpro/portlibs/switch/lib/libcurl.a(libcurl_la-vtls.o)
                0x000000000001caa0                Curl_none_cert_status_request
 *fill*         0x000000000001caa8        0x8 
 .text.Curl_none_set_engine
                0x000000000001cab0        0x8 /opt/devkitpro/portlibs/switch/lib/libcurl.a(libcurl_la-vtls.o)
                0x000000000001cab0                Curl_none_set_engine
 *fill*         0x000000000001cab8        0x8 
 .text.Curl_none_set_engine_default
                0x000000000001cac0        0x8 /opt/devkitpro/portlibs/switch/lib/libcurl.a(libcurl_la-vtls.o)
                0x000000000001cac0                Curl_none_set_engine_default
 *fill*         0x000000000001cac8        0x8 
 .text.Curl_none_engines_list
                0x000000000001cad0        0x8 /opt/devkitpro/portlibs/switch/lib/libcurl.a(libcurl_la-vtls.o)
                0x000000000001cad0                Curl_none_engines_list
 *fill*         0x000000000001cad8        0x8 
 .text.Curl_multissl_version
                0x000000000001cae0      0x18c /opt/devkitpro/portlibs/switch/lib/libcurl.a(libcurl_la-vtls.o)
 *fill*         0x000000000001cc6c        0x4 
 .text.ssl_connect_init_proxy
                0x000000000001cc70       0xa4 /opt/devkitpro/portlibs/switch/lib/libcurl.a(libcurl_la-vtls.o)
 *fill*         0x000000000001cd14        0xc 
 .text.ssl_prefs_check
                0x000000000001cd20       0x68 /opt/devkitpro/portlibs/switch/lib/libcurl.a(libcurl_la-vtls.o)
 *fill*         0x000000000001cd88        0x8 
 .text.Curl_none_md5sum
                0x000000000001cd90       0x7c /opt/devkitpro/portlibs/switch/lib/libcurl.a(libcurl_la-vtls.o)
                0x000000000001cd90                Curl_none_md5sum
 *fill*         0x000000000001ce0c        0x4 
 .text.multissl_init.part.0
                0x000000000001ce10       0xd0 /opt/devkitpro/portlibs/switch/lib/libcurl.a(libcurl_la-vtls.o)
 .text.Curl_multissl_close
                0x000000000001cee0       0x7c /opt/devkitpro/portlibs/switch/lib/libcurl.a(libcurl_la-vtls.o)
 *fill*         0x000000000001cf5c        0x4 
 .text.Curl_multissl_get_internals
                0x000000000001cf60       0x78 /opt/devkitpro/portlibs/switch/lib/libcurl.a(libcurl_la-vtls.o)
 *fill*         0x000000000001cfd8        0x8 
 .text.Curl_multissl_connect_nonblocking
                0x000000000001cfe0       0x80 /opt/devkitpro/portlibs/switch/lib/libcurl.a(libcurl_la-vtls.o)
 .text.Curl_multissl_connect
                0x000000000001d060       0x78 /opt/devkitpro/portlibs/switch/lib/libcurl.a(libcurl_la-vtls.o)
 *fill*         0x000000000001d0d8        0x8 
 .text.Curl_multissl_init
                0x000000000001d0e0       0x58 /opt/devkitpro/portlibs/switch/lib/libcurl.a(libcurl_la-vtls.o)
 *fill*         0x000000000001d138        0x8 
 .text.Curl_ssl_free_certinfo.part.0
                0x000000000001d140       0x7c /opt/devkitpro/portlibs/switch/lib/libcurl.a(libcurl_la-vtls.o)
 *fill*         0x000000000001d1bc        0x4 
 .text.Curl_none_session_free
                0x000000000001d1c0        0x4 /opt/devkitpro/portlibs/switch/lib/libcurl.a(libcurl_la-vtls.o)
                0x000000000001d1c0                Curl_none_session_free
 *fill*         0x000000000001d1c4        0xc 
 .text.Curl_none_false_start
                0x000000000001d1d0        0x8 /opt/devkitpro/portlibs/switch/lib/libcurl.a(libcurl_la-vtls.o)
                0x000000000001d1d0                Curl_none_false_start
 *fill*         0x000000000001d1d8        0x8 
 .text.Curl_ssl_config_matches
                0x000000000001d1e0       0xe0 /opt/devkitpro/portlibs/switch/lib/libcurl.a(libcurl_la-vtls.o)
                0x000000000001d1e0                Curl_ssl_config_matches
 .text.Curl_clone_primary_ssl_config
                0x000000000001d2c0      0x1f4 /opt/devkitpro/portlibs/switch/lib/libcurl.a(libcurl_la-vtls.o)
                0x000000000001d2c0                Curl_clone_primary_ssl_config
 *fill*         0x000000000001d4b4        0xc 
 .text.Curl_free_primary_ssl_config
                0x000000000001d4c0       0xa4 /opt/devkitpro/portlibs/switch/lib/libcurl.a(libcurl_la-vtls.o)
                0x000000000001d4c0                Curl_free_primary_ssl_config
 *fill*         0x000000000001d564        0xc 
 .text.Curl_ssl_backend
                0x000000000001d570       0x40 /opt/devkitpro/portlibs/switch/lib/libcurl.a(libcurl_la-vtls.o)
                0x000000000001d570                Curl_ssl_backend
 .text.Curl_ssl_init
                0x000000000001d5b0       0x30 /opt/devkitpro/portlibs/switch/lib/libcurl.a(libcurl_la-vtls.o)
                0x000000000001d5b0                Curl_ssl_init
 .text.Curl_ssl_cleanup
                0x000000000001d5e0       0x38 /opt/devkitpro/portlibs/switch/lib/libcurl.a(libcurl_la-vtls.o)
                0x000000000001d5e0                Curl_ssl_cleanup
 *fill*         0x000000000001d618        0x8 
 .text.Curl_ssl_connect
                0x000000000001d620       0xb4 /opt/devkitpro/portlibs/switch/lib/libcurl.a(libcurl_la-vtls.o)
                0x000000000001d620                Curl_ssl_connect
 *fill*         0x000000000001d6d4        0xc 
 .text.Curl_ssl_connect_nonblocking
                0x000000000001d6e0       0xc8 /opt/devkitpro/portlibs/switch/lib/libcurl.a(libcurl_la-vtls.o)
                0x000000000001d6e0                Curl_ssl_connect_nonblocking
 *fill*         0x000000000001d7a8        0x8 
 .text.Curl_ssl_kill_session
                0x000000000001d7b0       0x6c /opt/devkitpro/portlibs/switch/lib/libcurl.a(libcurl_la-vtls.o)
                0x000000000001d7b0                Curl_ssl_kill_session
 *fill*         0x000000000001d81c        0x4 
 .text.Curl_ssl_close_all
                0x000000000001d820       0x98 /opt/devkitpro/portlibs/switch/lib/libcurl.a(libcurl_la-vtls.o)
                0x000000000001d820                Curl_ssl_close_all
 *fill*         0x000000000001d8b8        0x8 
 .text.Curl_ssl_getsock
                0x000000000001d8c0        0x8 /opt/devkitpro/portlibs/switch/lib/libcurl.a(libcurl_la-vtls.o)
                0x000000000001d8c0                Curl_ssl_getsock
 *fill*         0x000000000001d8c8        0x8 
 .text.Curl_ssl_close
                0x000000000001d8d0       0x14 /opt/devkitpro/portlibs/switch/lib/libcurl.a(libcurl_la-vtls.o)
                0x000000000001d8d0                Curl_ssl_close
 *fill*         0x000000000001d8e4        0xc 
 .text.Curl_ssl_shutdown
                0x000000000001d8f0       0x7c /opt/devkitpro/portlibs/switch/lib/libcurl.a(libcurl_la-vtls.o)
                0x000000000001d8f0                Curl_ssl_shutdown
 *fill*         0x000000000001d96c        0x4 
 .text.Curl_ssl_set_engine
                0x000000000001d970       0x14 /opt/devkitpro/portlibs/switch/lib/libcurl.a(libcurl_la-vtls.o)
                0x000000000001d970                Curl_ssl_set_engine
 *fill*         0x000000000001d984        0xc 
 .text.Curl_ssl_set_engine_default
                0x000000000001d990       0x14 /opt/devkitpro/portlibs/switch/lib/libcurl.a(libcurl_la-vtls.o)
                0x000000000001d990                Curl_ssl_set_engine_default
 *fill*         0x000000000001d9a4        0xc 
 .text.Curl_ssl_engines_list
                0x000000000001d9b0       0x14 /opt/devkitpro/portlibs/switch/lib/libcurl.a(libcurl_la-vtls.o)
                0x000000000001d9b0                Curl_ssl_engines_list
 *fill*         0x000000000001d9c4        0xc 
 .text.Curl_ssl_initsessions
                0x000000000001d9d0       0x64 /opt/devkitpro/portlibs/switch/lib/libcurl.a(libcurl_la-vtls.o)
                0x000000000001d9d0                Curl_ssl_initsessions
 *fill*         0x000000000001da34        0xc 
 .text.Curl_ssl_check_cxn
                0x000000000001da40       0x14 /opt/devkitpro/portlibs/switch/lib/libcurl.a(libcurl_la-vtls.o)
                0x000000000001da40                Curl_ssl_check_cxn
 *fill*         0x000000000001da54        0xc 
 .text.Curl_ssl_data_pending
                0x000000000001da60       0x14 /opt/devkitpro/portlibs/switch/lib/libcurl.a(libcurl_la-vtls.o)
                0x000000000001da60                Curl_ssl_data_pending
 *fill*         0x000000000001da74        0xc 
 .text.Curl_ssl_free_certinfo
                0x000000000001da80       0x10 /opt/devkitpro/portlibs/switch/lib/libcurl.a(libcurl_la-vtls.o)
                0x000000000001da80                Curl_ssl_free_certinfo
 .text.Curl_ssl_init_certinfo
                0x000000000001da90       0x6c /opt/devkitpro/portlibs/switch/lib/libcurl.a(libcurl_la-vtls.o)
                0x000000000001da90                Curl_ssl_init_certinfo
 *fill*         0x000000000001dafc        0x4 
 .text.Curl_ssl_push_certinfo_len
                0x000000000001db00      0x124 /opt/devkitpro/portlibs/switch/lib/libcurl.a(libcurl_la-vtls.o)
                0x000000000001db00                Curl_ssl_push_certinfo_len
 *fill*         0x000000000001dc24        0xc 
 .text.Curl_ssl_push_certinfo
                0x000000000001dc30       0x4c /opt/devkitpro/portlibs/switch/lib/libcurl.a(libcurl_la-vtls.o)
                0x000000000001dc30                Curl_ssl_push_certinfo
 *fill*         0x000000000001dc7c        0x4 
 .text.Curl_ssl_random
                0x000000000001dc80       0x14 /opt/devkitpro/portlibs/switch/lib/libcurl.a(libcurl_la-vtls.o)
                0x000000000001dc80                Curl_ssl_random
 *fill*         0x000000000001dc94        0xc 
 .text.Curl_pin_peer_pubkey
                0x000000000001dca0      0x4dc /opt/devkitpro/portlibs/switch/lib/libcurl.a(libcurl_la-vtls.o)
                0x000000000001dca0                Curl_pin_peer_pubkey
 *fill*         0x000000000001e17c        0x4 
 .text.Curl_ssl_cert_status_request
                0x000000000001e180       0x14 /opt/devkitpro/portlibs/switch/lib/libcurl.a(libcurl_la-vtls.o)
                0x000000000001e180                Curl_ssl_cert_status_request
 *fill*         0x000000000001e194        0xc 
 .text.Curl_ssl_false_start
                0x000000000001e1a0       0x14 /opt/devkitpro/portlibs/switch/lib/libcurl.a(libcurl_la-vtls.o)
                0x000000000001e1a0                Curl_ssl_false_start
 *fill*         0x000000000001e1b4        0xc 
 .text.Curl_ssl_tls13_ciphersuites
                0x000000000001e1c0       0x14 /opt/devkitpro/portlibs/switch/lib/libcurl.a(libcurl_la-vtls.o)
                0x000000000001e1c0                Curl_ssl_tls13_ciphersuites
 *fill*         0x000000000001e1d4        0xc 
 .text.Curl_libnx_get_internals
                0x000000000001e1e0        0x8 /opt/devkitpro/portlibs/switch/lib/libcurl.a(libcurl_la-libnx.o)
 *fill*         0x000000000001e1e8        0x8 
 .text.Curl_libnx_sha256sum
                0x000000000001e1f0       0x2c /opt/devkitpro/portlibs/switch/lib/libcurl.a(libcurl_la-libnx.o)
 *fill*         0x000000000001e21c        0x4 
 .text.Curl_libnx_close
                0x000000000001e220       0x58 /opt/devkitpro/portlibs/switch/lib/libcurl.a(libcurl_la-libnx.o)
 *fill*         0x000000000001e278        0x8 
 .text.libnx_send
                0x000000000001e280       0x74 /opt/devkitpro/portlibs/switch/lib/libcurl.a(libcurl_la-libnx.o)
 *fill*         0x000000000001e2f4        0xc 
 .text.libnx_recv
                0x000000000001e300       0xa0 /opt/devkitpro/portlibs/switch/lib/libcurl.a(libcurl_la-libnx.o)
 .text.Curl_libnx_version
                0x000000000001e3a0       0x20 /opt/devkitpro/portlibs/switch/lib/libcurl.a(libcurl_la-libnx.o)
 .text.load_file
                0x000000000001e3c0       0xd4 /opt/devkitpro/portlibs/switch/lib/libcurl.a(libcurl_la-libnx.o)
 *fill*         0x000000000001e494        0xc 
 .text.load_capath
                0x000000000001e4a0      0x180 /opt/devkitpro/portlibs/switch/lib/libcurl.a(libcurl_la-libnx.o)
 .text.libnx_connect_step2
                0x000000000001e620      0x46c /opt/devkitpro/portlibs/switch/lib/libcurl.a(libcurl_la-libnx.o)
 *fill*         0x000000000001ea8c        0x4 
 .text.Curl_libnx_random
                0x000000000001ea90       0x28 /opt/devkitpro/portlibs/switch/lib/libcurl.a(libcurl_la-libnx.o)
 *fill*         0x000000000001eab8        0x8 
 .text.Curl_libnx_data_pending
                0x000000000001eac0       0x4c /opt/devkitpro/portlibs/switch/lib/libcurl.a(libcurl_la-libnx.o)
 *fill*         0x000000000001eb0c        0x4 
 .text.Curl_libnx_check_cxn
                0x000000000001eb10       0x60 /opt/devkitpro/portlibs/switch/lib/libcurl.a(libcurl_la-libnx.o)
 .text.Curl_libnx_cleanup
                0x000000000001eb70       0x14 /opt/devkitpro/portlibs/switch/lib/libcurl.a(libcurl_la-libnx.o)
 *fill*         0x000000000001eb84        0xc 
 .text.Curl_libnx_init
                0x000000000001eb90       0x38 /opt/devkitpro/portlibs/switch/lib/libcurl.a(libcurl_la-libnx.o)
 *fill*         0x000000000001ebc8        0x8 
 .text.libnx_connect_common
                0x000000000001ebd0      0x8c8 /opt/devkitpro/portlibs/switch/lib/libcurl.a(libcurl_la-libnx.o)
 *fill*         0x000000000001f498        0x8 
 .text.Curl_libnx_connect_nonblocking
                0x000000000001f4a0        0xc /opt/devkitpro/portlibs/switch/lib/libcurl.a(libcurl_la-libnx.o)
 *fill*         0x000000000001f4ac        0x4 
 .text.Curl_libnx_connect
                0x000000000001f4b0       0x1c /opt/devkitpro/portlibs/switch/lib/libcurl.a(libcurl_la-libnx.o)
 *fill*         0x000000000001f4cc        0x4 
 .text.Curl_now
                0x000000000001f4d0       0x64 /opt/devkitpro/portlibs/switch/lib/libcurl.a(libcurl_la-timeval.o)
                0x000000000001f4d0                Curl_now
 *fill*         0x000000000001f534        0xc 
 .text.Curl_timediff
                0x000000000001f540       0x74 /opt/devkitpro/portlibs/switch/lib/libcurl.a(libcurl_la-timeval.o)
                0x000000000001f540                Curl_timediff
 *fill*         0x000000000001f5b4        0xc 
 .text.Curl_timediff_us
                0x000000000001f5c0       0x54 /opt/devkitpro/portlibs/switch/lib/libcurl.a(libcurl_la-timeval.o)
                0x000000000001f5c0                Curl_timediff_us
 *fill*         0x000000000001f614        0xc 
 .text.base64_encode.isra.0
                0x000000000001f620      0x1e4 /opt/devkitpro/portlibs/switch/lib/libcurl.a(libcurl_la-base64.o)
 *fill*         0x000000000001f804        0xc 
 .text.Curl_base64_decode
                0x000000000001f810      0x21c /opt/devkitpro/portlibs/switch/lib/libcurl.a(libcurl_la-base64.o)
                0x000000000001f810                Curl_base64_decode
 *fill*         0x000000000001fa2c        0x4 
 .text.Curl_base64_encode
                0x000000000001fa30        0xc /opt/devkitpro/portlibs/switch/lib/libcurl.a(libcurl_la-base64.o)
                0x000000000001fa30                Curl_base64_encode
 *fill*         0x000000000001fa3c        0x4 
 .text.Curl_base64url_encode
                0x000000000001fa40        0xc /opt/devkitpro/portlibs/switch/lib/libcurl.a(libcurl_la-base64.o)
                0x000000000001fa40                Curl_base64url_encode
 *fill*         0x000000000001fa4c        0x4 
 .text.hostcache_timestamp_remove
                0x000000000001fa50       0x24 /opt/devkitpro/portlibs/switch/lib/libcurl.a(libcurl_la-hostip.o)
 *fill*         0x000000000001fa74        0xc 
 .text.freednsentry
                0x000000000001fa80       0x54 /opt/devkitpro/portlibs/switch/lib/libcurl.a(libcurl_la-hostip.o)
 *fill*         0x000000000001fad4        0xc 
 .text.create_hostcache_id.constprop.0
                0x000000000001fae0       0x98 /opt/devkitpro/portlibs/switch/lib/libcurl.a(libcurl_la-hostip.o)
 *fill*         0x000000000001fb78        0x8 
 .text.fetch_addr.isra.0
                0x000000000001fb80      0x124 /opt/devkitpro/portlibs/switch/lib/libcurl.a(libcurl_la-hostip.o)
 *fill*         0x000000000001fca4        0xc 
 .text.Curl_num_addresses
                0x000000000001fcb0       0x20 /opt/devkitpro/portlibs/switch/lib/libcurl.a(libcurl_la-hostip.o)
                0x000000000001fcb0                Curl_num_addresses
 .text.Curl_printable_address
                0x000000000001fcd0       0x2c /opt/devkitpro/portlibs/switch/lib/libcurl.a(libcurl_la-hostip.o)
                0x000000000001fcd0                Curl_printable_address
 *fill*         0x000000000001fcfc        0x4 
 .text.Curl_hostcache_prune
                0x000000000001fd00       0x84 /opt/devkitpro/portlibs/switch/lib/libcurl.a(libcurl_la-hostip.o)
                0x000000000001fd00                Curl_hostcache_prune
 *fill*         0x000000000001fd84        0xc 
 .text.Curl_fetch_addr
                0x000000000001fd90       0x84 /opt/devkitpro/portlibs/switch/lib/libcurl.a(libcurl_la-hostip.o)
                0x000000000001fd90                Curl_fetch_addr
 *fill*         0x000000000001fe14        0xc 
 .text.Curl_cache_addr
                0x000000000001fe20      0x29c /opt/devkitpro/portlibs/switch/lib/libcurl.a(libcurl_la-hostip.o)
                0x000000000001fe20                Curl_cache_addr
 *fill*         0x00000000000200bc        0x4 
 .text.Curl_resolv
                0x00000000000200c0      0x258 /opt/devkitpro/portlibs/switch/lib/libcurl.a(libcurl_la-hostip.o)
                0x00000000000200c0                Curl_resolv
 *fill*         0x0000000000020318        0x8 
 .text.Curl_resolv_timeout
                0x0000000000020320       0x8c /opt/devkitpro/portlibs/switch/lib/libcurl.a(libcurl_la-hostip.o)
                0x0000000000020320                Curl_resolv_timeout
 *fill*         0x00000000000203ac        0x4 
 .text.Curl_resolv_unlock
                0x00000000000203b0       0xcc /opt/devkitpro/portlibs/switch/lib/libcurl.a(libcurl_la-hostip.o)
                0x00000000000203b0                Curl_resolv_unlock
 *fill*         0x000000000002047c        0x4 
 .text.Curl_mk_dnscache
                0x0000000000020480       0x20 /opt/devkitpro/portlibs/switch/lib/libcurl.a(libcurl_la-hostip.o)
                0x0000000000020480                Curl_mk_dnscache
 .text.Curl_hostcache_clean
                0x00000000000204a0       0x7c /opt/devkitpro/portlibs/switch/lib/libcurl.a(libcurl_la-hostip.o)
                0x00000000000204a0                Curl_hostcache_clean
 *fill*         0x000000000002051c        0x4 
 .text.Curl_loadhostpairs
                0x0000000000020520      0x434 /opt/devkitpro/portlibs/switch/lib/libcurl.a(libcurl_la-hostip.o)
                0x0000000000020520                Curl_loadhostpairs
 *fill*         0x0000000000020954        0xc 
 .text.Curl_resolv_check
                0x0000000000020960       0x18 /opt/devkitpro/portlibs/switch/lib/libcurl.a(libcurl_la-hostip.o)
                0x0000000000020960                Curl_resolv_check
 *fill*         0x0000000000020978        0x8 
 .text.Curl_resolv_getsock
                0x0000000000020980        0x8 /opt/devkitpro/portlibs/switch/lib/libcurl.a(libcurl_la-hostip.o)
                0x0000000000020980                Curl_resolv_getsock
 *fill*         0x0000000000020988        0x8 
 .text.Curl_once_resolved
                0x0000000000020990       0x60 /opt/devkitpro/portlibs/switch/lib/libcurl.a(libcurl_la-hostip.o)
                0x0000000000020990                Curl_once_resolved
 .text.time2str
                0x00000000000209f0      0x104 /opt/devkitpro/portlibs/switch/lib/libcurl.a(libcurl_la-progress.o)
 *fill*         0x0000000000020af4        0xc 
 .text.max5data
                0x0000000000020b00      0x1b0 /opt/devkitpro/portlibs/switch/lib/libcurl.a(libcurl_la-progress.o)
 .text.Curl_pgrsResetTransferSizes
                0x0000000000020cb0       0x18 /opt/devkitpro/portlibs/switch/lib/libcurl.a(libcurl_la-progress.o)
                0x0000000000020cb0                Curl_pgrsResetTransferSizes
 *fill*         0x0000000000020cc8        0x8 
 .text.Curl_pgrsTime
                0x0000000000020cd0      0x150 /opt/devkitpro/portlibs/switch/lib/libcurl.a(libcurl_la-progress.o)
                0x0000000000020cd0                Curl_pgrsTime
 .text.Curl_pgrsLimitWaitTime
                0x0000000000020e20       0xc0 /opt/devkitpro/portlibs/switch/lib/libcurl.a(libcurl_la-progress.o)
                0x0000000000020e20                Curl_pgrsLimitWaitTime
 .text.Curl_pgrsSetDownloadCounter
                0x0000000000020ee0        0x8 /opt/devkitpro/portlibs/switch/lib/libcurl.a(libcurl_la-progress.o)
                0x0000000000020ee0                Curl_pgrsSetDownloadCounter
 *fill*         0x0000000000020ee8        0x8 
 .text.Curl_ratelimit
                0x0000000000020ef0       0xb0 /opt/devkitpro/portlibs/switch/lib/libcurl.a(libcurl_la-progress.o)
                0x0000000000020ef0                Curl_ratelimit
 .text.Curl_pgrsStartNow
                0x0000000000020fa0       0x6c /opt/devkitpro/portlibs/switch/lib/libcurl.a(libcurl_la-progress.o)
                0x0000000000020fa0                Curl_pgrsStartNow
 *fill*         0x000000000002100c        0x4 
 .text.Curl_pgrsSetUploadCounter
                0x0000000000021010        0x8 /opt/devkitpro/portlibs/switch/lib/libcurl.a(libcurl_la-progress.o)
                0x0000000000021010                Curl_pgrsSetUploadCounter
 *fill*         0x0000000000021018        0x8 
 .text.Curl_pgrsSetDownloadSize
                0x0000000000021020       0x2c /opt/devkitpro/portlibs/switch/lib/libcurl.a(libcurl_la-progress.o)
                0x0000000000021020                Curl_pgrsSetDownloadSize
 *fill*         0x000000000002104c        0x4 
 .text.Curl_pgrsSetUploadSize
                0x0000000000021050       0x2c /opt/devkitpro/portlibs/switch/lib/libcurl.a(libcurl_la-progress.o)
                0x0000000000021050                Curl_pgrsSetUploadSize
 *fill*         0x000000000002107c        0x4 
 .text.Curl_pgrsUpdate
                0x0000000000021080      0x62c /opt/devkitpro/portlibs/switch/lib/libcurl.a(libcurl_la-progress.o)
                0x0000000000021080                Curl_pgrsUpdate
 *fill*         0x00000000000216ac        0x4 
 .text.Curl_pgrsDone
                0x00000000000216b0       0x5c /opt/devkitpro/portlibs/switch/lib/libcurl.a(libcurl_la-progress.o)
                0x00000000000216b0                Curl_pgrsDone
 *fill*         0x000000000002170c        0x4 
 .text.freecookie
                0x0000000000021710       0x90 /opt/devkitpro/portlibs/switch/lib/libcurl.a(libcurl_la-cookie.o)
 .text.cookie_sort_ct
                0x00000000000217a0       0x20 /opt/devkitpro/portlibs/switch/lib/libcurl.a(libcurl_la-cookie.o)
 .text.remove_expired
                0x00000000000217c0       0xa8 /opt/devkitpro/portlibs/switch/lib/libcurl.a(libcurl_la-cookie.o)
 *fill*         0x0000000000021868        0x8 
 .text.cookie_sort
                0x0000000000021870      0x14c /opt/devkitpro/portlibs/switch/lib/libcurl.a(libcurl_la-cookie.o)
 *fill*         0x00000000000219bc        0x4 
 .text.tailmatch
                0x00000000000219c0       0x88 /opt/devkitpro/portlibs/switch/lib/libcurl.a(libcurl_la-cookie.o)
 *fill*         0x0000000000021a48        0x8 
 .text.sanitize_cookie_path
                0x0000000000021a50      0x104 /opt/devkitpro/portlibs/switch/lib/libcurl.a(libcurl_la-cookie.o)
 *fill*         0x0000000000021b54        0xc 
 .text.get_netscape_format
                0x0000000000021b60       0xf0 /opt/devkitpro/portlibs/switch/lib/libcurl.a(libcurl_la-cookie.o)
 .text.cookiehash
                0x0000000000021c50       0xdc /opt/devkitpro/portlibs/switch/lib/libcurl.a(libcurl_la-cookie.o)
 *fill*         0x0000000000021d2c        0x4 
 .text.Curl_cookie_add
                0x0000000000021d30      0xe58 /opt/devkitpro/portlibs/switch/lib/libcurl.a(libcurl_la-cookie.o)
                0x0000000000021d30                Curl_cookie_add
 *fill*         0x0000000000022b88        0x8 
 .text.Curl_cookie_getlist
                0x0000000000022b90      0x404 /opt/devkitpro/portlibs/switch/lib/libcurl.a(libcurl_la-cookie.o)
                0x0000000000022b90                Curl_cookie_getlist
 *fill*         0x0000000000022f94        0xc 
 .text.Curl_cookie_clearall
                0x0000000000022fa0       0x5c /opt/devkitpro/portlibs/switch/lib/libcurl.a(libcurl_la-cookie.o)
                0x0000000000022fa0                Curl_cookie_clearall
 *fill*         0x0000000000022ffc        0x4 
 .text.Curl_cookie_freelist
                0x0000000000023000       0x38 /opt/devkitpro/portlibs/switch/lib/libcurl.a(libcurl_la-cookie.o)
                0x0000000000023000                Curl_cookie_freelist
 *fill*         0x0000000000023038        0x8 
 .text.Curl_cookie_clearsess
                0x0000000000023040       0xac /opt/devkitpro/portlibs/switch/lib/libcurl.a(libcurl_la-cookie.o)
                0x0000000000023040                Curl_cookie_clearsess
 *fill*         0x00000000000230ec        0x4 
 .text.Curl_cookie_cleanup
                0x00000000000230f0       0x80 /opt/devkitpro/portlibs/switch/lib/libcurl.a(libcurl_la-cookie.o)
                0x00000000000230f0                Curl_cookie_cleanup
 .text.Curl_cookie_init
                0x0000000000023170      0x280 /opt/devkitpro/portlibs/switch/lib/libcurl.a(libcurl_la-cookie.o)
                0x0000000000023170                Curl_cookie_init
 .text.Curl_cookie_loadfiles
                0x00000000000233f0       0xa4 /opt/devkitpro/portlibs/switch/lib/libcurl.a(libcurl_la-cookie.o)
                0x00000000000233f0                Curl_cookie_loadfiles
 *fill*         0x0000000000023494        0xc 
 .text.Curl_cookie_list
                0x00000000000234a0       0xf0 /opt/devkitpro/portlibs/switch/lib/libcurl.a(libcurl_la-cookie.o)
                0x00000000000234a0                Curl_cookie_list
 .text.Curl_flush_cookies
                0x0000000000023590      0x3c8 /opt/devkitpro/portlibs/switch/lib/libcurl.a(libcurl_la-cookie.o)
                0x0000000000023590                Curl_flush_cookies
 *fill*         0x0000000000023958        0x8 
 .text.pickoneauth
                0x0000000000023960       0x84 /opt/devkitpro/portlibs/switch/lib/libcurl.a(libcurl_la-http.o)
 *fill*         0x00000000000239e4        0xc 
 .text.http_should_fail
                0x00000000000239f0       0x60 /opt/devkitpro/portlibs/switch/lib/libcurl.a(libcurl_la-http.o)
 .text.http_getsock_do
                0x0000000000023a50       0x10 /opt/devkitpro/portlibs/switch/lib/libcurl.a(libcurl_la-http.o)
 .text.http_setup_conn
                0x0000000000023a60       0xac /opt/devkitpro/portlibs/switch/lib/libcurl.a(libcurl_la-http.o)
 *fill*         0x0000000000023b0c        0x4 
 .text.https_getsock
                0x0000000000023b10       0x18 /opt/devkitpro/portlibs/switch/lib/libcurl.a(libcurl_la-http.o)
 *fill*         0x0000000000023b28        0x8 
 .text.https_connecting
                0x0000000000023b30       0x50 /opt/devkitpro/portlibs/switch/lib/libcurl.a(libcurl_la-http.o)
 .text.readmoredata
                0x0000000000023b80       0xe4 /opt/devkitpro/portlibs/switch/lib/libcurl.a(libcurl_la-http.o)
 *fill*         0x0000000000023c64        0xc 
 .text.header_append
                0x0000000000023c70      0x108 /opt/devkitpro/portlibs/switch/lib/libcurl.a(libcurl_la-http.o)
 *fill*         0x0000000000023d78        0x8 
 .text.http_perhapsrewind
                0x0000000000023d80       0xf0 /opt/devkitpro/portlibs/switch/lib/libcurl.a(libcurl_la-http.o)
 .text.checkhttpprefix.isra.0
                0x0000000000023e70       0xbc /opt/devkitpro/portlibs/switch/lib/libcurl.a(libcurl_la-http.o)
 *fill*         0x0000000000023f2c        0x4 
 .text.checkprotoprefix.isra.0
                0x0000000000023f30       0x68 /opt/devkitpro/portlibs/switch/lib/libcurl.a(libcurl_la-http.o)
 *fill*         0x0000000000023f98        0x8 
 .text.Curl_http_done
                0x0000000000023fa0       0xf8 /opt/devkitpro/portlibs/switch/lib/libcurl.a(libcurl_la-http.o)
                0x0000000000023fa0                Curl_http_done
 *fill*         0x0000000000024098        0x8 
 .text.Curl_checkProxyheaders
                0x00000000000240a0       0x90 /opt/devkitpro/portlibs/switch/lib/libcurl.a(libcurl_la-http.o)
                0x00000000000240a0                Curl_checkProxyheaders
 .text.output_auth_headers
                0x0000000000024130      0x3dc /opt/devkitpro/portlibs/switch/lib/libcurl.a(libcurl_la-http.o)
 *fill*         0x000000000002450c        0x4 
 .text.Curl_copy_header_value
                0x0000000000024510      0x100 /opt/devkitpro/portlibs/switch/lib/libcurl.a(libcurl_la-http.o)
                0x0000000000024510                Curl_copy_header_value
 .text.Curl_http_auth_act
                0x0000000000024610      0x2e8 /opt/devkitpro/portlibs/switch/lib/libcurl.a(libcurl_la-http.o)
                0x0000000000024610                Curl_http_auth_act
 *fill*         0x00000000000248f8        0x8 
 .text.Curl_http_output_auth
                0x0000000000024900      0x17c /opt/devkitpro/portlibs/switch/lib/libcurl.a(libcurl_la-http.o)
                0x0000000000024900                Curl_http_output_auth
 *fill*         0x0000000000024a7c        0x4 
 .text.Curl_http_input_auth
                0x0000000000024a80      0x1dc /opt/devkitpro/portlibs/switch/lib/libcurl.a(libcurl_la-http.o)
                0x0000000000024a80                Curl_http_input_auth
 *fill*         0x0000000000024c5c        0x4 
 .text.Curl_add_buffer_init
                0x0000000000024c60       0x1c /opt/devkitpro/portlibs/switch/lib/libcurl.a(libcurl_la-http.o)
                0x0000000000024c60                Curl_add_buffer_init
 *fill*         0x0000000000024c7c        0x4 
 .text.Curl_add_buffer_free
                0x0000000000024c80       0x58 /opt/devkitpro/portlibs/switch/lib/libcurl.a(libcurl_la-http.o)
                0x0000000000024c80                Curl_add_buffer_free
 *fill*         0x0000000000024cd8        0x8 
 .text.Curl_add_buffer_send
                0x0000000000024ce0      0x238 /opt/devkitpro/portlibs/switch/lib/libcurl.a(libcurl_la-http.o)
                0x0000000000024ce0                Curl_add_buffer_send
 *fill*         0x0000000000024f18        0x8 
 .text.Curl_add_buffer
                0x0000000000024f20      0x148 /opt/devkitpro/portlibs/switch/lib/libcurl.a(libcurl_la-http.o)
                0x0000000000024f20                Curl_add_buffer
 *fill*         0x0000000000025068        0x8 
 .text.Curl_add_bufferf
                0x0000000000025070       0xf8 /opt/devkitpro/portlibs/switch/lib/libcurl.a(libcurl_la-http.o)
                0x0000000000025070                Curl_add_bufferf
 *fill*         0x0000000000025168        0x8 
 .text.Curl_http_connect
                0x0000000000025170      0x194 /opt/devkitpro/portlibs/switch/lib/libcurl.a(libcurl_la-http.o)
                0x0000000000025170                Curl_http_connect
 *fill*         0x0000000000025304        0xc 
 .text.Curl_compareheader
                0x0000000000025310      0x100 /opt/devkitpro/portlibs/switch/lib/libcurl.a(libcurl_la-http.o)
                0x0000000000025310                Curl_compareheader
 .text.expect100
                0x0000000000025410       0xcc /opt/devkitpro/portlibs/switch/lib/libcurl.a(libcurl_la-http.o)
 *fill*         0x00000000000254dc        0x4 
 .text.Curl_http_compile_trailers
                0x00000000000254e0       0xf0 /opt/devkitpro/portlibs/switch/lib/libcurl.a(libcurl_la-http.o)
                0x00000000000254e0                Curl_http_compile_trailers
 .text.Curl_add_custom_headers
                0x00000000000255d0      0x408 /opt/devkitpro/portlibs/switch/lib/libcurl.a(libcurl_la-http.o)
                0x00000000000255d0                Curl_add_custom_headers
 *fill*         0x00000000000259d8        0x8 
 .text.Curl_add_timecondition
                0x00000000000259e0      0x158 /opt/devkitpro/portlibs/switch/lib/libcurl.a(libcurl_la-http.o)
                0x00000000000259e0                Curl_add_timecondition
 *fill*         0x0000000000025b38        0x8 
 .text.Curl_http
                0x0000000000025b40     0x1734 /opt/devkitpro/portlibs/switch/lib/libcurl.a(libcurl_la-http.o)
                0x0000000000025b40                Curl_http
 *fill*         0x0000000000027274        0xc 
 .text.Curl_http_readwrite_headers
                0x0000000000027280     0x10c8 /opt/devkitpro/portlibs/switch/lib/libcurl.a(libcurl_la-http.o)
                0x0000000000027280                Curl_http_readwrite_headers
 *fill*         0x0000000000028348        0x8 
 .text.pausewrite
                0x0000000000028350      0x11c /opt/devkitpro/portlibs/switch/lib/libcurl.a(libcurl_la-sendf.o)
 *fill*         0x000000000002846c        0x4 
 .text.Curl_recv_has_postponed_data
                0x0000000000028470        0x8 /opt/devkitpro/portlibs/switch/lib/libcurl.a(libcurl_la-sendf.o)
                0x0000000000028470                Curl_recv_has_postponed_data
 *fill*         0x0000000000028478        0x8 
 .text.Curl_sendf
                0x0000000000028480      0x1b0 /opt/devkitpro/portlibs/switch/lib/libcurl.a(libcurl_la-sendf.o)
                0x0000000000028480                Curl_sendf
 .text.Curl_write
                0x0000000000028630       0x7c /opt/devkitpro/portlibs/switch/lib/libcurl.a(libcurl_la-sendf.o)
                0x0000000000028630                Curl_write
 *fill*         0x00000000000286ac        0x4 
 .text.Curl_read_plain
                0x00000000000286b0       0x68 /opt/devkitpro/portlibs/switch/lib/libcurl.a(libcurl_la-sendf.o)
                0x00000000000286b0                Curl_read_plain
 *fill*         0x0000000000028718        0x8 
 .text.Curl_read
                0x0000000000028720       0x80 /opt/devkitpro/portlibs/switch/lib/libcurl.a(libcurl_la-sendf.o)
                0x0000000000028720                Curl_read
 .text.Curl_debug