0000000000000000 0000000000000004 b g_fsPriority
0000000000000000 a __start__
0000000000000000 T _start
0000000000000000 b _TLS_MODULE_BASE_
0000000000000004 0000000000000001 b g_resolverDisableServiceDiscovery
0000000000000008 0000000000000004 b g_resolverCancelHandle
000000000000000c 0000000000000004 b g_resolverResult
0000000000000010 0000000000000004 b fsdev_last_result
0000000000000018 0000000000000401 B __nx_dev_path_buf
00000000000000e0 T __nx_exit
00000000000000f0 T __nx_mod0
0000000000000140 0000000000000034 T exit
0000000000000180 0000000000000f88 T main
000000000000041c 0000000000000004 B g_bsdErrno
0000000000000420 0000000000000004 B g_bsdResult
0000000000001120 t __do_global_dtors_aux
0000000000001180 t frame_dummy
00000000000011b0 0000000000000280 T catalog_enumerate(CatalogEntry*, int)
0000000000001430 0000000000000074 T catalog_hash(CatalogEntry const*, int)
00000000000014b0 00000000000000dc T catalog_build_json(CatalogEntry const*, int, char*, int)
0000000000001590 0000000000000068 T config_apply_device_suffix(char*, unsigned long)
0000000000001600 0000000000000454 T config_load(FsFileSystem*)
0000000000001a60 000000000000026c T config_set_device_token(FsFileSystem*, char const*)
0000000000001cd0 000000000000006c T crc_init()
0000000000001d40 000000000000003c T crc_run(unsigned int, void const*, unsigned long)
0000000000001d80 00000000000001f4 T fs_log(FsFileSystem*, char const*, ...)
0000000000001f80 00000000000000ac T fs_write_text_file(FsFileSystem*, char const*, char const*)
0000000000002030 00000000000000b0 T fs_read_text_file(FsFileSystem*, char const*, char*, unsigned long)
00000000000020e0 0000000000000004 T ensure_dir(FsFileSystem*, char const*)
00000000000020f0 0000000000000060 T path_join(char*, unsigned long, char const*, char const*)
0000000000002150 000000000000013c t set_state(FsmState, FsFileSystem*)
0000000000002290 00000000000000b8 t fsm_block_title(char const*)
0000000000002350 00000000000002fc t do_idle(FsFileSystem*, InputSnapshot const*)
0000000000002650 000000000000009c T title_label(unsigned long, char*, unsigned long)
00000000000026f0 0000000000000658 t do_delivering(FsFileSystem*, InputSnapshot const*) [clone .isra.0]
0000000000002d50 000000000000064c t do_uploading(FsFileSystem*, InputSnapshot const*) [clone .isra.0]
00000000000033a0 0000000000000088 T fsm_is_title_inject_blocked(char const*)
0000000000003430 000000000000005c T fsm_is_key_deferred(char const*)
0000000000003490 0000000000000050 T fsm_init()
00000000000034e0 0000000000000020 T fsm_on_wake()
0000000000003500 0000000000000210 T fsm_tick(FsFileSystem*, InputSnapshot const*)
0000000000003710 000000000000000c T fsm_get_state()
0000000000003720 0000000000000024 T game_event_signal(unsigned long)
0000000000003750 0000000000000018 T game_event_drain()
0000000000003770 000000000000012c t make_curl(char const*, char*)
00000000000038a0 0000000000000070 t cb_write_buf(char*, unsigned long, unsigned long, void*)
0000000000003910 0000000000000078 t cb_read(char*, unsigned long, unsigned long, void*)
0000000000003990 0000000000000018 t progress_cb(void*, long, long, long, long)
00000000000039b0 0000000000000094 t finish_curl(void*, char*)
0000000000003a50 0000000000000410 t cb_write_window(char*, unsigned long, unsigned long, void*)
0000000000003e60 0000000000000250 T http_upload_handle_create()
00000000000040b0 0000000000000234 T http_download_handle_create()
00000000000042f0 0000000000000040 T http_handle_close(void*)
0000000000004330 0000000000000258 T http_put_window(void*, char const*, FsFileSystem*, char const*, long, long, char*, int)
0000000000004590 0000000000000220 T http_get_window_validated(void*, char const*, FsFileSystem*, char const*, long, long, CheckpointLedger const*, long, long)
00000000000047b0 00000000000001a0 T http_post_json(char const*, char const*, char*, int)
0000000000004950 000000000000017c T http_post_empty(char const*, char*, int)
0000000000004ad0 0000000000000160 T http_get_body(char const*, char*, int)
0000000000004c30 000000000000000c T http_ping(char const*)
0000000000004c40 00000000000000ec t psc_thread_func(void*)
0000000000004d30 0000000000000524 t poll_device_config(FsFileSystem*)
0000000000005260 0000000000000130 t game_monitor_func(void*)
0000000000005390 000000000000002c T __libnx_initheap
00000000000053c0 00000000000000dc T __appInit
00000000000054a0 0000000000000038 T __appExit
00000000000054e0 0000000000000078 T get_posix_utc()
0000000000005560 00000000000000a0 T format_local_time(char*, unsigned long, unsigned long)
0000000000005600 0000000000000090 T make_ts_folder(char*, unsigned long, unsigned long)
0000000000005690 0000000000000150 T get_title_name(unsigned long, char*, unsigned long)
00000000000057e0 00000000000000c8 T refresh_dns_servers()
00000000000058b0 0000000000000078 T wait_network_ready()
0000000000005930 00000000000001d0 T notif_push(char const*, char const*)
0000000000005b00 0000000000000014 T notif_verbose(char const*, char const*)
0000000000005b20 0000000000000c34 T recovery_sweep(FsFileSystem*, RecoverySweepMode)
0000000000006760 0000000000000148 T clear_save_root(FsFileSystem*)
00000000000068b0 00000000000003bc T dump_all_saves()
0000000000006c70 00000000000000c0 T snap_hash_read(FsFileSystem*, unsigned long, char const*, unsigned int*)
0000000000006d30 00000000000000ec T snap_hash_write(FsFileSystem*, unsigned long, char const*, unsigned int)
0000000000006e20 000000000000012c T sig_read(FsFileSystem*, unsigned long, char const*, SaveSignature*)
0000000000006f50 000000000000013c T sig_write(FsFileSystem*, unsigned long, char const*, SaveSignature const*)
0000000000007090 00000000000000a8 T snap_hash_update_from_archive(FsFileSystem*, char const*, char const*)
0000000000007140 0000000000000194 t stat_save_dir(FsFileSystem*, char const*, SaveSignature*, int)
00000000000072e0 00000000000000f4 t peek_save_data_size(FsFileSystem*, char const*)
00000000000073e0 00000000000002d8 T open_save_fs(unsigned long, char const*, FsFileSystem*)
00000000000076c0 000000000000016c T save_enum_title_uids(unsigned long, char (*) [17], int)
0000000000007830 000000000000043c T save_extract(unsigned long, char const*, FsFileSystem*, char*, unsigned long)
0000000000007c70 0000000000000504 T save_inject(char const*, FsFileSystem*, char const*)
0000000000008180 0000000000000058 t wU32(FsFile*, long*, unsigned int)
00000000000081e0 0000000000000058 t wU16(FsFile*, long*, unsigned short)
0000000000008240 000000000000000c t cmp_ent(void const*, void const*)
0000000000008250 0000000000000258 t enum_dir(FsFileSystem*, char const*, char const*)
00000000000084b0 00000000000008ac T pack_save(FsFileSystem*, char const*, FsFileSystem*, char const*, unsigned long, unsigned int*, int*)
0000000000008d60 0000000000000620 T unpack_save(FsFileSystem*, char const*, FsFileSystem*, unsigned long*)
0000000000009380 0000000000000244 T zip_fingerprint(FsFileSystem*, char const*, unsigned int*)
00000000000095d0 00000000000000b8 t atomic_write(FsFileSystem*, char const*, char const*)
0000000000009690 000000000000006c t write_device_json(FsFileSystem*)
0000000000009700 00000000000000ec t _bk_str(char const*, char const*, char*, unsigned long)
00000000000097f0 0000000000000098 t iso_utc_now(char*, unsigned long)
0000000000009890 00000000000004d0 T state_write_status(FsFileSystem*, FsmState, char const*, long, long)
0000000000009d60 0000000000000294 T state_init(FsFileSystem*)
000000000000a000 0000000000000290 T state_append_event(FsFileSystem*, char const*, char const*)
000000000000a290 000000000000000c T state_get_sync_generation()
000000000000a2a0 000000000000000c T state_set_sync_generation(FsFileSystem*, unsigned int)
000000000000a2b0 00000000000003d0 T state_apply_backup_updates(FsFileSystem*, char const*)
000000000000a680 000000000000014c T state_write_last_restore(FsFileSystem*, char const*, char const*, int)
000000000000a7d0 00000000000000b8 T state_write_lineage(FsFileSystem*, char const*, char const*, char const*, int)
000000000000a890 00000000000001d4 T state_read_lineage(FsFileSystem*, char const*, char const*, char*, unsigned long, int*)
000000000000aa70 0000000000000004 T state_atomic_write(FsFileSystem*, char const*, char const*)
000000000000aa80 0000000000000214 t _parse_obj(char const*, SyncPrefEntry*, int) [clone .constprop.0]
000000000000aca0 0000000000000090 T sync_prefs_load(FsFileSystem*)
000000000000ad30 00000000000001bc T sync_prefs_apply_from_queue(FsFileSystem*, char const*)
000000000000aef0 0000000000000054 T sync_prefs_is_enabled(unsigned long)
000000000000af50 0000000000000228 T sync_prefs_apply_game_names(char const*)
000000000000b180 000000000000007c T sync_prefs_get_game_name(unsigned long, char*, unsigned long)
000000000000b200 0000000000000104 t json_str(char const*, char const*, char*, unsigned long) [clone .constprop.0]
000000000000b310 0000000000000150 T transport_ack(FsFileSystem*, char const*)
000000000000b460 0000000000000150 T transport_error_fail(FsFileSystem*, char const*)
000000000000b5b0 00000000000000ec t json_str(char const*, char const*, char*, unsigned long)
000000000000b6a0 00000000000000b4 t json_int(char const*, char const*, long long)
000000000000b760 0000000000000d24 T transport_poll_inbound(FsFileSystem*)
000000000000c490 00000000000000b4 t json_int(char const*, char const*, long long)
000000000000c550 0000000000000104 t json_str(char const*, char const*, char*, unsigned long) [clone .constprop.0]
000000000000c660 0000000000000fe8 T transport_upload(FsFileSystem*, char const*, int*, bool)
000000000000d650 00000000000000a4 t curl_global_init
000000000000d700 0000000000000020 t curl_global_cleanup
000000000000d720 00000000000000a8 t curl_easy_init
000000000000d7d0 0000000000000170 t curl_easy_perform
000000000000d940 0000000000000020 t curl_easy_cleanup
000000000000d960 0000000000000030 t curl_easy_getinfo
000000000000d990 0000000000000024 t conn_is_conn
000000000000d9c0 00000000000000f4 t connect_SOCKS
000000000000dac0 0000000000000060 t verifyconnect
000000000000db20 00000000000000f4 t Curl_timeleft
000000000000dc20 0000000000000074 t Curl_persistconninfo
000000000000dca0 0000000000000248 t Curl_updateconninfo.part.0
000000000000def0 0000000000000014 t Curl_updateconninfo
000000000000df10 00000000000000a4 t Curl_getconnectinfo
000000000000dfc0 0000000000000060 t Curl_connalive
000000000000e020 00000000000000b0 t Curl_closesocket
000000000000e0d0 0000000000000130 t Curl_socket
000000000000e200 0000000000000880 t singleipconnect
000000000000ea80 00000000000000dc t trynextip
000000000000eb60 00000000000004bc t Curl_is_connected
000000000000f020 000000000000011c t Curl_connecthost
000000000000f140 0000000000000048 t Curl_conncontrol
000000000000f190 000000000000006c t Curl_conn_data_pending
000000000000f200 0000000000000010 t trhash
000000000000f210 0000000000000014 t trhash_compare
000000000000f230 0000000000000004 t trhash_dtor
000000000000f240 0000000000000014 t sh_freeentry
000000000000f260 0000000000000014 t fd_key_compare
000000000000f280 0000000000000010 t hash_fd
000000000000f290 0000000000000158 t multi_getsock
000000000000f3f0 00000000000004e0 t singlesocket
000000000000f8d0 000000000000009c t multi_timeout.part.0
000000000000f970 00000000000000f8 t add_next_timeout.isra.0
000000000000fa70 0000000000000558 t Curl_multi_wait.part.0
000000000000ffd0 00000000000001b8 t Curl_multi_handle
0000000000010190 0000000000000014 t Curl_multiplex_wanted
00000000000101b0 000000000000001c t Curl_attach_connnection
00000000000101d0 0000000000000044 t curl_multi_poll
0000000000010220 000000000000009c t curl_multi_info_read
00000000000102c0 00000000000000b0 t Curl_multi_closed
0000000000010370 000000000000021c t curl_multi_setopt
0000000000010590 00000000000000cc t Curl_update_timer
0000000000010660 000000000000022c t Curl_expire
0000000000010890 0000000000000174 t curl_multi_add_handle
0000000000010a10 0000000000000078 t process_pending_handles
0000000000010a90 00000000000002e4 t multi_done
0000000000010d80 0000000000000130 t curl_multi_cleanup
0000000000010eb0 0000000000001384 t multi_runsingle
0000000000012240 0000000000000110 t curl_multi_perform
0000000000012350 000000000000003c t Curl_expire_done
0000000000012390 00000000000000c4 t Curl_expire_clear
0000000000012460 000000000000003c t Curl_init_completed
00000000000124a0 000000000000020c t curl_multi_remove_handle
00000000000126b0 0000000000000014 t Curl_multi_max_host_connections
00000000000126d0 0000000000000014 t Curl_multi_max_total_connections
00000000000126f0 0000000000000028 t Curl_set_in_callback
0000000000012720 0000000000000050 t Curl_share_lock
0000000000012770 0000000000000050 t Curl_share_unlock
00000000000127c0 0000000000000088 t Curl_input_digest
0000000000012850 00000000000001e0 t Curl_output_digest
0000000000012a30 0000000000000030 t Curl_http_auth_cleanup_digest
0000000000012a60 0000000000000440 t curl_easy_strerror
0000000000012ea0 0000000000000104 t Curl_strerror
0000000000012fb0 0000000000000054 t Curl_wait_ms
0000000000013010 00000000000001fc t Curl_socket_check
0000000000013210 0000000000000104 t Curl_poll
0000000000013320 000000000000014c t Curl_splay
0000000000013470 00000000000000ac t Curl_splayinsert
0000000000013520 00000000000000b0 t Curl_splaygetbest
00000000000135d0 00000000000000ec t Curl_splayremovebyaddr
00000000000136c0 0000000000000054 t Curl_memdup
0000000000013720 0000000000000058 t Curl_saferealloc
0000000000013780 000000000000003c t Curl_SOCKS_getsock
00000000000137c0 00000000000005c4 t Curl_SOCKS4
0000000000013d90 0000000000000a68 t Curl_SOCKS5
0000000000014800 0000000000000058 t Curl_slist_append_nodup
0000000000014860 0000000000000094 t curl_slist_append
0000000000014900 000000000000005c t curl_slist_free_all
0000000000014960 0000000000000040 t curlx_nonblock
00000000000149a0 0000000000000004 t curlx_ultous
00000000000149b0 0000000000000004 t curlx_ultouc
00000000000149c0 0000000000000008 t curlx_uztosi
00000000000149d0 0000000000000004 t curlx_uztoui
00000000000149e0 0000000000000008 t curlx_sltosi
00000000000149f0 0000000000000004 t curlx_sltous
0000000000014a00 0000000000000008 t curlx_uztosz
0000000000014a10 0000000000000004 t curlx_sotouz
0000000000014a20 0000000000000024 t Curl_connect_complete
0000000000014a50 0000000000000024 t Curl_connect_ongoing
0000000000014a80 0000000000000038 t Curl_connect_free
0000000000014ac0 0000000000000bfc t Curl_proxyCONNECT
00000000000156c0 000000000000013c t Curl_proxy_connect
0000000000015800 0000000000000008 t conn_llist_dtor
0000000000015810 0000000000000044 t free_bundle_hash_entry
0000000000015860 0000000000000090 t Curl_conncache_init
00000000000158f0 000000000000000c t Curl_conncache_destroy
0000000000015900 0000000000000014 t Curl_conncache_unlock
0000000000015920 0000000000000068 t Curl_conncache_size
0000000000015990 00000000000000c0 t Curl_conncache_find_bundle
0000000000015a50 000000000000017c t Curl_conncache_add_conn
0000000000015bd0 0000000000000148 t Curl_conncache_remove_conn
0000000000015d20 00000000000000ec t Curl_conncache_foreach
0000000000015e10 0000000000000128 t Curl_conncache_extract_bundle
0000000000015f40 000000000000018c t Curl_conncache_extract_oldest
00000000000160d0 00000000000000d8 t Curl_conncache_return_conn
00000000000161b0 00000000000000e0 t Curl_conncache_close_all_connections
0000000000016290 00000000000000c0 t escape_string
0000000000016350 000000000000004c t mime_mem_seek
00000000000163a0 0000000000000034 t mime_mem_free
00000000000163e0 0000000000000098 t mime_mem_read
0000000000016480 00000000000000b0 t readback_bytes
0000000000016530 0000000000000044 t mime_file_free
0000000000016580 0000000000000080 t mime_file_read
0000000000016600 0000000000000090 t mime_file_seek
0000000000016690 0000000000000474 t readback_part
0000000000016b10 0000000000000310 t read_part_content.part.0
0000000000016e20 0000000000000098 t search_header
0000000000016ec0 0000000000000104 t mime_subparts_seek
0000000000016fd0 0000000000000048 t mime_subparts_unbind
0000000000017020 00000000000000d0 t Curl_mime_cleanpart
00000000000170f0 00000000000000a8 t curl_mime_free.part.0
00000000000171a0 0000000000000048 t mime_subparts_free
00000000000171f0 0000000000000098 t curl_mime_init
0000000000017290 0000000000000038 t Curl_mime_initpart
00000000000172d0 0000000000000090 t curl_mime_addpart
0000000000017360 0000000000000070 t curl_mime_name
00000000000173d0 0000000000000070 t curl_mime_filename
0000000000017440 00000000000001c4 t curl_mime_filedata.part.0
0000000000017610 0000000000000118 t curl_mime_data
0000000000017730 000000000000008c t curl_mime_filedata
00000000000177c0 0000000000000070 t curl_mime_type
0000000000017830 000000000000007c t curl_mime_headers
00000000000178b0 00000000000000ac t curl_mime_data_cb
0000000000017960 0000000000000138 t Curl_mime_set_subparts
0000000000017aa0 0000000000000008 t curl_mime_subparts
0000000000017ab0 0000000000000050 T Curl_mime_read
0000000000017b00 0000000000000094 t Curl_mime_rewind
0000000000017ba0 0000000000000188 t Curl_mime_size
0000000000017d30 00000000000000b8 t Curl_mime_add_header
0000000000017df0 00000000000000ac t Curl_mime_contenttype
0000000000017ea0 000000000000055c t Curl_mime_prepare_headers
0000000000018400 00000000000000cc t setstropt_userpwd
00000000000184d0 00000000000000a4 t Curl_setstropt
0000000000018580 0000000000002d24 t Curl_vsetopt
000000000001b2b0 000000000000006c t curl_easy_setopt
000000000001b320 0000000000000024 t Curl_isspace
000000000001b350 0000000000000024 t Curl_isdigit
000000000001b380 0000000000000024 t Curl_isalnum
000000000001b3b0 0000000000000028 t Curl_isxdigit
000000000001b3e0 0000000000000030 t Curl_isgraph
000000000001b410 0000000000000024 t Curl_isalpha
000000000001b440 0000000000000024 t Curl_isupper
000000000001b470 0000000000000024 t Curl_iscntrl
000000000001b4a0 0000000000000058 t auth_digest_sha256_to_ascii
000000000001b500 0000000000000058 t auth_digest_md5_to_ascii
000000000001b560 000000000000054c t auth_create_digest_http_message
000000000001bab0 0000000000000118 t Curl_auth_digest_get_pair
000000000001bbd0 0000000000000008 t Curl_auth_is_digest_supported
000000000001bbe0 0000000000000864 t Curl_auth_create_digest_md5_message
000000000001c450 0000000000000088 t Curl_auth_create_digest_http_message
000000000001c4e0 0000000000000098 t Curl_auth_digest_cleanup
000000000001c580 00000000000004bc t Curl_auth_decode_digest_http_message
000000000001ca40 0000000000000004 T Curl_none_cleanup
000000000001ca50 0000000000000008 T Curl_none_shutdown
000000000001ca60 0000000000000008 T Curl_none_check_cxn
000000000001ca70 0000000000000008 T Curl_none_random
000000000001ca80 0000000000000004 T Curl_none_close_all
000000000001ca90 0000000000000008 T Curl_none_data_pending
000000000001caa0 0000000000000008 T Curl_none_cert_status_request
000000000001cab0 0000000000000008 T Curl_none_set_engine
000000000001cac0 0000000000000008 T Curl_none_set_engine_default
000000000001cad0 0000000000000008 T Curl_none_engines_list
000000000001cae0 000000000000018c t Curl_multissl_version
000000000001cc70 00000000000000a4 t ssl_connect_init_proxy
000000000001cd20 0000000000000068 t ssl_prefs_check
000000000001cd90 000000000000007c T Curl_none_md5sum
000000000001ce10 00000000000000d0 t multissl_init.part.0
000000000001cee0 000000000000007c t Curl_multissl_close
000000000001cf60 0000000000000078 t Curl_multissl_get_internals
000000000001cfe0 0000000000000080 t Curl_multissl_connect_nonblocking
000000000001d060 0000000000000078 t Curl_multissl_connect
000000000001d0e0 0000000000000058 t Curl_multissl_init
000000000001d140 000000000000007c t Curl_ssl_free_certinfo.part.0
000000000001d1c0 0000000000000004 T Curl_none_session_free
000000000001d1d0 0000000000000008 T Curl_none_false_start
000000000001d1e0 00000000000000e0 t Curl_ssl_config_matches
000000000001d2c0 00000000000001f4 t Curl_clone_primary_ssl_config
000000000001d4c0 00000000000000a4 t Curl_free_primary_ssl_config
000000000001d570 0000000000000040 t Curl_ssl_backend
000000000001d5b0 0000000000000030 t Curl_ssl_init
000000000001d5e0 0000000000000038 t Curl_ssl_cleanup
000000000001d620 00000000000000b4 t Curl_ssl_connect
000000000001d6e0 00000000000000c8 t Curl_ssl_connect_nonblocking
000000000001d7b0 000000000000006c t Curl_ssl_kill_session
000000000001d820 0000000000000098 t Curl_ssl_close_all
000000000001d8c0 0000000000000008 t Curl_ssl_getsock
000000000001d8d0 0000000000000014 t Curl_ssl_close
000000000001d8f0 000000000000007c t Curl_ssl_shutdown
000000000001d970 0000000000000014 t Curl_ssl_set_engine
000000000001d990 0000000000000014 t Curl_ssl_set_engine_default
000000000001d9b0 0000000000000014 t Curl_ssl_engines_list
000000000001d9d0 0000000000000064 t Curl_ssl_initsessions
000000000001da40 0000000000000014 t Curl_ssl_check_cxn
000000000001da60 0000000000000014 t Curl_ssl_data_pending
000000000001da80 0000000000000010 t Curl_ssl_free_certinfo
000000000001da90 000000000000006c t Curl_ssl_init_certinfo
000000000001db00 0000000000000124 t Curl_ssl_push_certinfo_len
000000000001dc30 000000000000004c t Curl_ssl_push_certinfo
000000000001dc80 0000000000000014 t Curl_ssl_random
000000000001dca0 00000000000004dc t Curl_pin_peer_pubkey
000000000001e180 0000000000000014 t Curl_ssl_cert_status_request
000000000001e1a0 0000000000000014 t Curl_ssl_false_start
000000000001e1c0 0000000000000014 t Curl_ssl_tls13_ciphersuites
000000000001e1e0 0000000000000008 t Curl_libnx_get_internals
000000000001e1f0 000000000000002c t Curl_libnx_sha256sum
000000000001e220 0000000000000058 t Curl_libnx_close
000000000001e280 0000000000000074 t libnx_send
000000000001e300 00000000000000a0 t libnx_recv
000000000001e3a0 0000000000000020 t Curl_libnx_version
000000000001e3c0 00000000000000d4 t load_file
000000000001e4a0 0000000000000180 t load_capath
000000000001e620 000000000000046c t libnx_connect_step2
000000000001ea90 0000000000000028 t Curl_libnx_random
000000000001eac0 000000000000004c t Curl_libnx_data_pending
000000000001eb10 0000000000000060 t Curl_libnx_check_cxn
000000000001eb70 0000000000000014 t Curl_libnx_cleanup
000000000001eb90 0000000000000038 t Curl_libnx_init
000000000001ebd0 00000000000008c8 t libnx_connect_common
000000000001f4a0 000000000000000c t Curl_libnx_connect_nonblocking
000000000001f4b0 000000000000001c t Curl_libnx_connect
000000000001f4d0 0000000000000064 t Curl_now
000000000001f540 0000000000000074 t Curl_timediff
000000000001f5c0 0000000000000054 t Curl_timediff_us
000000000001f620 00000000000001e4 t base64_encode.isra.0
000000000001f810 000000000000021c t Curl_base64_decode
000000000001fa30 000000000000000c t Curl_base64_encode
000000000001fa40 000000000000000c t Curl_base64url_encode
000000000001fa50 0000000000000024 t hostcache_timestamp_remove
000000000001fa80 0000000000000054 t freednsentry
000000000001fae0 0000000000000098 t create_hostcache_id.constprop.0
000000000001fb80 0000000000000124 t fetch_addr.isra.0
000000000001fcb0 0000000000000020 t Curl_num_addresses
000000000001fcd0 000000000000002c t Curl_printable_address
000000000001fd00 0000000000000084 t Curl_hostcache_prune
000000000001fd90 0000000000000084 t Curl_fetch_addr
000000000001fe20 000000000000029c t Curl_cache_addr
00000000000200c0 0000000000000258 t Curl_resolv
0000000000020320 000000000000008c t Curl_resolv_timeout
00000000000203b0 00000000000000cc t Curl_resolv_unlock
0000000000020480 0000000000000020 t Curl_mk_dnscache
00000000000204a0 000000000000007c t Curl_hostcache_clean
0000000000020520 0000000000000434 t Curl_loadhostpairs
0000000000020960 0000000000000018 t Curl_resolv_check
0000000000020980 0000000000000008 t Curl_resolv_getsock
0000000000020990 0000000000000060 t Curl_once_resolved
00000000000209f0 0000000000000104 t time2str
0000000000020b00 00000000000001b0 t max5data
0000000000020cb0 0000000000000018 t Curl_pgrsResetTransferSizes
0000000000020cd0 0000000000000150 t Curl_pgrsTime
0000000000020e20 00000000000000c0 t Curl_pgrsLimitWaitTime
0000000000020ee0 0000000000000008 t Curl_pgrsSetDownloadCounter
0000000000020ef0 00000000000000b0 t Curl_ratelimit
0000000000020fa0 000000000000006c t Curl_pgrsStartNow
0000000000021010 0000000000000008 t Curl_pgrsSetUploadCounter
0000000000021020 000000000000002c t Curl_pgrsSetDownloadSize
0000000000021050 000000000000002c t Curl_pgrsSetUploadSize
0000000000021080 000000000000062c t Curl_pgrsUpdate
00000000000216b0 000000000000005c t Curl_pgrsDone
0000000000021710 0000000000000090 t freecookie
00000000000217a0 0000000000000020 t cookie_sort_ct
00000000000217c0 00000000000000a8 t remove_expired
0000000000021870 000000000000014c t cookie_sort
00000000000219c0 0000000000000088 t tailmatch
0000000000021a50 0000000000000104 t sanitize_cookie_path
0000000000021b60 00000000000000f0 t get_netscape_format
0000000000021c50 00000000000000dc t cookiehash
0000000000021d30 0000000000000e58 t Curl_cookie_add
0000000000022b90 0000000000000404 t Curl_cookie_getlist
0000000000022fa0 000000000000005c t Curl_cookie_clearall
0000000000023000 0000000000000038 t Curl_cookie_freelist
0000000000023040 00000000000000ac t Curl_cookie_clearsess
00000000000230f0 0000000000000080 t Curl_cookie_cleanup
0000000000023170 0000000000000280 t Curl_cookie_init
00000000000233f0 00000000000000a4 t Curl_cookie_loadfiles
00000000000234a0 00000000000000f0 t Curl_cookie_list
0000000000023590 00000000000003c8 t Curl_flush_cookies
0000000000023960 0000000000000084 t pickoneauth
00000000000239f0 0000000000000060 t http_should_fail
0000000000023a50 0000000000000010 t http_getsock_do
0000000000023a60 00000000000000ac t http_setup_conn
0000000000023b10 0000000000000018 t https_getsock
0000000000023b30 0000000000000050 t https_connecting
0000000000023b80 00000000000000e4 t readmoredata
0000000000023c70 0000000000000108 t header_append
0000000000023d80 00000000000000f0 t http_perhapsrewind
0000000000023e70 00000000000000bc t checkhttpprefix.isra.0
0000000000023f30 0000000000000068 t checkprotoprefix.isra.0
0000000000023fa0 00000000000000f8 t Curl_http_done
00000000000240a0 0000000000000090 t Curl_checkProxyheaders
0000000000024130 00000000000003dc t output_auth_headers
0000000000024510 0000000000000100 t Curl_copy_header_value
0000000000024610 00000000000002e8 t Curl_http_auth_act
0000000000024900 000000000000017c t Curl_http_output_auth
0000000000024a80 00000000000001dc t Curl_http_input_auth
0000000000024c60 000000000000001c t Curl_add_buffer_init
0000000000024c80 0000000000000058 t Curl_add_buffer_free
0000000000024ce0 0000000000000238 t Curl_add_buffer_send
0000000000024f20 0000000000000148 t Curl_add_buffer
0000000000025070 00000000000000f8 t Curl_add_bufferf
0000000000025170 0000000000000194 t Curl_http_connect
0000000000025310 0000000000000100 t Curl_compareheader
0000000000025410 00000000000000cc t expect100
00000000000254e0 00000000000000f0 t Curl_http_compile_trailers
00000000000255d0 0000000000000408 t Curl_add_custom_headers
00000000000259e0 0000000000000158 t Curl_add_timecondition
0000000000025b40 0000000000001734 T Curl_http
0000000000027280 00000000000010c8 t Curl_http_readwrite_headers
0000000000028350 000000000000011c t pausewrite
0000000000028470 0000000000000008 t Curl_recv_has_postponed_data
0000000000028480 00000000000001b0 t Curl_sendf
0000000000028630 000000000000007c t Curl_write
00000000000286b0 0000000000000068 t Curl_read_plain
0000000000028720 0000000000000080 t Curl_read
00000000000287a0 00000000000000d4 t Curl_debug
0000000000028880 0000000000000124 t Curl_infof
00000000000289b0 0000000000000120 t Curl_failf
0000000000028ad0 00000000000000cc T Curl_recv_plain
0000000000028ba0 0000000000000418 t Curl_client_write
0000000000028fc0 00000000000000d8 t Curl_send_plain
00000000000290a0 000000000000003c t Curl_write_plain
00000000000290e0 0000000000000194 t get_protocol_family
0000000000029280 00000000000000c0 t up_free
0000000000029340 0000000000000214 t conn_free
0000000000029560 00000000000000d8 t setup_range
0000000000029640 0000000000000078 t zonefrom_url
00000000000296c0 000000000000004c t strip_trailing_dot
0000000000029710 00000000000000f4 t parse_proxy_auth
0000000000029810 00000000000003bc t parse_proxy
0000000000029bd0 0000000000000114 t call_extract_if_dead
0000000000029cf0 000000000000009c t Curl_freeset
0000000000029d90 0000000000000204 t Curl_close
0000000000029fa0 00000000000001d4 t Curl_init_userdefined
000000000002a180 0000000000000100 t Curl_open
000000000002a280 0000000000000174 t Curl_disconnect
000000000002a400 000000000000006c t Curl_verboseconnect
000000000002a470 0000000000000028 t Curl_is_ASCII_name
000000000002a4a0 000000000000004c t Curl_idnconvert_hostname
000000000002a4f0 0000000000000004 t Curl_free_idnconverted_hostname
000000000002a500 0000000000000054 t Curl_builtin_scheme
000000000002a560 0000000000000024 t Curl_uc_to_curlcode
000000000002a590 0000000000000050 t Curl_free_request_state
000000000002a5e0 00000000000003fc t Curl_parse_login_details
000000000002a9e0 000000000000013c t Curl_setup_conn
000000000002ab20 00000000000000ec t Curl_init_do
000000000002ac10 0000000000002530 t Curl_connect
000000000002d140 0000000000000108 t unescape_word
000000000002d250 0000000000000484 t dict_do
000000000002d6e0 0000000000000008 t Curl_ipv6_scope
000000000002d6f0 0000000000000108 t Curl_if2ip
000000000002d800 0000000000000010 t Curl_speedinit
000000000002d810 00000000000000d4 t Curl_speedcheck
000000000002d8f0 000000000000003c t curl_getenv
000000000002d930 000000000000005c t Curl_isunreserved
000000000002d990 00000000000001b4 t Curl_urldecode
000000000002db50 0000000000000014 t curl_free
000000000002db70 0000000000000038 t addbyter
000000000002dbb0 00000000000000d0 t alloc_addbyter
000000000002dc80 00000000000000ac t curl_msnprintf
000000000002dd30 0000000000001490 t dprintf_formatf
000000000002f1c0 000000000000006c t curl_mvsnprintf
000000000002f230 00000000000000ec t curl_maprintf
000000000002f320 00000000000000ac t curl_mvaprintf
000000000002f3d0 000000000000006c t curl_mfprintf
000000000002f440 0000000000000058 t telnet_done
000000000002f4a0 0000000000000294 t check_telnet_options
000000000002f740 00000000000001a4 t send_telnet_data
000000000002f8f0 00000000000003e4 t printsub.part.0
000000000002fce0 00000000000000e4 t printoption.part.0
000000000002fdd0 0000000000000094 t send_negotiation
000000000002fe70 0000000000000174 t sendsuboption
000000000002fff0 00000000000002e4 t suboption
00000000000302e0 0000000000000d88 t telnet_do
0000000000031070 00000000000004d8 t parsenetrc
0000000000031550 00000000000000e8 t Curl_parsenetrc
0000000000031640 00000000000000bc t Curl_initinfo
0000000000031700 000000000000067c t Curl_getinfo
0000000000031d80 000000000000006c t Curl_trailers_read
0000000000031df0 0000000000000078 t Curl_checkheaders
0000000000031e70 000000000000004c t Curl_get_upload_buffer
0000000000031ec0 0000000000000474 t Curl_fillreadbuffer
0000000000032340 00000000000001a0 t Curl_readrewind
00000000000324e0 0000000000000088 t Curl_meets_timecondition
0000000000032570 0000000000000040 t Curl_done_sending
00000000000325b0 0000000000000dcc t Curl_readwrite
0000000000033380 00000000000000bc t Curl_single_getsock
0000000000033440 0000000000000014 t Curl_init_CONNECT
0000000000033460 00000000000001f0 t Curl_pretransfer
0000000000033650 0000000000000008 t Curl_posttransfer
0000000000033660 00000000000002fc t Curl_follow
0000000000033960 000000000000014c t Curl_retry_request
0000000000033ab0 000000000000017c t Curl_setup_transfer
0000000000033c30 0000000000000020 t Curl_raw_toupper
0000000000033c50 00000000000000b8 t Curl_strcasecompare
0000000000033d10 0000000000000020 t Curl_safe_strcasecompare
0000000000033d30 00000000000000bc t Curl_strncasecompare
0000000000033df0 0000000000000044 t Curl_strntoupper
0000000000033e40 0000000000000004 t curl_strequal
0000000000033e50 0000000000000004 t curl_strnequal
0000000000033e60 0000000000000008 t fileinfo_dtor
0000000000033e70 0000000000000038 t Curl_wildcard_init
0000000000033eb0 0000000000000078 t Curl_wildcard_dtor
0000000000033f30 0000000000000010 t Curl_httpchunk_init
0000000000033f40 00000000000003f8 t Curl_httpchunk_read
0000000000034340 000000000000008c t Curl_chunked_strerror
00000000000343d0 000000000000000c t Curl_llist_init
00000000000343e0 0000000000000070 t Curl_llist_insert_next
0000000000034450 000000000000008c t Curl_llist_remove
00000000000344e0 00000000000000b8 t Curl_llist_destroy
00000000000345a0 0000000000000008 t Curl_llist_count
00000000000345b0 000000000000004c t hash_element_dtor
0000000000034600 00000000000000c8 t Curl_hash_init
00000000000346d0 00000000000000fc t Curl_hash_add
00000000000347d0 00000000000000bc t Curl_hash_delete
0000000000034890 00000000000000a8 t Curl_hash_pick
0000000000034940 0000000000000070 t Curl_hash_destroy
00000000000349b0 0000000000000088 t Curl_hash_clean
0000000000034a40 0000000000000108 t Curl_hash_clean_with_criterium
0000000000034b50 0000000000000030 T Curl_hash_str
0000000000034b80 0000000000000038 T Curl_str_key_compare
0000000000034bc0 0000000000000010 t Curl_hash_start_iterate
0000000000034bd0 000000000000007c t Curl_hash_next_element
0000000000034c50 000000000000001c t zalloc_cb
0000000000034c70 0000000000000018 t zfree_cb
0000000000034c90 0000000000000014 t identity_init_writer
0000000000034cb0 0000000000000004 t identity_close_writer
0000000000034cc0 0000000000000014 t client_init_writer
0000000000034ce0 00000000000000d0 t check_gzip_header.part.0
0000000000034db0 0000000000000020 t client_unencode_write
0000000000034dd0 0000000000000004 t error_close_writer
0000000000034de0 0000000000000004 t client_close_writer
0000000000034df0 0000000000000014 t error_init_writer
0000000000034e10 0000000000000020 t identity_unencode_write
0000000000034e30 00000000000000a4 t deflate_init_writer
0000000000034ee0 0000000000000098 t deflate_close_writer
0000000000034f80 0000000000000098 t gzip_close_writer
0000000000035020 00000000000000c8 t exit_zlib
00000000000350f0 00000000000000f0 t gzip_init_writer
00000000000351e0 0000000000000364 t inflate_stream
0000000000035550 0000000000000324 t gzip_unencode_write
0000000000035880 000000000000007c t deflate_unencode_write
0000000000035900 0000000000000120 t Curl_all_content_encodings
0000000000035a20 0000000000000064 t error_unencode_write
0000000000035a90 000000000000001c t Curl_unencode_write
0000000000035ab0 000000000000006c t Curl_unencode_cleanup
0000000000035b20 000000000000028c t Curl_build_unencoding_stack
0000000000035db0 0000000000000a50 t body
0000000000036800 000000000000002c t MD5_Init
0000000000036830 0000000000000214 t MD5_Final
0000000000036a50 00000000000000f0 t MD5_Update
0000000000036b40 00000000000000a8 T Curl_md5it
0000000000036bf0 0000000000000080 t Curl_MD5_init
0000000000036c70 0000000000000020 t Curl_MD5_update
0000000000036c90 0000000000000050 t Curl_MD5_final
0000000000036ce0 00000000000000cc t curlx_strtoofft
0000000000036db0 0000000000000010 t Curl_ipvalid
0000000000036dc0 00000000000000a4 t Curl_ipv4_resolve_r
0000000000036e70 000000000000006c t Curl_getaddrinfo
0000000000036ee0 00000000000005fc t parsedate.constprop.0
00000000000374e0 0000000000000048 t Curl_getdate_capped
0000000000037530 0000000000000028 t Curl_gmtime
0000000000037560 0000000000000058 t tftp_disconnect
00000000000375c0 0000000000000010 t tftp_getsock
00000000000375d0 00000000000002dc t tftp_rx
00000000000378b0 000000000000016c t tftp_set_timeouts
0000000000037a20 0000000000000364 t tftp_tx
0000000000037d90 00000000000001c4 t tftp_connect
0000000000037f60 00000000000000c4 t tftp_setup_connection
0000000000038030 0000000000000090 t tftp_translate_code.part.0
00000000000380c0 0000000000000054 t tftp_done
0000000000038120 00000000000004e4 t tftp_send_first
0000000000038610 0000000000000078 t tftp_state_machine
0000000000038690 00000000000005fc t tftp_multi_statemach
0000000000038c90 0000000000000070 t tftp_doing
0000000000038d00 00000000000000bc t tftp_do
0000000000038dc0 000000000000005c t Curl_freeaddrinfo
0000000000038e20 00000000000001a8 t Curl_getaddrinfo_ex
0000000000038fd0 00000000000001bc t Curl_he2ai
0000000000039190 0000000000000124 t Curl_ip2addr
00000000000392c0 000000000000006c t Curl_str2addr
0000000000039330 0000000000000040 t Curl_memrchr
0000000000039370 000000000000014c t imap_sendf
00000000000394c0 0000000000000008 t imap_getsock
00000000000394d0 0000000000000078 t imap_multi_statemach
0000000000039550 00000000000000ac t imap_get_message
0000000000039600 0000000000000184 t imap_atom
0000000000039790 00000000000000e0 t imap_perform_list
0000000000039870 0000000000000014 t imap_continue_authenticate
0000000000039890 0000000000000194 t imap_done
0000000000039a30 00000000000000bc t imap_perform_fetch
0000000000039af0 00000000000000f4 t imap_matchresp
0000000000039bf0 0000000000000318 t imap_endofresp
0000000000039f10 0000000000000024 t imap_perform_authenticate
0000000000039f40 00000000000000e0 t imap_perform_login
000000000003a020 00000000000000d4 t imap_perform_authentication
000000000003a100 000000000000019c t imap_connect
000000000003a2a0 0000000000000060 t imap_setup_connection
000000000003a300 0000000000000090 t imap_perform_upgrade_tls
000000000003a390 00000000000000b4 t imap_disconnect
000000000003a450 0000000000000878 t imap_do
000000000003acd0 00000000000008e4 t imap_statemach_act
000000000003b5c0 00000000000000bc t imap_doing
000000000003b680 0000000000000014 t pop3_continue_auth
000000000003b6a0 0000000000000008 t pop3_getsock
000000000003b6b0 0000000000000078 t pop3_multi_statemach
000000000003b730 0000000000000080 t pop3_done
000000000003b7b0 00000000000000ac t pop3_get_message
000000000003b860 00000000000000bc t pop3_endofresp
000000000003b920 000000000000002c t pop3_perform_auth
000000000003b950 000000000000011c t pop3_perform_apop.part.0
000000000003ba70 0000000000000270 t pop3_connect
000000000003bce0 00000000000000ac t pop3_disconnect
000000000003bd90 00000000000001a4 t pop3_do
000000000003bf40 0000000000000060 t pop3_setup_connection
000000000003bfa0 0000000000000098 t pop3_perform_upgrade_tls
000000000003c040 0000000000000118 t pop3_perform_authentication
000000000003c160 0000000000000078 t pop3_doing
000000000003c1e0 000000000000032c t Curl_pop3_write
000000000003c510 0000000000000664 t pop3_statemach_act
000000000003cb80 0000000000000014 t smtp_continue_auth
000000000003cba0 0000000000000008 t smtp_getsock
000000000003cbb0 0000000000000078 t smtp_multi_statemach
000000000003cc30 00000000000000ac t smtp_get_message
000000000003cce0 0000000000000100 t smtp_endofresp
000000000003cde0 00000000000000b4 t smtp_perform_authentication
000000000003cea0 0000000000000074 t smtp_parse_url_path
000000000003cf20 00000000000001c8 t smtp_done
000000000003d0f0 000000000000002c t smtp_perform_auth
000000000003d120 000000000000016c t smtp_connect
000000000003d290 00000000000000b4 t smtp_parse_address.constprop.0
000000000003d350 00000000000000c8 t smtp_perform_rcpt_to
000000000003d420 00000000000001f8 t smtp_perform_command
000000000003d620 0000000000000784 t smtp_do
000000000003ddb0 0000000000000058 t smtp_setup_connection
000000000003de10 0000000000000098 t smtp_perform_upgrade_tls
000000000003deb0 000000000000081c t smtp_statemach_act
000000000003e6d0 00000000000000ac t smtp_disconnect
000000000003e780 00000000000000bc t smtp_doing
000000000003e840 0000000000000200 t Curl_smtp_escape_eob
000000000003ea40 000000000000009c t Curl_pp_state_timeout
000000000003eae0 00000000000001fc t Curl_pp_statemach
000000000003ece0 000000000000003c t Curl_pp_init
000000000003ed20 0000000000000190 t Curl_pp_vsendf
000000000003eeb0 0000000000000060 t Curl_pp_sendf
000000000003ef10 0000000000000318 t Curl_pp_readresp
000000000003f230 0000000000000020 t Curl_pp_getsock
000000000003f250 0000000000000094 t Curl_pp_flushsend
000000000003f2f0 0000000000000038 t Curl_pp_disconnect
000000000003f330 000000000000002c t Curl_pp_moredata
000000000003f360 0000000000000010 t rtsp_getsock_do
000000000003f370 000000000000004c t rtsp_setup_connection
000000000003f3c0 0000000000000038 t rtsp_disconnect
000000000003f400 0000000000000060 t rtsp_conncheck
000000000003f460 000000000000004c t rtsp_connect
000000000003f4b0 00000000000000a4 t rtsp_done
000000000003f560 00000000000009a4 t rtsp_do
000000000003ff10 00000000000002e8 t rtsp_rtp_readwrite
0000000000040200 00000000000001b0 t Curl_rtsp_parseheader
00000000000403b0 0000000000000054 t Curl_gethostname
0000000000040410 0000000000000260 t gopher_do
0000000000040670 0000000000000004 t Curl_sasl_cleanup
0000000000040680 00000000000000e8 t Curl_sasl_decode_mech
0000000000040770 00000000000000c0 t Curl_sasl_parse_url_auth_option
0000000000040830 000000000000001c t Curl_sasl_init
0000000000040850 0000000000000020 t Curl_sasl_can_authenticate
0000000000040870 00000000000003b0 t Curl_sasl_start
0000000000040c20 00000000000004bc t Curl_sasl_continue
00000000000410e0 0000000000000128 t Curl_rand
0000000000041210 00000000000000c0 t Curl_rand_hex
00000000000412d0 0000000000000144 t getASN1Element
0000000000041420 00000000000000b4 t octet2str
00000000000414e0 0000000000000178 t encodeUint
0000000000041660 00000000000002e8 t encodeOID
0000000000041950 00000000000000fc t OID2str.constprop.0
0000000000041a50 00000000000006f8 t ASN1tostr.constprop.0
0000000000042150 00000000000000a4 t do_pubkey_field
0000000000042200 0000000000000268 t encodeDN
0000000000042470 0000000000000074 t DNtostr
00000000000424f0 000000000000005c t dumpAlgo
0000000000042550 00000000000002b0 t Curl_parseX509
0000000000042800 00000000000008a4 t Curl_extract_certinfo
00000000000430b0 00000000000002c8 t sha256_compress.isra.0
0000000000043380 0000000000000248 T Curl_sha256it
00000000000435d0 000000000000009c t Curl_doh_done
0000000000043670 000000000000008c t doh_write_cb
0000000000043700 00000000000000d4 t cnameappend
00000000000437e0 00000000000005d0 t dohprobe
0000000000043db0 000000000000014c t Curl_doh
0000000000043f00 0000000000000bdc t Curl_doh_is_resolved
0000000000044ae0 00000000000000b4 t free_urlhandle
0000000000044ba0 00000000000000a4 t find_host_sep
0000000000044c50 000000000000018c t hostname_check
0000000000044de0 000000000000010c t strcpy_url
0000000000044ef0 00000000000000f0 t Curl_is_absolute_url
0000000000044fe0 0000000000000914 t seturl
0000000000045900 000000000000001c t curl_url
0000000000045920 000000000000003c t curl_url_cleanup
0000000000045960 0000000000000198 t curl_url_dup
0000000000045b00 00000000000005fc t curl_url_get
0000000000046100 0000000000000c2c t curl_url_set
0000000000046d30 0000000000000094 t Curl_get_line
0000000000046dd0 000000000000001c t Curl_rename
0000000000046df0 00000000000000f4 t Curl_os_get_system_proxy
0000000000046ef0 0000000000000054 t Curl_auth_build_spn
0000000000046f50 000000000000015c t Curl_auth_create_plain_message
00000000000470b0 00000000000000a4 t Curl_auth_create_login_message
0000000000047160 00000000000000a4 t Curl_auth_create_external_message
0000000000047210 0000000000000068 t Curl_auth_decode_cram_md5_message
0000000000047280 00000000000001cc t Curl_auth_create_cram_md5_message
0000000000047450 00000000000000bc t Curl_auth_create_oauth_bearer_message
0000000000047510 0000000000000094 t Curl_auth_create_xoauth_bearer_message
00000000000475b0 0000000000000050 t file_setup_connection
0000000000047600 000000000000005c t file_disconnect
0000000000047660 000000000000005c t file_done
00000000000476c0 000000000000055c t file_do
0000000000047c20 000000000000012c t file_connect
0000000000047d50 00000000000000a8 t setname
0000000000047e00 00000000000002c0 t Curl_getformdata.part.0
00000000000480c0 0000000000000060 t Curl_getformdata
0000000000048120 00000000000000ac t freedirs
00000000000481d0 0000000000000040 t ftp_multi_statemach
0000000000048210 0000000000000008 t ftp_getsock
0000000000048220 00000000000000a8 t ftp_connect
00000000000482d0 0000000000000088 t ftp_endofresp
0000000000048360 0000000000000188 t ftp_state_retr
00000000000484f0 00000000000000ac t ftp_state_use_pasv
00000000000485a0 00000000000000b0 t ftp_epsv_disable
0000000000048650 00000000000001f0 t ftp_state_ul_setup
0000000000048840 00000000000006dc t ftp_state_use_port
0000000000048f20 0000000000000470 t ftp_state_pasv_resp
0000000000049390 000000000000007c t ftp_timeleft_accept
0000000000049410 00000000000000b0 t InitiateTransfer
00000000000494c0 0000000000000040 t wc_data_dtor
0000000000049500 0000000000000390 t ftp_parse_url_path
0000000000049890 000000000000010c t ftp_setup_connection
00000000000499a0 00000000000000a4 t ftp_domore_getsock
0000000000049a50 000000000000012c t ftp_disconnect
0000000000049b80 00000000000000ac t ftp_doing
0000000000049c30 0000000000000160 t AcceptServerConnect
0000000000049d90 0000000000000098 t ftp_state_type
0000000000049e30 0000000000000064 t ftp_state_mdtm
0000000000049ea0 00000000000002a0 t ftp_state_quote
000000000004a140 0000000000000104 t ftp_state_prepare_transfer
000000000004a250 0000000000000064 t ftp_state_rest
000000000004a2c0 0000000000000064 t ftp_state_size
000000000004a330 00000000000002d0 t ftp_state_type_resp
000000000004a600 00000000000001fc t Curl_GetFTPResponse
000000000004a800 0000000000000158 t ReceivedServerConnect
000000000004a960 00000000000000e0 t AllowServerConnect
000000000004aa40 000000000000125c t ftp_statemach_act
000000000004bca0 0000000000000344 t ftp_do_more
000000000004bff0 0000000000000790 t ftp_do
000000000004c780 0000000000000644 t ftp_done
000000000004cdd0 000000000000001c t Curl_fileinfo_alloc
000000000004cdf0 0000000000000048 t Curl_fileinfo_cleanup
000000000004ce40 0000000000000178 t ftp_pl_insert_finfo.isra.0
000000000004cfc0 000000000000001c t Curl_ftp_parselist_data_alloc
000000000004cfe0 0000000000000044 t Curl_ftp_parselist_data_free
000000000004d030 0000000000000008 t Curl_ftp_parselist_geterror
000000000004d040 0000000000000dd8 T Curl_ftp_parselist
000000000004de20 0000000000000198 t Curl_HMAC_init
000000000004dfc0 0000000000000020 t Curl_HMAC_update
000000000004dfe0 000000000000008c t Curl_HMAC_final
000000000004e070 00000000000002e4 t Curl_dedotdotify
000000000004e360 0000000000000120 t Curl_range
000000000004e480 0000000000000044 T Curl_fnmatch
000000000004e4d0 0000000000000114 t updatewindow
000000000004e5f0 0000000000000050 t inflateStateCheck
000000000004e640 0000000000000080 T inflateResetKeep
000000000004e6c0 0000000000000050 T inflateReset
000000000004e710 00000000000000ac T inflateReset2
000000000004e7c0 0000000000000118 T inflateInit2_
000000000004e8e0 0000000000000010 T inflateInit_
000000000004e8f0 00000000000000b0 T inflatePrime
000000000004e9a0 00000000000018ec T inflate
0000000000050290 000000000000005c T inflateEnd
00000000000502f0 00000000000000d4 T inflateGetDictionary
00000000000503d0 00000000000000c0 T inflateSetDictionary
0000000000050490 0000000000000068 T inflateGetHeader
0000000000050500 0000000000000308 T inflateSync
0000000000050810 0000000000000070 T inflateSyncPoint
0000000000050880 00000000000001e0 T inflateCopy
0000000000050a60 0000000000000060 T inflateUndermine
0000000000050ac0 000000000000007c T inflateValidate
0000000000050b40 0000000000000090 T inflateMark
0000000000050bd0 0000000000000064 T inflateCodesUsed
0000000000050c40 000000000000047c t inflate_table
00000000000510c0 000000000000000c T zlibVersion
00000000000510d0 0000000000000008 T zlibCompileFlags
00000000000510e0 0000000000000030 T zError
0000000000051110 0000000000000008 T zcalloc
0000000000051120 0000000000000008 T zcfree
0000000000051130 00000000000003a0 T adler32_z
00000000000514d0 0000000000000008 T adler32
00000000000514e0 00000000000000e4 T adler32_combine
00000000000515d0 00000000000000e4 T adler32_combine64
00000000000516c0 000000000000000c T get_crc_table
00000000000516d0 00000000000003c4 T crc32_z
0000000000051aa0 0000000000000008 T crc32
0000000000051ab0 00000000000000cc T crc32_combine64
0000000000051b80 0000000000000004 T crc32_combine
0000000000051b90 0000000000000090 T crc32_combine_gen64
0000000000051c20 0000000000000004 T crc32_combine_gen
0000000000051c30 0000000000000044 T crc32_combine_op
0000000000051c80 00000000000004f4 t inflate_fast
0000000000052180 00000000000000b0 T __libnx_init_thread
0000000000052230 000000000000034c T threadCreate
0000000000052580 00000000000000a4 T threadExit
0000000000052630 00000000000000ac t _EntryWrap
00000000000526e0 0000000000000008 T threadStart
00000000000526f0 0000000000000064 t _memregionInitWithInfo
0000000000052760 0000000000000004 W __libnx_virtmem_rng
0000000000052770 0000000000000164 t _memregionFindRandom
00000000000528e0 0000000000000140 T virtmemSetup
0000000000052a20 000000000000000c T virtmemLock
0000000000052a30 000000000000000c T virtmemUnlock
0000000000052a40 0000000000000050 T virtmemFindAslr
0000000000052a90 0000000000000050 T virtmemFindStack
0000000000052ae0 0000000000000078 t _accountCleanup
0000000000052b60 00000000000002cc T accountInitialize
0000000000052e30 0000000000000048 T accountExit
0000000000052e80 0000000000000168 T accountListAllUsers
0000000000052ff0 00000000000000d0 T accountGetLastOpenedUser
00000000000530c0 000000000000010c T accountGetProfile
00000000000531d0 0000000000000064 T accountProfileClose
0000000000053240 00000000000001cc T accountProfileGet
0000000000053410 0000000000000108 t _appletCmdGetSession
0000000000053520 0000000000000284 t _appletStorageRW.part.0
00000000000537b0 00000000000000d4 t _appletCmdNoInOutU64.isra.0
0000000000053890 0000000000000090 T appletStorageClose
0000000000053920 00000000000000e0 T appletStorageGetSize
0000000000053a00 0000000000000018 T appletStorageRead
0000000000053a20 0000000000000154 T appletPopLaunchParameter
0000000000053b80 0000000000000078 t _csrngCleanup
0000000000053c00 000000000000009c T csrngInitialize
0000000000053ca0 0000000000000048 T csrngExit
0000000000053cf0 00000000000000dc T csrngGetRandomBytes
0000000000053dd0 00000000000000b4 t _fsCleanup
0000000000053e90 00000000000001c0 t _fsCmdNoIO
0000000000054050 00000000000001e0 t _fsFsCmdWithInPath
0000000000054230 00000000000001f8 t _fsFsCmdWithTwoInPaths
0000000000054430 000000000000028c t _fsFsOpenCommon
00000000000546c0 00000000000001fc t _fsFsCmdWithInPathAndOutU64
00000000000548c0 00000000000000f8 t _fsObjectClose
00000000000549c0 000000000000017c t _fsCmdGetSession.constprop.0
0000000000054b40 00000000000002f8 T fsInitialize
0000000000054e40 0000000000000048 T fsExit
0000000000054e90 0000000000000008 T fsOpenSdCardFileSystem
0000000000054ea0 0000000000000190 T fsCreateSaveDataFileSystem
0000000000055030 00000000000001a8 T fsExtendSaveDataFileSystem
00000000000551e0 00000000000001b8 T fsOpenSaveDataFileSystem
00000000000553a0 000000000000019c T fsOpenSaveDataInfoReader
0000000000055540 00000000000001ec T fsFsCreateFile
0000000000055730 0000000000000008 T fsFsDeleteFile
0000000000055740 0000000000000008 T fsFsCreateDirectory
0000000000055750 0000000000000008 T fsFsDeleteDirectory
0000000000055760 0000000000000008 T fsFsDeleteDirectoryRecursively
0000000000055770 0000000000000008 T fsFsRenameFile
0000000000055780 0000000000000008 T fsFsRenameDirectory
0000000000055790 00000000000001f0 T fsFsGetEntryType
0000000000055980 0000000000000008 T fsFsOpenFile
0000000000055990 0000000000000008 T fsFsOpenDirectory
00000000000559a0 0000000000000008 T fsFsCommit
00000000000559b0 0000000000000008 T fsFsGetFreeSpace
00000000000559c0 0000000000000008 T fsFsGetTotalSpace
00000000000559d0 0000000000000230 T fsFsGetFileTimeStampRaw
0000000000055c00 0000000000000004 T fsFsClose
0000000000055c10 0000000000000214 T fsFileRead
0000000000055e30 00000000000001f8 T fsFileWrite
0000000000056030 0000000000000008 T fsFileFlush
0000000000056040 00000000000001c0 T fsFileSetSize
0000000000056040 00000000000001c0 t fsFileSetSize.localalias
0000000000056200 00000000000001d4 T fsFileGetSize
0000000000056200 00000000000001d4 t fsFileGetSize.localalias
00000000000563e0 0000000000000004 T fsFileClose
00000000000563f0 0000000000000004 T fsDirClose
0000000000056400 0000000000000204 T fsDirRead
0000000000056610 0000000000000204 T fsSaveDataInfoReaderRead
0000000000056820 0000000000000004 T fsSaveDataInfoReaderClose
0000000000056830 000000000000013c t _nifmCleanup
0000000000056970 0000000000000130 t _nifmConvertSfToNetworkProfileData
0000000000056aa0 00000000000003c8 T nifmInitialize
0000000000056e70 0000000000000048 T nifmExit
0000000000056ec0 0000000000000128 T nifmGetCurrentNetworkProfile
0000000000056ff0 00000000000000e8 T nifmGetCurrentIpAddress
00000000000570e0 0000000000000138 T nifmGetCurrentIpConfigInfo
0000000000057220 00000000000000c8 t _nsCleanup
00000000000572f0 00000000000000f4 t _nsGetSession.isra.0
00000000000573f0 0000000000000284 T nsInitialize
0000000000057680 0000000000000048 T nsExit
00000000000576d0 000000000000005c T nsGetReadOnlyApplicationControlDataInterface
0000000000057730 0000000000000058 T nsGetApplicationManagerInterface
0000000000057790 0000000000000204 T nsGetApplicationControlData
00000000000579a0 00000000000001a8 T nsListApplicationRecord
0000000000057b50 00000000000000d0 t _pmCmdInU64OutU64
0000000000057c20 0000000000000078 t _pmdmntCleanup
0000000000057ca0 0000000000000078 t _pminfoCleanup
0000000000057d20 00000000000000a0 T pmdmntInitialize
0000000000057dc0 0000000000000048 T pmdmntExit
0000000000057e10 00000000000000a0 T pminfoInitialize
0000000000057eb0 0000000000000048 T pminfoExit
0000000000057f00 00000000000000e4 T pmdmntGetApplicationProcessId
0000000000057ff0 0000000000000010 T pminfoGetProgramId
0000000000058000 00000000000000a8 t _pscmCleanup
00000000000580b0 0000000000000228 T pscmInitialize
00000000000582e0 0000000000000048 T pscmExit
0000000000058330 00000000000000f8 T pscPmModuleGetRequest
0000000000058430 0000000000000188 T pscPmModuleAcknowledge
00000000000585c0 0000000000000094 T pscPmModuleClose
0000000000058660 0000000000000258 T pscmGetPmModule
00000000000588c0 00000000000000d0 t _setsysGetFirmwareVersionImpl
0000000000058990 0000000000000078 t _setsysCleanup
0000000000058a10 0000000000000078 t _setcalCleanup
0000000000058a90 00000000000000c8 t _setCmdNoInOutU32.isra.0
0000000000058b60 00000000000000a0 T setsysInitialize
0000000000058c00 0000000000000048 T setsysExit
0000000000058c50 00000000000000a0 T setcalInitialize
0000000000058cf0 0000000000000048 T setcalExit
0000000000058d40 0000000000000048 T setsysGetFirmwareVersion
0000000000058d90 0000000000000050 T setsysGetProductModel
0000000000058de0 00000000000000d4 T setcalGetBdAddress
0000000000058ec0 00000000000000cc t _smCmifCmdInPid
0000000000058f90 0000000000000078 t _smCleanup
0000000000059010 0000000000000048 T smAddOverrideHandle
0000000000059060 0000000000000054 T smGetServiceOverride
00000000000590c0 00000000000001ac T smInitialize
0000000000059270 0000000000000048 T smExit
00000000000592c0 00000000000000d0 T smGetServiceOriginal
0000000000059390 0000000000000120 T smGetServiceWrapper
00000000000594b0 00000000000000b4 t _sslCleanup
0000000000059570 00000000000001a0 t _sslCmdNoInOutU32
0000000000059710 0000000000000188 t _sslCmdNoIO
00000000000598a0 00000000000001b0 t _sslCmdInBufNoOut
0000000000059a50 000000000000018c t _sslCmdInU32NoOut
0000000000059be0 00000000000001c4 t _sslCmdOutBufOutU32
0000000000059db0 000000000000022c t _sslCmdNoInOutBufTwoOutU32s
0000000000059fe0 00000000000001a0 t _sslCmdInU8U32NoOut
000000000005a180 00000000000000f8 t _sslObjectClose
000000000005a280 0000000000000404 T sslInitialize
000000000005a690 0000000000000048 T sslExit
000000000005a6e0 0000000000000198 T sslCreateContext
000000000005a880 0000000000000004 T sslContextClose
000000000005a890 000000000000021c T sslContextCreateConnection
000000000005aab0 00000000000001ec T sslContextImportServerPki
000000000005aca0 0000000000000220 T sslContextImportClientPki
000000000005aec0 0000000000000004 T sslConnectionClose
000000000005aed0 00000000000001b8 T sslConnectionSetSocketDescriptor
000000000005b090 0000000000000028 T sslConnectionSetHostName
000000000005b0c0 0000000000000018 T sslConnectionSetVerifyOption
000000000005b0e0 0000000000000018 T sslConnectionSetIoMode
000000000005b100 0000000000000040 T sslConnectionDoHandshake
000000000005b140 0000000000000090 T sslConnectionGetServerCertDetail
000000000005b1d0 0000000000000030 T sslConnectionRead
000000000005b200 00000000000001e4 T sslConnectionWrite
000000000005b3f0 0000000000000018 T sslConnectionPending
000000000005b410 0000000000000030 T sslConnectionPeek
000000000005b440 0000000000000018 T sslConnectionGetVerifyCertError
000000000005b460 0000000000000018 T sslConnectionSetSessionCacheMode
000000000005b480 0000000000000024 T sslConnectionSetOption
000000000005b4b0 000000000000027c t _timeCleanup
000000000005b730 0000000000000100 t _timeCmdGetSession.constprop.0
000000000005b830 0000000000000104 t _timeReadClockFromSharedMem
000000000005b940 0000000000000300 T timeInitialize
000000000005bc40 0000000000000048 T timeExit
000000000005bc90 0000000000000038 T timeGetServiceSession_SystemClock
000000000005bcd0 00000000000000fc T timeGetCurrentTime
000000000005bdd0 0000000000000108 T timeToCalendarTimeWithMyRule
000000000005bee0 0000000000000114 T timeToPosixTimeWithMyRule
000000000005c000 00000000000001f4 t _sha256ProcessBlocks
000000000005c200 0000000000000028 T sha256ContextCreate
000000000005c230 00000000000000f4 T sha256ContextUpdate
000000000005c330 00000000000000ec T sha256ContextGetHash
000000000005c420 0000000000000040 T sha256CalculateHash
000000000005c460 0000000000000004 W __libnx_alloc
000000000005c470 0000000000000014 W __libnx_aligned_alloc
000000000005c490 0000000000000004 W __libnx_free
000000000005c4a0 000000000000001c W diagAbortWithResult
000000000005c4c0 0000000000000208 T envSetup
000000000005c6d0 0000000000000020 T envGetMainThreadHandle
000000000005c6f0 000000000000000c T envIsNso
000000000005c700 0000000000000014 T envHasArgv
000000000005c720 000000000000000c T envGetArgv
000000000005c730 000000000000000c T envGetExitFuncPtr
000000000005c740 000000000000000c T envHasRandomSeed
000000000005c750 0000000000000010 T envGetRandomSeed
000000000005c760 000000000000000c T envGetUserIdStorage
000000000005c770 0000000000000014 T hosversionGet
000000000005c790 0000000000000010 T hosversionSet
000000000005c7a0 0000000000000038 T freeaddrinfo
000000000005c7e0 00000000000005a0 T getaddrinfo
000000000005cd80 0000000000000070 T gethostid
000000000005cdf0 0000000000000034 T gethostname
000000000005ce30 0000000000000010 t fsdev_link
000000000005ce40 0000000000000010 t fsdev_dirreset
000000000005ce50 0000000000000010 t fsdev_chmod
000000000005ce60 0000000000000018 t error_cmp
000000000005ce80 0000000000000020 t fsdev_dirclose
000000000005cea0 000000000000001c t fsdev_close
000000000005cec0 0000000000000074 t fsdev_converttimetoutc
000000000005cf40 00000000000000f8 t fsdevFindDevice.part.0
000000000005d040 00000000000001cc t fsdev_fixpath
000000000005d210 000000000000009c t _fsdevUnmountDeviceStruct.part.0
000000000005d2b0 0000000000000010 t fsdev_fchmod
000000000005d2c0 0000000000000100 t fsdev_diropen
000000000005d3c0 00000000000000f8 t fsdev_statvfs
000000000005d4c0 000000000000007c t fsdev_fsync
000000000005d540 00000000000000ec t fsdev_fstat
000000000005d630 0000000000000094 t fsdev_ftruncate
000000000005d6d0 00000000000001d8 t fsdev_stat
000000000005d8b0 000000000000014c t fsdev_rename
000000000005da00 000000000000013c t fsdev_chdir
000000000005db40 00000000000000a4 t fsdev_rmdir
000000000005dbf0 00000000000000a4 t fsdev_mkdir
000000000005dca0 00000000000000a4 t fsdev_unlink
000000000005dd50 000000000000013c t fsdev_write_safe
000000000005de90 0000000000000134 t fsdev_read_safe
000000000005dfd0 0000000000000100 t fsdev_read
000000000005e0d0 00000000000001d4 t fsdev_dirnext
000000000005e2b0 0000000000000124 t fsdev_write
000000000005e3e0 0000000000000110 t fsdev_seek
000000000005e4f0 0000000000000230 t fsdev_open
000000000005e720 0000000000000324 T fsdevMountDevice
000000000005ea50 0000000000000040 T fsdevMountSdmc
000000000005ea90 0000000000000064 T fsdevUnmountAll
000000000005eb00 000000000000007c t _socketGetFd
000000000005eb80 00000000000000a4 t _socketParseBsdResult.part.0
000000000005ec30 0000000000000050 t _socketRead
000000000005ec80 0000000000000050 t _socketWrite
000000000005ecd0 0000000000000044 t _socketClose
000000000005ed20 000000000000008c t _socketOpen
000000000005edb0 000000000000001c T socketExit
000000000005edd0 00000000000001b4 T socketInitialize
000000000005ef90 00000000000000c4 T socketSslConnectionSetSocketDescriptor
000000000005f060 000000000000018c T poll
000000000005f1f0 0000000000000098 T socket
000000000005f290 000000000000005c T recv
000000000005f2f0 0000000000000064 T recvfrom
000000000005f360 000000000000005c T send
000000000005f3c0 000000000000006c T sendto
000000000005f430 00000000000000a0 T accept
000000000005f4d0 0000000000000060 T bind
000000000005f530 0000000000000060 T connect
000000000005f590 0000000000000058 T getpeername
000000000005f5f0 0000000000000058 T getsockname
000000000005f650 0000000000000060 T getsockopt
000000000005f6b0 0000000000000058 T listen
000000000005f710 0000000000000068 T setsockopt
000000000005f780 00000000000000bc T fcntl
000000000005f840 00000000000001e4 T ioctl
000000000005fa30 0000000000000020 T socketpair
000000000005fa50 00000000000001b4 t _inetAtonDetail
000000000005fc10 00000000000000d4 t inet_ntop4.part.0
000000000005fcf0 0000000000000454 T inet_ntop
0000000000060150 0000000000000280 T inet_pton
00000000000603d0 0000000000000128 T decode_utf8
00000000000604f8 T svcSetMemoryPermission
0000000000060500 T svcSetMemoryAttribute
0000000000060508 T svcMapMemory
0000000000060510 T svcUnmapMemory
0000000000060518 T svcQueryMemory
000000000006052c T svcExitProcess
0000000000060534 T svcCreateThread
0000000000060548 T svcStartThread
0000000000060550 T svcExitThread
0000000000060558 T svcSleepThread
0000000000060560 T svcMapSharedMemory
0000000000060568 T svcUnmapSharedMemory
0000000000060570 T svcCreateTransferMemory
0000000000060584 T svcCloseHandle
000000000006058c T svcArbitrateLock
0000000000060594 T svcArbitrateUnlock
000000000006059c T svcWaitProcessWideKeyAtomic
00000000000605a4 T svcSignalProcessWideKey
00000000000605ac T svcGetSystemTick
00000000000605b4 T svcConnectToNamedPort
00000000000605c8 T svcSendSyncRequest
00000000000605d0 T svcGetProcessId
00000000000605e4 T svcBreak
00000000000605ec T svcReturnFromException
00000000000605f4 T svcGetInfo
0000000000060608 T svcUnmapTransferMemory
0000000000060610 T __aarch64_read_tp
0000000000060620 000000000000000c T eventLoadRemote
0000000000060630 00000000000000c8 T mutexLock
0000000000060700 0000000000000068 T mutexUnlock
0000000000060770 000000000000001c T mutexIsLockedByCurrentThread
0000000000060790 0000000000000050 T rmutexLock
00000000000607e0 0000000000000018 T rmutexUnlock
0000000000060800 0000000000000410 T randomGet
0000000000060c10 0000000000000020 T randomGet64
0000000000060c30 0000000000000014 T shmemLoadRemote
0000000000060c50 0000000000000070 T shmemMap
0000000000060cc0 0000000000000034 T shmemUnmap
0000000000060d00 000000000000004c T shmemClose
0000000000060d50 00000000000000a8 T tmemCreate
0000000000060e00 000000000000002c T tmemCreateFromMemory
0000000000060e30 0000000000000034 T tmemUnmap
0000000000060e70 0000000000000030 T tmemCloseHandle
0000000000060ea0 0000000000000050 T tmemClose
0000000000060ef0 0000000000000184 T sessionmgrCreate
0000000000061080 0000000000000084 T sessionmgrClose
0000000000061110 00000000000000a8 T sessionmgrAttachClient
00000000000611c0 0000000000000060 T sessionmgrDetachClient
0000000000061220 00000000000000f4 t _bsdCleanup
0000000000061320 0000000000000144 t _bsdCmdInDomainTypeProtocol
0000000000061470 00000000000001ec t _bsdCmdInSockfdOutSockaddr
0000000000061660 00000000000001ac t _bsdCmdInSockfdSockaddr
0000000000061810 0000000000000124 t _bsdRegisterClient.constprop.0
0000000000061940 0000000000000358 T bsdInitialize
0000000000061ca0 0000000000000048 T bsdExit
0000000000061cf0 0000000000000008 T bsdSocket
0000000000061d00 00000000000001c8 T bsdOpen
0000000000061ed0 0000000000000250 T bsdPoll
0000000000062120 00000000000001bc T bsdRecv
00000000000622e0 0000000000000268 T bsdRecvFrom
0000000000062550 00000000000001c8 T bsdSend
0000000000062720 000000000000025c T bsdSendTo
0000000000062980 0000000000000008 T bsdAccept
0000000000062990 0000000000000008 T bsdBind
00000000000629a0 0000000000000008 T bsdConnect
00000000000629b0 0000000000000008 T bsdGetPeerName
00000000000629c0 0000000000000008 T bsdGetSockName
00000000000629d0 00000000000001f0 T bsdGetSockOpt
0000000000062bc0 0000000000000140 T bsdListen
0000000000062d00 0000000000000520 T bsdIoctl
0000000000063220 0000000000000178 T bsdFcntl
00000000000633a0 00000000000001c4 T bsdSetSockOpt
0000000000063570 00000000000001bc T bsdWrite
0000000000063730 00000000000001b0 T bsdRead
00000000000638e0 0000000000000134 T bsdClose
0000000000063a20 00000000000002ac T sfdnsresGetAddrInfoRequest
0000000000063cd0 0000000000000314 W argvSetup
0000000000063ff0 00000000000001fc T __nx_dynamic
00000000000641f0 000000000000002c W __libnx_init
0000000000064220 000000000000001c W __libnx_exit
0000000000064240 000000000000001c T __syscall_exit
0000000000064260 0000000000000034 T __syscall_getreent
00000000000642a0 0000000000000004 T __syscall_lock_acquire
00000000000642b0 0000000000000004 T __syscall_lock_release
00000000000642c0 0000000000000004 T __syscall_lock_acquire_recursive
00000000000642d0 0000000000000004 T __syscall_lock_release_recursive
00000000000642e0 00000000000000e8 T __syscall_clock_gettime
00000000000643d0 0000000000000088 T __syscall_gettod_r
0000000000064460 0000000000000098 T newlibSetup
0000000000064500 00000000000000e8 T nxlinkSetup
00000000000645f0 0000000000000030 T _convert_errno
0000000000064620 W __libnx_exception_entry
00000000000646ac t __libnx_exception_entry_start
00000000000647d4 t __libnx_exception_entry_abort
00000000000647d8 t __libnx_exception_entry_end
00000000000647e0 T __libnx_exception_returnentry
0000000000064800 0000000000000070 T condvarWaitTimeout
0000000000064880 00000000000000c4 T strncat
0000000000064960 0000000000000004 T _ftell_r
0000000000064980 000000000000001c T ftell
00000000000649a0 000000000000002c T fstat
00000000000649e0 0000000000000024 T getenv
0000000000064a20 00000000000000b0 T sscanf
0000000000064ae0 0000000000000134 t critical_factorization
0000000000064c20 00000000000002f0 t two_way_long_needle
0000000000064f20 0000000000000258 T strstr
0000000000065180 00000000000000cc T strchr
0000000000065260 0000000000000330 T _fread_r
00000000000655a0 0000000000000034 T fread
0000000000065600 00000000000000b8 T strnlen
00000000000656c0 00000000000000b4 T bsearch
0000000000065780 00000000000000a8 T fputc
0000000000065840 000000000000008c T open
0000000000065900 000000000000022c T memcpy
0000000000065900 T memmove
0000000000065b2c 0000000000000074 t get_arg
0000000000065ba0 0000000000003260 T __ssvfscanf_r
0000000000068e00 0000000000000120 T _fopen_r
0000000000068f20 000000000000002c T fopen
0000000000068f60 0000000000000058 t sulp
0000000000068fc0 00000000000012f8 T _strtod_l
000000000006a2c0 0000000000000040 T _strtod_r
000000000006a300 000000000000001c T close
000000000006a320 0000000000000028 T gmtime
000000000006a360 00000000000001a4 t _strtoull_l.isra.0
000000000006a520 0000000000000034 T _strtoull_r
000000000006a560 0000000000000040 T strtoull
000000000006a5c0 0000000000000104 T memset
000000000006a6e0 000000000000002c T gettimeofday
000000000006a720 0000000000000110 t rshift
000000000006a840 0000000000000860 T __gethex
000000000006b0a0 00000000000000f8 T snprintf
000000000006b1a0 00000000000000b4 T fileno
000000000006b260 00000000000001a4 t _strtoul_l.isra.0
000000000006b420 0000000000000034 T _strtoul_r
000000000006b460 0000000000000040 T strtoul
000000000006b4c0 000000000000012c T strcpy
000000000006b600 00000000000000d8 T _mbrtowc_r
000000000006b700 0000000000000104 T strrchr
000000000006b840 0000000000000150 T stpcpy
000000000006b9a0 0000000000000184 T _fgets_r
000000000006bb40 0000000000000034 T fgets
000000000006bb80 000000000000002c T calloc
000000000006bbc0 0000000000000044 T access
000000000006bc20 00000000000000d0 T __sccl
000000000006bd00 000000000000002c T aligned_alloc
000000000006bd40 000000000000018c T _memalign_r
000000000006bee0 0000000000000014 T __errno
000000000006bf00 00000000000000b0 T __swhatbuf_r
000000000006bfc0 00000000000000e8 T __smakebuf_r
000000000006c0c0 0000000000000034 T lseek
000000000006c100 0000000000000130 T strlen
000000000006c240 00000000000002c0 t _strtoll_l.isra.0
000000000006c500 0000000000000034 T _strtoll_r
000000000006c540 000000000000002c T __locale_mb_cur_max
000000000006c580 00000000000000bc T _calloc_r
000000000006c640 00000000000001ec T __sflush_r
000000000006c840 00000000000000bc T _fflush_r
000000000006c900 000000000000003c T fflush
000000000006c940 00000000000000a4 T _vsnprintf_r
000000000006ca00 0000000000000048 T vsnprintf
000000000006ca60 00000000000000f4 T _fwrite_r
000000000006cb60 0000000000000034 T fwrite
000000000006cba0 000000000000002c T realloc
000000000006cbe0 000000000000006c T strcspn
000000000006cc80 00000000000001b4 T strncmp
000000000006ce40 000000000000094c T qsort
000000000006ce40 000000000000094c t qsort.localalias
000000000006d7a0 0000000000000168 T _ftello_r
000000000006d920 00000000000000e4 T _putc_r
000000000006da20 0000000000000840 T _malloc_r
000000000006e260 0000000000000118 T __swbuf_r
000000000006e380 00000000000001c8 T memcmp
000000000006e560 000000000000011c T _malloc_trim_r
000000000006e680 00000000000002d8 T _free_r
000000000006e960 0000000000000048 T strspn
000000000006e9a8 00000000000000f0 T _sungetc_r
000000000006ea98 0000000000000070 T __ssrefill_r
000000000006eb08 00000000000000dc T _sfread_r
000000000006ec00 000000000000001c t stdio_exit_handler
000000000006ec20 000000000000006c t cleanup_stdio
000000000006eca0 0000000000000128 t global_stdio_init.part.0
000000000006ede0 000000000000000c T __sfp_lock_acquire
000000000006ee00 000000000000000c T __sfp_lock_release
000000000006ee20 0000000000000130 T __sfp
000000000006ef60 0000000000000054 T __sinit
000000000006efc0 000000000000001c T atoi
000000000006efe0 00000000000002c0 t _strtol_l.part.0
000000000006f2a0 0000000000000070 T _strtol_r
000000000006f320 0000000000000078 T strtol
000000000006f3a0 00000000000000a4 T __libc_init_array
000000000006f460 000000000000002c T rename
000000000006f4a0 00000000000000ac T strncpy
000000000006f560 0000000000000004 T _fseek_r
000000000006f580 0000000000000034 T fseek
000000000006f5c0 0000000000000038 T malloc
000000000006f600 000000000000001c T free
000000000006f620 000000000000002c T write
000000000006f660 000000000000012c T __swsetup_r
000000000006f7a0 00000000000000f4 T _findenv_r
000000000006f8a0 0000000000000008 T __localeconv_l
000000000006f8c0 0000000000000028 T _localeconv_r
000000000006f900 000000000000004c T __sread
000000000006f960 0000000000000008 T __seofread
000000000006f980 0000000000000070 T __swrite
000000000006fa00 0000000000000050 T __sseek
000000000006fa60 0000000000000008 T __sclose
000000000006fa80 0000000000000568 T _realloc_r
0000000000070000 000000000000001c T strdup
0000000000070020 000000000000000c T __malloc_lock
0000000000070040 000000000000000c T __malloc_unlock
0000000000070060 00000000000004c0 T _fseeko_r
0000000000070520 0000000000000130 T _fclose_r
0000000000070660 000000000000001c T fclose
0000000000070680 0000000000000048 T time
00000000000706e0 000000000000002c T read
0000000000070720 0000000000000004 W __call_exitprocs
0000000000070724 0000000000000790 t get_arg
0000000000070eb4 0000000000003a84 T _svfprintf_r
0000000000074940 00000000000000b8 T __sflags
0000000000074a00 000000000000002c T stat
0000000000074a40 0000000000000134 T strcmp
0000000000074b80 00000000000000e0 T __utf8_wctomb
0000000000074c60 0000000000000044 T __libc_fini_array
0000000000074cc0 00000000000002a0 T gmtime_r
0000000000074f60 00000000000000b0 T __xpg_strerror_r
0000000000075040 00000000000000dc T memchr
0000000000075120 0000000000000048 T __match
0000000000075180 000000000000025c T __hexnan
00000000000753e0 000000000000009c T sprintf
0000000000075480 00000000000000a8 T __strtok_r
0000000000075540 0000000000000008 T strtok_r
0000000000075560 000000000000001c T unlink
0000000000075580 0000000000000038 t lflush
00000000000755c0 0000000000000190 T __srefill_r
0000000000075760 000000000000000c T nan
0000000000075780 000000000000000c T nanf
00000000000757a0 000000000000007c T frexp
0000000000075820 00000000000000ac T stpncpy
00000000000758e0 000000000000000c T __env_lock
0000000000075900 000000000000000c T __env_unlock
0000000000075920 0000000000000064 T __assert_func
00000000000759a0 0000000000000054 T _strdup_r
0000000000075a00 0000000000000008 T iswspace
0000000000075a20 00000000000000a4 T _Balloc
0000000000075ae0 0000000000000020 T _Bfree
0000000000075b00 0000000000000118 T __multadd
0000000000075c20 0000000000000144 T __s2b
0000000000075d80 0000000000000094 T __hi0bits
0000000000075e20 0000000000000100 T __lo0bits
0000000000075f20 000000000000004c T __i2b
0000000000075f80 0000000000000210 T __multiply
00000000000761a0 0000000000000104 T __pow5mult
00000000000762c0 0000000000000174 T __lshift
0000000000076440 0000000000000050 T __mcmp
00000000000764a0 00000000000001c4 T __mdiff
0000000000076680 0000000000000084 T __ulp
0000000000076720 0000000000000168 T __b2d
00000000000768a0 000000000000014c T __d2b
0000000000076a00 00000000000000b0 T __ratio
0000000000076ac0 0000000000000074 T __copybits
0000000000076b40 0000000000000068 T __any_on
0000000000076bc0 0000000000000098 T _fwalk_sglue
0000000000076c60 00000000000000d0 T _wcrtomb_r
0000000000076d40 00000000000000b8 T __submore
0000000000076e00 00000000000000c8 T __ssprint_r
0000000000076ee0 00000000000002dc T __utf8_mbtowc
00000000000771c0 0000000000000080 T fiprintf
0000000000077240 00000000000004a4 T __sfvwrite_r
0000000000077700 0000000000000418 T _strerror_r
0000000000077b20 0000000000000018 T abort
0000000000077b40 0000000000000038 T __sprint_r
0000000000077b80 00000000000001a4 t quorem
0000000000077d40 00000000000012f0 T _dtoa_r
0000000000079040 0000000000000010 T _wcsrtombs_r
0000000000079060 0000000000000048 T iswspace_l
00000000000790c0 0000000000000008 T _user_strerror
00000000000790e0 0000000000000188 T __ssputs_r
0000000000079268 0000000000000790 t get_arg
00000000000799f8 0000000000002964 T _vfiprintf_r
000000000007c35c 00000000000000cc t __sbprintf
000000000007c440 0000000000000188 T _wcsnrtombs_l
000000000007c5e0 0000000000000054 T _wcsnrtombs_r
000000000007c640 000000000000009c T _raise_r
000000000007c6e0 000000000000001c T raise
000000000007c700 0000000000000084 T category
000000000007c7a0 0000000000000020 T _exit
000000000007c7c0 0000000000000030 T clock_gettime
000000000007c800 000000000000008c t __dirnext
000000000007c8a0 0000000000000110 T opendir
000000000007c9c0 00000000000000ac T closedir
000000000007ca80 0000000000000104 T readdir_r
000000000007cba0 0000000000000040 T readdir
000000000007cbe0 000000000000044c T fnmatch
000000000007cbe0 000000000000044c t fnmatch.localalias
000000000007d040 000000000000009c T _fstat_r
000000000007d0e0 0000000000000010 T _getpid_r
000000000007d100 0000000000000020 T __getreent
000000000007d120 0000000000000024 T _gettimeofday_r
000000000007d160 00000000000000a0 T __release_handle
000000000007d200 0000000000000130 T __alloc_handle
000000000007d340 0000000000000060 T __get_handle
000000000007d3a0 00000000000000f4 T _close_r
000000000007d4a0 0000000000000008 t null_write
000000000007d4c0 0000000000000018 T setDefaultDevice
000000000007d4e0 00000000000000b8 T FindDevice
000000000007d5a0 000000000000002c T RemoveDevice
000000000007d5e0 00000000000000a4 T AddDevice
000000000007d6a0 0000000000000034 T GetDeviceOpTab
000000000007d6e0 0000000000000008 T _isatty_r
000000000007d700 0000000000000010 T _kill_r
000000000007d720 00000000000000a0 T _lseek_r
000000000007d7c0 00000000000000f0 T _open_r
000000000007d8c0 00000000000000b0 T _read_r
000000000007d980 00000000000000a8 T _rename_r
000000000007da40 0000000000000078 W _sbrk_r
000000000007dac0 000000000000008c T _stat_r
000000000007db60 0000000000000014 T __libc_lock_acquire
000000000007db80 0000000000000014 T __libc_lock_release
000000000007dba0 0000000000000014 T __libc_lock_acquire_recursive
000000000007dbc0 0000000000000014 T __libc_lock_release_recursive
000000000007dbe0 0000000000000080 T _unlink_r
000000000007dc60 00000000000000b0 T _write_r
000000000007dd20 0000000000000134 t __extenddftf2
000000000007de60 0000000000000380 t __trunctfdf2
000000000007e1e0 0000000000000070 t __sfp_handle_exceptions
000000000007e250 T _init
000000000007e288 T _fini
000000000008a838 0000000000000008 r catalog_enumerate(CatalogEntry*, int)::SPACES
000000000008a890 0000000000000024 r __appInit::sock_cfg
000000000008a8c0 0000000000000008 r DUMP_SPACES
000000000008a8c8 0000000000000008 r SAVE_SPACES
000000000008a8f8 0000000000000010 r tv_zero.1
000000000008a9d0 0000000000000010 r tv_zero.1
000000000008af70 0000000000000080 r ascii
000000000008b038 000000000000000c r CSWTCH.69
000000000008b038 000000000000000c r CSWTCH.70
000000000008b050 0000000000000041 r base64url
000000000008b0a0 0000000000000041 r base64
000000000008b0f0 0000000000000015 r s_infotype.0
000000000008b108 0000000000000010 r CSWTCH.275
000000000008b238 0000000000000006 r strnil.0
000000000008b240 0000000000000006 r null.1
000000000008b250 0000000000000025 r upper_digits
000000000008b280 0000000000000025 r lower_digits
000000000008b390 0000000000000030 r month_days_cumulative.0
000000000008b3c0 000000000000033c r tz
000000000008b750 0000000000000001 r defaultVersion.0
000000000008b758 000000000000000a r sanOID
000000000008b768 0000000000000008 r cnOID
000000000008b770 0000000000000200 r K
000000000008b9c0 0000000000000021 r badbytes.0
000000000008ba28 000000000000000a r mode.0
000000000008ba38 000000000000000a r mode.1
000000000008ba48 0000000000000008 r ftpauth.2
000000000008ba68 0000000000000001 r hmac_opad
000000000008ba69 0000000000000001 r hmac_ipad
000000000008bab0 0000000000000800 r lenfix.1
000000000008c2b0 0000000000000080 r distfix.0
000000000008c330 0000000000000026 r order.2
000000000008c360 0000000000000040 r dext.0
000000000008c3a0 0000000000000040 r dbase.1
000000000008c3e0 000000000000003e r lext.2
000000000008c420 000000000000003e r lbase.3
000000000008c460 000000000000002f R inflate_copyright
000000000008c490 0000000000000400 r crc_table
000000000008c890 0000000000000080 r x2n_table
000000000008c910 0000000000002000 r crc_braid_table
000000000008e910 0000000000000020 r H_0.0
000000000008e940 0000000000000100 r s_roundConstants
000000000008ea58 0000000000000020 r error_table
000000000008ea78 0000000000000024 r g_defaultSocketInitConfig
000000000008eaa0 0000000000000011 r xdigits_u.0
000000000008eac0 0000000000000011 r xdigits_l.1
000000000008eae0 0000000000000011 r digits.2
000000000008eaf8 0000000000000038 r g_defaultBsdInitConfig
000000000008eb40 0000000000000086 r _error_code_map
000000000008ed10 0000000000000022 r basefix.0
000000000008ed38 0000000000000014 r fpinan.0
000000000008ed50 0000000000000014 r fpi.1
000000000008ed70 0000000000000028 r tinytens
000000000008ed98 0000000000000100 R __hexdig
000000000008ef90 0000000000000010 r zeroes.0
000000000008efa0 0000000000000010 r blanks.1
000000000008efb0 0000000000000101 R _ctype_
000000000008f0b8 000000000000000c r p05.0
000000000008f0c8 0000000000000028 R __mprec_bigtens
000000000008f0f0 00000000000000c8 R __mprec_tens
000000000008f1b8 000000000000006c R __action_table
000000000008f228 000000000000006c R __state_table
000000000008f298 0000000000000100 R __chclass
000000000008f5b0 0000000000000010 r zeroes.0
000000000008f5c0 0000000000000010 r blanks.1
000000000008f5d0 00000000000037f8 r categories
0000000000092dc8 r __tls_align
0000000000092dd0 r __EH_FRAME_BEGIN__
0000000000092dd0 r __eh_frame_hdr_end
0000000000092dd0 r __eh_frame_hdr_start
00000000000a43dc r __FRAME_END__
00000000000a5000 d __frame_dummy_init_array_entry
00000000000a5000 d __init_array_start
00000000000a5000 d __preinit_array_end
00000000000a5000 d __preinit_array_start
00000000000a5000 d __relro_start
00000000000a5008 d __do_global_dtors_aux_fini_array_entry
00000000000a5008 d __fini_array_start
00000000000a5008 d __init_array_end
00000000000a5010 00000000000000a0 d ctts.0
00000000000a5010 d __fini_array_end
00000000000a50b0 00000000000000c0 d Curl_ssl_multi
00000000000a5170 0000000000000088 D Curl_handler_https
00000000000a51f8 0000000000000088 D Curl_handler_http
00000000000a5280 0000000000000088 d Curl_handler_dummy
00000000000a5308 0000000000000088 D Curl_handler_dict
00000000000a5390 0000000000000088 D Curl_handler_telnet
00000000000a5420 00000000000000a0 d telnetcmds
00000000000a54c0 0000000000000140 d telnetoptions
00000000000a5600 0000000000000030 d error_encoding
00000000000a5630 0000000000000030 d client_encoding
00000000000a5660 0000000000000020 d encodings
00000000000a5680 0000000000000030 d identity_encoding
00000000000a56b0 0000000000000030 d gzip_encoding
00000000000a56e0 0000000000000030 d deflate_encoding
00000000000a5710 0000000000000020 D Curl_DIGEST_MD5
00000000000a5730 0000000000000028 D Curl_HMAC_MD5
00000000000a5760 0000000000000038 d weekday
00000000000a57a0 0000000000000060 D Curl_month
00000000000a5800 0000000000000038 D Curl_wkday
00000000000a5838 0000000000000088 D Curl_handler_tftp
00000000000a58c0 0000000000000030 d saslimap
00000000000a58f0 0000000000000088 D Curl_handler_imaps
00000000000a5978 0000000000000088 D Curl_handler_imap
00000000000a5a00 0000000000000030 d saslpop3
00000000000a5a30 0000000000000088 D Curl_handler_pop3s
00000000000a5ab8 0000000000000088 D Curl_handler_pop3
00000000000a5b40 0000000000000030 d saslsmtp
00000000000a5b70 0000000000000088 D Curl_handler_smtps
00000000000a5bf8 0000000000000088 D Curl_handler_smtp
00000000000a5c80 0000000000000088 D Curl_handler_rtsp
00000000000a5d08 0000000000000088 D Curl_handler_gopher
00000000000a5d90 00000000000000f0 d mechtable
00000000000a5e80 00000000000002f0 d OIDtable
00000000000a6170 0000000000000068 d errors
00000000000a61d8 0000000000000088 D Curl_handler_file
00000000000a6260 0000000000000088 D Curl_handler_ftps
00000000000a62e8 0000000000000088 D Curl_handler_ftp
00000000000a6370 0000000000000050 D z_errmsg
00000000000a63c0 0000000000000030 d servarray.0
00000000000a63f0 0000000000000100 d fsdev_devoptab
00000000000a64f0 0000000000000100 d g_socketDevoptab
00000000000a65f0 0000000000000100 D dotab_stdnull
00000000000a66f0 0000000000000088 d finit.2
00000000000a6778 00000000000000c0 D Curl_ssl_libnx
00000000000a6840 0000000000000088 d protocols
00000000000a68c8 a _DYNAMIC
00000000000a6a18 a _GLOBAL_OFFSET_TABLE_
00000000000a6a18 d __got_start__
00000000000a6e30 d __got_end__
00000000000a7000 d __data_start
00000000000a7000 0000000000000004 d s_retry_delay
00000000000a7010 0000000000000020 D s_fw_version
00000000000a7030 0000000000000010 D s_hw_type
00000000000a7040 0000000000000040 D s_device_id
00000000000a7080 0000000000000004 D s_heartbeat_ticks
00000000000a7084 0000000000000004 D __nx_fs_num_sessions
00000000000a7088 0000000000000004 D __nx_applet_type
00000000000a7090 0000000000000011 D s_uid_hex
00000000000a70a8 0000000000000008 D Curl_ccalloc
00000000000a70b0 0000000000000008 D Curl_cstrdup
00000000000a70b8 0000000000000008 D Curl_crealloc
00000000000a70c0 0000000000000008 D Curl_cfree
00000000000a70c8 0000000000000008 D Curl_cmalloc
00000000000a70d0 0000000000000010 d available_backends
00000000000a70e0 0000000000000008 D Curl_ssl
00000000000a70e8 0000000000000001 V __nx_fsdev_support_cwd
00000000000a70ec 0000000000000004 V __nx_fsdev_direntry_cache_size
00000000000a70f0 0000000000000008 V __nx_pollfd_sb_max_fds
00000000000a70f8 0000000000000008 d g_bsdClientPid
00000000000a7100 0000000000000008 V __nx_exception_stack_size
00000000000a7108 0000000000000008 D _impure_ptr
00000000000a7110 0000000000000240 D _impure_data
00000000000a7350 0000000000000290 D __global_locale
00000000000a75e0 0000000000000008 D __malloc_sbrk_base
00000000000a75e8 0000000000000008 D __malloc_trim_threshold
00000000000a75f0 0000000000000810 D __malloc_av_
00000000000a7e00 0000000000000018 D __sglue
00000000000a7e18 0000000000000008 D environ
00000000000a7e20 0000000000002000 d handles
00000000000a9e20 0000000000000010 d __stderr_handle
00000000000a9e30 0000000000000010 d __stdout_handle
00000000000a9e40 0000000000000010 d __stdin_handle
00000000000a9e50 0000000000000118 D devoptab_list
00000000000a9f68 0000000000000004 d defaultDevice
00000000000a9f70 b __bss_start__
00000000000a9f70 b completed.1
00000000000a9f70 d __tdata_lma
00000000000a9f70 d __tdata_lma_end
00000000000a9f78 b object.0
00000000000a9fa8 0000000000000004 B s_catalog_count
00000000000a9fb0 0000000000001000 B s_catalog_entries
00000000000aafb0 0000000000000001 B s_catalog_dirty
00000000000aafb8 0000000000000008 B s_catalog_hash
00000000000aafc0 000000000000022c B g_config
00000000000ab1ec 0000000000000001 B g_debug
00000000000ab1f0 0000000000000001 b s_rdy
00000000000ab200 0000000000000400 b s_tab
00000000000ab600 0000000000000004 b s_state
00000000000ab610 0000000000000036 b s_active_key
00000000000ab648 0000000000000004 b s_inject_blocked_count
00000000000ab650 0000000000000088 b s_inject_blocked
00000000000ab6e0 0000000000000036 b s_deferred_key
00000000000ab718 0000000000000008 b s_deferred_until_posix
00000000000ab720 0000000000000001 b s_unpaired_notif_shown
00000000000ab724 0000000000000004 b s_active_snap_id
00000000000ab730 0000000000000011 b s_inject_fail_tid
00000000000ab744 0000000000000004 b s_inject_fail_count
00000000000ab748 0000000000000004 b s_retry_ticks
00000000000ab750 0000000000000036 b s_upload_notif_key
00000000000ab788 0000000000000004 b s_fail_streak
00000000000ab790 0000000000000036 b s_fail_key
00000000000ab7c6 0000000000000001 b s_server_notified
00000000000ab7d0 0000000000000100 B g_http_last_err
00000000000ab8d0 0000000000000008 b s_upload_hdrs
00000000000ab8d8 0000000000000008 b s_download_hdrs
00000000000ab8e0 0000000000000001 B s_system_sleeping
00000000000ab8e8 0000000000000001 B s_needs_recovery
00000000000ab8f0 0000000000000007 b s_last_pairing_code
00000000000ab8f8 0000000000000008 B s_extracting_title
00000000000ab900 0000000000000008 B s_running_pid
00000000000ab908 0000000000000008 B s_running_title_id
00000000000ab910 0000000000000004 B s_socket_init_rc
00000000000ab920 0000000000000040 B g_dns_servers
00000000000ab960 0000000000000038 b s_psc_thread
00000000000ab998 0000000000000038 b s_game_monitor_thread
00000000000ab9d0 0000000000000008 B s_last_activity_posix
00000000000ab9d8 0000000000000004 B s_poll_hot_remain
00000000000ab9dc 0000000000000001 B s_network_was_down
00000000000ab9e0 0000000000000004 b s_extract_retry_count
00000000000ab9e8 0000000000000008 b s_extract_retry_title
00000000000ab9f0 0000000000000088 b main::uid_hexes
00000000000aba78 0000000000000001 B s_dirty
00000000000aba80 0000000000000008 B s_pending_extract_title
00000000000aba90 0000000000003500 b poll_device_config(FsFileSystem*)::body
00000000000aef90 0000000000003004 b poll_device_config(FsFileSystem*)::catalog_json
00000000000b1fa0 0000000000024000 b get_title_name(unsigned long, char*, unsigned long)::ns_ctrl
00000000000d5fa0 0000000000100000 b __libnx_initheap::inner_heap
00000000001d5fa0 0000000000000001 B s_save_space_id
00000000001d5fa8 0000000000000008 B s_save_data_id
00000000001d5fb0 0000000000000008 B s_save_data_size
00000000001d5fc0 0000000000010000 B s_copy_buf
00000000001e5fc0 0000000000000020 B s_device_nickname_hint
00000000001e5fe0 0000000000000021 B s_account_nickname
00000000001e6001 0000000000000001 B g_verbose_notif
00000000001e6010 0000000000000d80 b deduplicate_outbound(FsFileSystem*)::keys
00000000001e6d90 0000000000006020 b recover_state_orphans(FsFileSystem*)::tmp_names
00000000001ecdb0 0000000000006020 b recover_state_orphans(FsFileSystem*)::bak_names
00000000001f2dd0 0000000000000004 B s_key_seq
00000000001f2de0 0000000000000001 b s_arena_err
00000000001f2de4 0000000000000004 b s_ent_cnt
00000000001f2de8 0000000000000008 b s_path_cur
00000000001f2df0 0000000000000008 b s_ents
00000000001f2e00 0000000000080000 b s_arena
0000000000272e00 0000000000000004 b s_sync_generation
0000000000272e04 0000000000000004 b s_tick
0000000000272e08 00000000000003ca b s_events
00000000002731d4 0000000000000004 b s_event_count
00000000002731e0 0000000000001000 b s_ev_json
00000000002741e0 0000000000000004 b s_count
00000000002741e8 00000000000001c0 b s_game_names
00000000002743a8 0000000000000004 b s_game_names_count
00000000002743b0 0000000000001000 b s_prefs
00000000002753b0 0000000000010000 b transport_poll_inbound(FsFileSystem*)::queue_body
00000000002853b0 0000000000000004 b initialized
00000000002853b8 0000000000000008 b backends_len.0
00000000002853c0 00000000000000c8 b backends.1
0000000000285488 0000000000000008 b selected.2
0000000000285490 0000000000000001 b init_ssl
0000000000285494 0000000000000004 b randseed.0
0000000000285498 0000000000000001 b seeded.1
00000000002854a0 0000000000000060 b g_tlsDestructors
0000000000285500 0000000000000008 b g_tlsUsageMask
0000000000285510 0000000000000038 b g_mainThread
0000000000285548 0000000000000008 b g_threadList
0000000000285550 0000000000000004 b g_threadMutex
0000000000285554 0000000000000001 b g_IsLegacyKernel
0000000000285558 0000000000000008 b g_Reservations
0000000000285560 0000000000000010 b g_StackRegion
0000000000285570 0000000000000010 b g_AslrRegion
0000000000285580 0000000000000010 b g_HeapRegion
0000000000285590 0000000000000010 b g_AliasRegion
00000000002855a0 0000000000000004 b g_VirtmemMutex
00000000002855a8 0000000000000008 b g_accountGuard
00000000002855b0 0000000000000001 b g_accPreselectedUserInitialized
00000000002855c0 0000000000000010 b g_accPreselectedUserID
00000000002855d0 0000000000000010 b g_accSrv
00000000002855e0 0000000000000010 b g_appletIFunctions
00000000002855f0 0000000000000010 b g_appletSrv
0000000000285600 0000000000000008 b g_csrngGuard
0000000000285608 0000000000000010 b g_csrngSrv
0000000000285618 0000000000000008 b g_fsGuard
0000000000285620 0000000000000054 b g_fsSessionMgr
0000000000285678 0000000000000010 b g_fsSrv
0000000000285688 0000000000000008 b g_nifmGuard
0000000000285690 0000000000000010 b g_nifmIGS
00000000002856a0 0000000000000010 b g_nifmSrv
00000000002856b0 0000000000000004 b g_nifmServiceType
00000000002856b8 0000000000000008 b g_nsGuard
00000000002856c0 0000000000000010 b g_nsGetterSrv
00000000002856d0 0000000000000010 b g_nsAppManSrv
00000000002856e0 0000000000000008 b g_pminfoGuard
00000000002856e8 0000000000000010 b g_pminfoSrv
00000000002856f8 0000000000000008 b g_pmdmntGuard
0000000000285700 0000000000000010 b g_pmdmntSrv
0000000000285710 0000000000000008 b g_pscmGuard
0000000000285718 0000000000000010 b g_pscmSrv
0000000000285728 0000000000000008 b g_setcalGuard
0000000000285730 0000000000000008 b g_setsysGuard
0000000000285738 0000000000000010 b g_setcalSrv
0000000000285748 0000000000000010 b g_setsysSrv
0000000000285758 0000000000000008 b g_smGuard
0000000000285760 0000000000000008 b g_smOverridesNum
0000000000285768 0000000000000180 b g_smOverrides
00000000002858e8 0000000000000010 b g_smSrv
00000000002858f8 0000000000000008 b g_sslGuard
0000000000285900 0000000000000004 V __nx_ssl_service_type
0000000000285910 0000000000000054 b g_sslSessionMgr
0000000000285968 0000000000000010 b g_sslSrv
0000000000285978 0000000000000008 b g_timeGuard
0000000000285980 0000000000000020 b g_timeSharedmem
00000000002859a0 0000000000000010 b g_timeLocalSystemClock
00000000002859b0 0000000000000010 b g_timeTimeZoneService
00000000002859c0 0000000000000010 b g_timeSteadyClock
00000000002859d0 0000000000000010 b g_timeNetworkSystemClock
00000000002859e0 0000000000000010 b g_timeUserSystemClock
00000000002859f0 0000000000000010 b g_timeSrv
0000000000285a00 0000000000000004 V __nx_time_service_type
0000000000285a08 0000000000000008 b g_userIdStorage
0000000000285a10 0000000000000010 b g_randomSeed
0000000000285a20 0000000000000001 b g_hasRandomSeed
0000000000285a24 0000000000000004 b g_lastLoadResult
0000000000285a28 0000000000000008 b g_nextLoadArgv
0000000000285a30 0000000000000008 b g_nextLoadPath
0000000000285a38 0000000000000004 b g_processHandle
0000000000285a40 0000000000000018 b g_syscallHints
0000000000285a58 0000000000000008 b g_overrideArgv
0000000000285a60 0000000000000008 b g_overrideHeapSize
0000000000285a68 0000000000000008 b g_overrideHeapAddr
0000000000285a70 0000000000000008 b g_loaderRetAddr
0000000000285a78 0000000000000004 b g_mainThreadHandle
0000000000285a80 0000000000000008 b g_loaderInfoSize
0000000000285a88 0000000000000008 b g_loaderInfo
0000000000285a90 0000000000000001 b g_isNso
0000000000285a94 0000000000000004 b g_hosVersion
0000000000285aa0 0000000000002800 b fsdev_fsdevices
00000000002882a0 0000000000000004 b fsdev_fsdevice_cwd
00000000002882a4 0000000000000001 b fsdev_initialised
00000000002882a8 B __stack_top
00000000002882b0 0000000000000004 b g_randMutex
00000000002882b4 0000000000000001 b g_randInit
00000000002882c0 0000000000000040 b g_chacha
0000000000288300 0000000000000008 b g_bsdGuard
0000000000288308 0000000000000028 b g_bsdTmem
0000000000288330 0000000000000054 b g_bsdSessionMgr
0000000000288388 0000000000000010 b g_bsdMonitor
0000000000288398 0000000000000010 b g_bsdSrv
00000000002883a8 0000000000000008 b g_argv_empty
00000000002883b0 0000000000000008 B __system_argv
00000000002883b8 0000000000000004 B __system_argc
00000000002883c0 0000000000000340 B __nx_exceptiondump
0000000000288700 0000000000000004 V __nx_exception_ignoredebug
0000000000288710 0000000000000400 V __nx_exception_stack
0000000000288b10 0000000000000008 b __bootticks
0000000000288b18 0000000000000008 b __boottime
0000000000288b20 0000000000000004 B __nxlink_host
0000000000288b28 0000000000000050 B __malloc_current_mallinfo
0000000000288b78 0000000000000008 B __malloc_max_total_mem
0000000000288b80 0000000000000008 B __malloc_max_sbrked_mem
0000000000288b88 0000000000000008 B __malloc_top_pad
0000000000288b90 0000000000000008 b __sfp_recursive_mutex
0000000000288b98 0000000000000228 B __sf
0000000000288dc0 0000000000000008 B __stdio_exit_handler
0000000000288dc8 0000000000000008 b __malloc_recursive_mutex
0000000000288dd0 0000000000000008 b __env_recursive_mutex
0000000000288dd8 0000000000000008 b initial_env
0000000000288de0 0000000000000004 b __hndl_lock
0000000000288de8 0000000000000008 B fake_heap_start
0000000000288df0 0000000000000008 B fake_heap_end
0000000000288df8 0000000000000008 b heap_start.0
0000000000288e00 b __tls_start
0000000000289228 b __bss_end__
0000000000289228 b __end__
0000000000289228 b __tls_end
000000000028a000 b __argdata__
