Archive member included to satisfy reference by file (symbol)

/opt/devkitpro/portlibs/switch/lib/libcurl.a(libcurl_la-easy.o)
                              main.o (curl_global_init)
/opt/devkitpro/portlibs/switch/lib/libcurl.a(libcurl_la-connect.o)
                              /opt/devkitpro/portlibs/switch/lib/libcurl.a(libcurl_la-easy.o) (Curl_getconnectinfo)
/opt/devkitpro/portlibs/switch/lib/libcurl.a(libcurl_la-multi.o)
                              /opt/devkitpro/portlibs/switch/lib/libcurl.a(libcurl_la-easy.o) (Curl_multi_handle)
/opt/devkitpro/portlibs/switch/lib/libcurl.a(libcurl_la-share.o)
                              /opt/devkitpro/portlibs/switch/lib/libcurl.a(libcurl_la-multi.o) (Curl_share_lock)
/opt/devkitpro/portlibs/switch/lib/libcurl.a(libcurl_la-http_digest.o)
                              /opt/devkitpro/portlibs/switch/lib/libcurl.a(libcurl_la-easy.o) (Curl_http_auth_cleanup_digest)
/opt/devkitpro/portlibs/switch/lib/libcurl.a(libcurl_la-strerror.o)
                              http.o (curl_easy_strerror)
/opt/devkitpro/portlibs/switch/lib/libcurl.a(libcurl_la-select.o)
                              /opt/devkitpro/portlibs/switch/lib/libcurl.a(libcurl_la-multi.o) (Curl_wait_ms)
/opt/devkitpro/portlibs/switch/lib/libcurl.a(libcurl_la-splay.o)
                              /opt/devkitpro/portlibs/switch/lib/libcurl.a(libcurl_la-multi.o) (Curl_splay)
/opt/devkitpro/portlibs/switch/lib/libcurl.a(libcurl_la-strdup.o)
                              /opt/devkitpro/portlibs/switch/lib/libcurl.a(libcurl_la-easy.o) (Curl_memdup)
/opt/devkitpro/portlibs/switch/lib/libcurl.a(libcurl_la-socks.o)
                              /opt/devkitpro/portlibs/switch/lib/libcurl.a(libcurl_la-multi.o) (Curl_SOCKS_getsock)
/opt/devkitpro/portlibs/switch/lib/libcurl.a(libcurl_la-slist.o)
                              http.o (curl_slist_append)
/opt/devkitpro/portlibs/switch/lib/libcurl.a(libcurl_la-nonblock.o)
                              /opt/devkitpro/portlibs/switch/lib/libcurl.a(libcurl_la-connect.o) (curlx_nonblock)
/opt/devkitpro/portlibs/switch/lib/libcurl.a(libcurl_la-warnless.o)
                              /opt/devkitpro/portlibs/switch/lib/libcurl.a(libcurl_la-multi.o) (curlx_uztosi)
/opt/devkitpro/portlibs/switch/lib/libcurl.a(libcurl_la-http_proxy.o)
                              /opt/devkitpro/portlibs/switch/lib/libcurl.a(libcurl_la-multi.o) (Curl_connect_complete)
/opt/devkitpro/portlibs/switch/lib/libcurl.a(libcurl_la-conncache.o)
                              /opt/devkitpro/portlibs/switch/lib/libcurl.a(libcurl_la-multi.o) (Curl_conncache_init)
/opt/devkitpro/portlibs/switch/lib/libcurl.a(libcurl_la-mime.o)
                              /opt/devkitpro/portlibs/switch/lib/libcurl.a(libcurl_la-easy.o) (Curl_mime_initpart)
/opt/devkitpro/portlibs/switch/lib/libcurl.a(libcurl_la-setopt.o)
                              /opt/devkitpro/portlibs/switch/lib/libcurl.a(libcurl_la-easy.o) (Curl_setstropt)
/opt/devkitpro/portlibs/switch/lib/libcurl.a(libcurl_la-curl_ctype.o)
                              /opt/devkitpro/portlibs/switch/lib/libcurl.a(libcurl_la-http_digest.o) (Curl_isspace)
/opt/devkitpro/portlibs/switch/lib/libcurl.a(libcurl_la-digest.o)
                              /opt/devkitpro/portlibs/switch/lib/libcurl.a(libcurl_la-http_digest.o) (Curl_auth_create_digest_http_message)
/opt/devkitpro/portlibs/switch/lib/libcurl.a(libcurl_la-vtls.o)
                              /opt/devkitpro/portlibs/switch/lib/libcurl.a(libcurl_la-setopt.o) (Curl_ssl)
/opt/devkitpro/portlibs/switch/lib/libcurl.a(libcurl_la-libnx.o)
                              /opt/devkitpro/portlibs/switch/lib/libcurl.a(libcurl_la-vtls.o) (Curl_ssl_libnx)
/opt/devkitpro/portlibs/switch/lib/libcurl.a(libcurl_la-timeval.o)
                              /opt/devkitpro/portlibs/switch/lib/libcurl.a(libcurl_la-connect.o) (Curl_now)
/opt/devkitpro/portlibs/switch/lib/libcurl.a(libcurl_la-base64.o)
                              /opt/devkitpro/portlibs/switch/lib/libcurl.a(libcurl_la-digest.o) (Curl_base64_decode)
/opt/devkitpro/portlibs/switch/lib/libcurl.a(libcurl_la-hostip.o)
                              /opt/devkitpro/portlibs/switch/lib/libcurl.a(libcurl_la-connect.o) (Curl_num_addresses)
/opt/devkitpro/portlibs/switch/lib/libcurl.a(libcurl_la-progress.o)
                              /opt/devkitpro/portlibs/switch/lib/libcurl.a(libcurl_la-connect.o) (Curl_pgrsTime)
/opt/devkitpro/portlibs/switch/lib/libcurl.a(libcurl_la-cookie.o)
                              /opt/devkitpro/portlibs/switch/lib/libcurl.a(libcurl_la-setopt.o) (Curl_cookie_add)
/opt/devkitpro/portlibs/switch/lib/libcurl.a(libcurl_la-http.o)
                              /opt/devkitpro/portlibs/switch/lib/libcurl.a(libcurl_la-http_proxy.o) (Curl_checkProxyheaders)
/opt/devkitpro/portlibs/switch/lib/libcurl.a(libcurl_la-sendf.o)
                              /opt/devkitpro/portlibs/switch/lib/libcurl.a(libcurl_la-connect.o) (Curl_recv_has_postponed_data)
[...]
Memory Configuration

Name             Origin             Length             Attributes
*default*        0x0000000000000000 0xffffffffffffffff

Linker script and memory map

                0x0000000000000000                PROVIDE (__start__ = 0x0)
                0x0000000000000000                . = __start__
                [!provide]                        PROVIDE (__code_start = .)

.text           0x0000000000000000    0x7de90
 *(.crt0)
 .crt0          0x0000000000000000      0x130 /opt/devkitpro/libnx/lib/libnx.a(switch_crt0.o)
                0x0000000000000000                _start
                0x00000000000000e0                __nx_exit
                0x00000000000000f0                __nx_mod0
 *(.text.unlikely .text.*_unlikely .text.unlikely.*)
 *(.text.exit .text.exit.*)
 *fill*         0x0000000000000130       0x10 
 .text.exit     0x0000000000000140       0x34 /opt/devkitpro/devkitA64/lib/gcc/aarch64-none-elf/15.2.0/../../../../aarch64-none-elf/lib/pic/libg.a(libc_a-exit.o)
                0x0000000000000140                exit
 *(.text.startup .text.startup.*)
 *fill*         0x0000000000000174        0xc 
 .text.startup.main
                0x0000000000000180      0xf64 main.o
                0x0000000000000180                main
 *(.text.hot .text.hot.*)
 *(.text .stub .text.* .gnu.linkonce.t.*)
 *fill*         0x00000000000010e4       0x1c 
 .text.__do_global_dtors_aux
                0x0000000000001100       0x50 /opt/devkitpro/devkitA64/lib/gcc/aarch64-none-elf/15.2.0/pic/crtbegin.o
 *fill*         0x0000000000001150       0x10 
 .text.frame_dummy
                0x0000000000001160       0x24 /opt/devkitpro/devkitA64/lib/gcc/aarch64-none-elf/15.2.0/pic/crtbegin.o
 *fill*         0x0000000000001184        0xc 
 .text._Z17catalog_enumerateP12CatalogEntryi
                0x0000000000001190      0x280 catalog.o
                0x0000000000001190                catalog_enumerate(CatalogEntry*, int)
 .text._Z12catalog_hashPK12CatalogEntryi
                0x0000000000001410       0x74 catalog.o
                0x0000000000001410                catalog_hash(CatalogEntry const*, int)
 *fill*         0x0000000000001484        0xc 
 .text._Z18catalog_build_jsonPK12CatalogEntryiPci
                0x0000000000001490       0xdc catalog.o
                0x0000000000001490                catalog_build_json(CatalogEntry const*, int, char*, int)
 *fill*         0x000000000000156c        0x4 
 .text._Z26config_apply_device_suffixPcm
                0x0000000000001570       0x68 config.o
                0x0000000000001570                config_apply_device_suffix(char*, unsigned long)
 *fill*         0x00000000000015d8        0x8 
 .text._Z11config_loadP12FsFileSystem
                0x00000000000015e0      0x454 config.o
                0x00000000000015e0                config_load(FsFileSystem*)
 *fill*         0x0000000000001a34        0xc 
 .text._Z23config_set_device_tokenP12FsFileSystemPKc
                0x0000000000001a40      0x26c config.o
                0x0000000000001a40                config_set_device_token(FsFileSystem*, char const*)
 *fill*         0x0000000000001cac        0x4 
 .text._Z8crc_initv
                0x0000000000001cb0       0x6c crc32.o
                0x0000000000001cb0                crc_init()
 *fill*         0x0000000000001d1c        0x4 
 .text._Z7crc_runjPKvm
                0x0000000000001d20       0x3c crc32.o
                0x0000000000001d20                crc_run(unsigned int, void const*, unsigned long)
 *fill*         0x0000000000001d5c        0x4 
 .text._Z6fs_logP12FsFileSystemPKcz
                0x0000000000001d60      0x1e0 fs_helpers.o
                0x0000000000001d60                fs_log(FsFileSystem*, char const*, ...)
 .text._Z18fs_write_text_fileP12FsFileSystemPKcS2_
                0x0000000000001f40       0xac fs_helpers.o
                0x0000000000001f40                fs_write_text_file(FsFileSystem*, char const*, char const*)
 *fill*         0x0000000000001fec        0x4 
 .text._Z17fs_read_text_fileP12FsFileSystemPKcPcm
                0x0000000000001ff0       0xb0 fs_helpers.o
                0x0000000000001ff0                fs_read_text_file(FsFileSystem*, char const*, char*, unsigned long)
 .text._Z10ensure_dirP12FsFileSystemPKc
                0x00000000000020a0        0x4 fs_helpers.o
                0x00000000000020a0                ensure_dir(FsFileSystem*, char const*)
 *fill*         0x00000000000020a4        0xc 
 .text._Z9path_joinPcmPKcS1_
                0x00000000000020b0       0x60 fs_helpers.o
                0x00000000000020b0                path_join(char*, unsigned long, char const*, char const*)
 .text._ZL9set_state8FsmStateP12FsFileSystem
                0x0000000000002110      0x13c fsm.o
 *fill*         0x000000000000224c        0x4 
 .text._ZL15fsm_block_titlePKc
                0x0000000000002250       0xb8 fsm.o
 *fill*         0x0000000000002308        0x8 
 .text._ZL7do_idleP12FsFileSystemPK13InputSnapshot
                0x0000000000002310      0x2fc fsm.o
 *fill*         0x000000000000260c        0x4 
 .text._Z11title_labelmPcm
                0x0000000000002610       0x9c fsm.o
                0x0000000000002610                title_label(unsigned long, char*, unsigned long)
 *fill*         0x00000000000026ac        0x4 
 .text._ZL13do_deliveringP12FsFileSystemPK13InputSnapshot.isra.0
                0x00000000000026b0      0x658 fsm.o
 *fill*         0x0000000000002d08        0x8 
 .text._ZL12do_uploadingP12FsFileSystemPK13InputSnapshot.isra.0
                0x0000000000002d10      0x64c fsm.o
 *fill*         0x000000000000335c        0x4 
 .text._Z27fsm_is_title_inject_blockedPKc
                0x0000000000003360       0x88 fsm.o
                0x0000000000003360                fsm_is_title_inject_blocked(char const*)
 *fill*         0x00000000000033e8        0x8 
 .text._Z19fsm_is_key_deferredPKc
                0x00000000000033f0       0x5c fsm.o
                0x00000000000033f0                fsm_is_key_deferred(char const*)
 *fill*         0x000000000000344c        0x4 
 .text._Z8fsm_initv
                0x0000000000003450       0x50 fsm.o
                0x0000000000003450                fsm_init()
 .text._Z11fsm_on_wakev
                0x00000000000034a0       0x20 fsm.o
                0x00000000000034a0                fsm_on_wake()
 .text._Z8fsm_tickP12FsFileSystemPK13InputSnapshot
                0x00000000000034c0      0x1d4 fsm.o
                0x00000000000034c0                fsm_tick(FsFileSystem*, InputSnapshot const*)
 *fill*         0x0000000000003694        0xc 
 .text._Z13fsm_get_statev
                0x00000000000036a0        0xc fsm.o
                0x00000000000036a0                fsm_get_state()
 *fill*         0x00000000000036ac        0x4 
 .text._Z17game_event_signalm
                0x00000000000036b0       0x24 game_event.o
                0x00000000000036b0                game_event_signal(unsigned long)
 *fill*         0x00000000000036d4        0xc 
 .text._Z16game_event_drainv
                0x00000000000036e0       0x18 game_event.o
                0x00000000000036e0                game_event_drain()
 *fill*         0x00000000000036f8        0x8 
 .text._ZL9make_curlPKcPc
                0x0000000000003700      0x12c http.o
 *fill*         0x000000000000382c        0x4 
 .text._ZL12cb_write_bufPcmmPv
                0x0000000000003830       0x70 http.o
 .text._ZL7cb_readPcmmPv
                0x00000000000038a0       0x78 http.o
 *fill*         0x0000000000003918        0x8 
 .text._ZL11progress_cbPvllll
                0x0000000000003920       0x18 http.o
 *fill*         0x0000000000003938        0x8 
 .text._ZL11finish_curlPvPc
                0x0000000000003940       0x94 http.o
 *fill*         0x00000000000039d4        0xc 
 .text._ZL15cb_write_windowPcmmPv
                0x00000000000039e0      0x410 http.o
 .text._Z25http_upload_handle_createv
                0x0000000000003df0      0x250 http.o
                0x0000000000003df0                http_upload_handle_create()
 .text._Z27http_download_handle_createv
                0x0000000000004040      0x234 http.o
                0x0000000000004040                http_download_handle_create()
 *fill*         0x0000000000004274        0xc 
 .text._Z17http_handle_closePv
                0x0000000000004280       0x40 http.o
                0x0000000000004280                http_handle_close(void*)
 .text._Z15http_put_windowPvPKcP12FsFileSystemS1_llPci
                0x00000000000042c0      0x258 http.o
                0x00000000000042c0                http_put_window(void*, char const*, FsFileSystem*, char const*, long, long, char*, int)
 *fill*         0x0000000000004518        0x8 
 .text._Z25http_get_window_validatedPvPKcP12FsFileSystemS1_llPK16CheckpointLedgerll
                0x0000000000004520      0x220 http.o
                0x0000000000004520                http_get_window_validated(void*, char const*, FsFileSystem*, char const*, long, long, CheckpointLedger const*, long, long)
 .text._Z14http_post_jsonPKcS0_Pci
                0x0000000000004740      0x1a0 http.o
                0x0000000000004740                http_post_json(char const*, char const*, char*, int)
 .text._Z15http_post_emptyPKcPci
                0x00000000000048e0      0x17c http.o
                0x00000000000048e0                http_post_empty(char const*, char*, int)
 *fill*         0x0000000000004a5c        0x4 
 .text._Z13http_get_bodyPKcPci
                0x0000000000004a60      0x15c http.o
                0x0000000000004a60                http_get_body(char const*, char*, int)
 *fill*         0x0000000000004bbc        0x4 
 .text._Z9http_pingPKc
                0x0000000000004bc0        0xc http.o
                0x0000000000004bc0                http_ping(char const*)
 *fill*         0x0000000000004bcc        0x4 
 .text._ZL15psc_thread_funcPv
                0x0000000000004bd0       0xec main.o
 *fill*         0x0000000000004cbc        0x4 
 .text._ZL18poll_device_configP12FsFileSystem
                0x0000000000004cc0      0x50c main.o
 *fill*         0x00000000000051cc        0x4 
 .text._ZL17game_monitor_funcPv
                0x00000000000051d0      0x130 main.o
 .text.__libnx_initheap
                0x0000000000005300       0x2c main.o
                0x0000000000005300                __libnx_initheap
 *fill*         0x000000000000532c        0x4 
 .text.__appInit
                0x0000000000005330       0xdc main.o
                0x0000000000005330                __appInit
 *fill*         0x000000000000540c        0x4 
 .text.__appExit
                0x0000000000005410       0x38 main.o
                0x0000000000005410                __appExit
 *fill*         0x0000000000005448        0x8 
 .text._Z13get_posix_utcv
                0x0000000000005450       0x78 main.o
                0x0000000000005450                get_posix_utc()
 *fill*         0x00000000000054c8        0x8 
 .text._Z17format_local_timePcmm
                0x00000000000054d0       0xa0 main.o
                0x00000000000054d0                format_local_time(char*, unsigned long, unsigned long)
 .text._Z14make_ts_folderPcmm
                0x0000000000005570       0x90 main.o
                0x0000000000005570                make_ts_folder(char*, unsigned long, unsigned long)
 .text._Z14get_title_namemPcm
                0x0000000000005600      0x150 main.o
                0x0000000000005600                get_title_name(unsigned long, char*, unsigned long)
 .text._Z19refresh_dns_serversv
                0x0000000000005750       0xc8 main.o
                0x0000000000005750                refresh_dns_servers()
 *fill*         0x0000000000005818        0x8 
 .text._Z18wait_network_readyv
                0x0000000000005820       0x78 main.o
                0x0000000000005820                wait_network_ready()
 *fill*         0x0000000000005898        0x8 
 .text._Z10notif_pushPKcS0_
                0x00000000000058a0      0x1d0 notif.o
                0x00000000000058a0                notif_push(char const*, char const*)
 .text._Z13notif_verbosePKcS0_
                0x0000000000005a70       0x14 notif.o
                0x0000000000005a70                notif_verbose(char const*, char const*)
 *fill*         0x0000000000005a84        0xc 
 .text._Z14recovery_sweepP12FsFileSystem17RecoverySweepMode
                0x0000000000005a90      0xc34 recovery.o
                0x0000000000005a90                recovery_sweep(FsFileSystem*, RecoverySweepMode)
 *fill*         0x00000000000066c4        0xc 
 .text._Z15clear_save_rootP12FsFileSystem
                0x00000000000066d0      0x148 save_clear.o
                0x00000000000066d0                clear_save_root(FsFileSystem*)
 *fill*         0x0000000000006818        0x8 
 .text._Z14dump_all_savesv
                0x0000000000006820      0x3bc save_dump.o
                0x0000000000006820                dump_all_saves()
 *fill*         0x0000000000006bdc        0x4 
 .text._Z14snap_hash_readP12FsFileSystemmPKcPj
                0x0000000000006be0       0xc0 save_hash.o
                0x0000000000006be0                snap_hash_read(FsFileSystem*, unsigned long, char const*, unsigned int*)
 .text._Z15snap_hash_writeP12FsFileSystemmPKcj
                0x0000000000006ca0       0xec save_hash.o
                0x0000000000006ca0                snap_hash_write(FsFileSystem*, unsigned long, char const*, unsigned int)
 *fill*         0x0000000000006d8c        0x4 
 .text._Z8sig_readP12FsFileSystemmPKcP13SaveSignature
                0x0000000000006d90      0x12c save_hash.o
                0x0000000000006d90                sig_read(FsFileSystem*, unsigned long, char const*, SaveSignature*)
 *fill*         0x0000000000006ebc        0x4 
 .text._Z9sig_writeP12FsFileSystemmPKcPK13SaveSignature
                0x0000000000006ec0      0x13c save_hash.o
                0x0000000000006ec0                sig_write(FsFileSystem*, unsigned long, char const*, SaveSignature const*)
 *fill*         0x0000000000006ffc        0x4 
 .text._Z29snap_hash_update_from_archiveP12FsFileSystemPKcS2_
                0x0000000000007000       0xa8 save_hash.o
                0x0000000000007000                snap_hash_update_from_archive(FsFileSystem*, char const*, char const*)
 *fill*         0x00000000000070a8        0x8 
 .text._ZL13stat_save_dirP12FsFileSystemPKcP13SaveSignaturei
                0x00000000000070b0      0x194 save_ops.o
 *fill*         0x0000000000007244        0xc 
 .text._ZL19peek_save_data_sizeP12FsFileSystemPKc
                0x0000000000007250       0xf4 save_ops.o
 *fill*         0x0000000000007344        0xc 
 .text._Z12open_save_fsmPKcP12FsFileSystem
                0x0000000000007350      0x2d8 save_ops.o
                0x0000000000007350                open_save_fs(unsigned long, char const*, FsFileSystem*)
 *fill*         0x0000000000007628        0x8 
 .text._Z20save_enum_title_uidsmPA17_ci
                0x0000000000007630      0x16c save_ops.o
                0x0000000000007630                save_enum_title_uids(unsigned long, char (*) [17], int)
 *fill*         0x000000000000779c        0x4 
 .text._Z12save_extractmPKcP12FsFileSystemPcm
                0x00000000000077a0      0x43c save_ops.o
                0x00000000000077a0                save_extract(unsigned long, char const*, FsFileSystem*, char*, unsigned long)
 *fill*         0x0000000000007bdc        0x4 
 .text._Z11save_injectPKcP12FsFileSystemS0_
                0x0000000000007be0      0x504 save_ops.o
                0x0000000000007be0                save_inject(char const*, FsFileSystem*, char const*)
 *fill*         0x00000000000080e4        0xc 
 .text._ZL4wU32P6FsFilePlj
                0x00000000000080f0       0x58 save_pack.o
 *fill*         0x0000000000008148        0x8 
 .text._ZL4wU16P6FsFilePlt
                0x0000000000008150       0x58 save_pack.o
 *fill*         0x00000000000081a8        0x8 
 .text._ZL7cmp_entPKvS0_
                0x00000000000081b0        0xc save_pack.o
 *fill*         0x00000000000081bc        0x4 
 .text._ZL8enum_dirP12FsFileSystemPKcS2_
                0x00000000000081c0      0x258 save_pack.o
 *fill*         0x0000000000008418        0x8 
 .text._Z9pack_saveP12FsFileSystemPKcS0_S2_mPjPi
                0x0000000000008420      0x8ac save_pack.o
                0x0000000000008420                pack_save(FsFileSystem*, char const*, FsFileSystem*, char const*, unsigned long, unsigned int*, int*)
 *fill*         0x0000000000008ccc        0x4 
 .text._Z11unpack_saveP12FsFileSystemPKcS0_Pm
                0x0000000000008cd0      0x620 save_pack_read.o
                0x0000000000008cd0                unpack_save(FsFileSystem*, char const*, FsFileSystem*, unsigned long*)
 .text._Z15zip_fingerprintP12FsFileSystemPKcPj
                0x00000000000092f0      0x244 save_pack_read.o
                0x00000000000092f0                zip_fingerprint(FsFileSystem*, char const*, unsigned int*)
 *fill*         0x0000000000009534        0xc 
 .text._ZL12atomic_writeP12FsFileSystemPKcS2_
                0x0000000000009540       0xb8 state.o
 *fill*         0x00000000000095f8        0x8 
 .text._ZL17write_device_jsonP12FsFileSystem
                0x0000000000009600       0x6c state.o
 *fill*         0x000000000000966c        0x4 
 .text._ZL7_bk_strPKcS0_Pcm
                0x0000000000009670       0xec state.o
 *fill*         0x000000000000975c        0x4 
 .text._ZL11iso_utc_nowPcm
                0x0000000000009760       0x98 state.o
 *fill*         0x00000000000097f8        0x8 
 .text._Z18state_write_statusP12FsFileSystem8FsmStatePKcll
                0x0000000000009800      0x4d0 state.o
                0x0000000000009800                state_write_status(FsFileSystem*, FsmState, char const*, long, long)
 .text._Z10state_initP12FsFileSystem
                0x0000000000009cd0      0x294 state.o
                0x0000000000009cd0                state_init(FsFileSystem*)
 *fill*         0x0000000000009f64        0xc 
 .text._Z18state_append_eventP12FsFileSystemPKcS2_
                0x0000000000009f70      0x290 state.o
                0x0000000000009f70                state_append_event(FsFileSystem*, char const*, char const*)
 .text._Z25state_get_sync_generationv
                0x000000000000a200        0xc state.o
                0x000000000000a200                state_get_sync_generation()
 *fill*         0x000000000000a20c        0x4 
 .text._Z25state_set_sync_generationP12FsFileSystemj
                0x000000000000a210        0xc state.o
                0x000000000000a210                state_set_sync_generation(FsFileSystem*, unsigned int)
 *fill*         0x000000000000a21c        0x4 
 .text._Z26state_apply_backup_updatesP12FsFileSystemPKc
                0x000000000000a220      0x3d0 state.o
                0x000000000000a220                state_apply_backup_updates(FsFileSystem*, char const*)
 .text._Z24state_write_last_restoreP12FsFileSystemPKcS2_i
                0x000000000000a5f0      0x14c state.o
                0x000000000000a5f0                state_write_last_restore(FsFileSystem*, char const*, char const*, int)
 *fill*         0x000000000000a73c        0x4 
 .text._Z19state_write_lineageP12FsFileSystemPKcS2_S2_i
                0x000000000000a740       0xb8 state.o
                0x000000000000a740                state_write_lineage(FsFileSystem*, char const*, char const*, char const*, int)
 *fill*         0x000000000000a7f8        0x8 
 .text._Z18state_read_lineageP12FsFileSystemPKcS2_PcmPi
                0x000000000000a800      0x1d4 state.o
                0x000000000000a800                state_read_lineage(FsFileSystem*, char const*, char const*, char*, unsigned long, int*)
 *fill*         0x000000000000a9d4        0xc 
 .text._Z18state_atomic_writeP12FsFileSystemPKcS2_
                0x000000000000a9e0        0x4 state.o
                0x000000000000a9e0                state_atomic_write(FsFileSystem*, char const*, char const*)
 *fill*         0x000000000000a9e4        0xc 
 .text._ZL10_parse_objPKcP13SyncPrefEntryi.constprop.0
                0x000000000000a9f0      0x214 sync_prefs.o
 *fill*         0x000000000000ac04        0xc 
 .text._Z15sync_prefs_loadP12FsFileSystem
                0x000000000000ac10       0x90 sync_prefs.o
                0x000000000000ac10                sync_prefs_load(FsFileSystem*)
 .text._Z27sync_prefs_apply_from_queueP12FsFileSystemPKc
                0x000000000000aca0      0x1bc sync_prefs.o
                0x000000000000aca0                sync_prefs_apply_from_queue(FsFileSystem*, char const*)
 *fill*         0x000000000000ae5c        0x4 
 .text._Z21sync_prefs_is_enabledm
                0x000000000000ae60       0x54 sync_prefs.o
                0x000000000000ae60                sync_prefs_is_enabled(unsigned long)
 *fill*         0x000000000000aeb4        0xc 
 .text._Z27sync_prefs_apply_game_namesPKc
                0x000000000000aec0      0x228 sync_prefs.o
                0x000000000000aec0                sync_prefs_apply_game_names(char const*)
 *fill*         0x000000000000b0e8        0x8 
 .text._Z24sync_prefs_get_game_namemPcm
                0x000000000000b0f0       0x7c sync_prefs.o
                0x000000000000b0f0                sync_prefs_get_game_name(unsigned long, char*, unsigned long)
 *fill*         0x000000000000b16c        0x4 
 .text._ZL8json_strPKcS0_Pcm.constprop.0
                0x000000000000b170      0x104 transport.o
 *fill*         0x000000000000b274        0xc 
 .text._Z13transport_ackP12FsFileSystemPKc
                0x000000000000b280      0x150 transport.o
                0x000000000000b280                transport_ack(FsFileSystem*, char const*)
 .text._Z20transport_error_failP12FsFileSystemPKc
                0x000000000000b3d0      0x150 transport.o
                0x000000000000b3d0                transport_error_fail(FsFileSystem*, char const*)
 .text._ZL8json_strPKcS0_Pcm
                0x000000000000b520       0xec transport_poll.o
 *fill*         0x000000000000b60c        0x4 
 .text._ZL8json_intPKcS0_x
                0x000000000000b610       0xb4 transport_poll.o
 *fill*         0x000000000000b6c4        0xc 
 .text._Z22transport_poll_inboundP12FsFileSystem
                0x000000000000b6d0      0xc78 transport_poll.o
                0x000000000000b6d0                transport_poll_inbound(FsFileSystem*)
 *fill*         0x000000000000c348        0x8 
 .text._ZL8json_intPKcS0_x
                0x000000000000c350       0xb4 transport_upload.o
 *fill*         0x000000000000c404        0xc 
 .text._ZL8json_strPKcS0_Pcm.constprop.0
                0x000000000000c410      0x104 transport_upload.o
 *fill*         0x000000000000c514        0xc 
 .text._Z16transport_uploadP12FsFileSystemPKcPib
                0x000000000000c520      0xd74 transport_upload.o
                0x000000000000c520                transport_upload(FsFileSystem*, char const*, int*, bool)
 *fill*         0x000000000000d294        0xc 
 .text.curl_global_init
                0x000000000000d2a0       0xa4 /opt/devkitpro/portlibs/switch/lib/libcurl.a(libcurl_la-easy.o)
                0x000000000000d2a0                curl_global_init
 *fill*         0x000000000000d344        0xc 
 .text.curl_global_cleanup
                0x000000000000d350       0x20 /opt/devkitpro/portlibs/switch/lib/libcurl.a(libcurl_la-easy.o)
                0x000000000000d350                curl_global_cleanup
 .text.curl_easy_init
                0x000000000000d370       0xa8 /opt/devkitpro/portlibs/switch/lib/libcurl.a(libcurl_la-easy.o)
                0x000000000000d370                curl_easy_init
 *fill*         0x000000000000d418        0x8 
 .text.curl_easy_perform
                0x000000000000d420      0x170 /opt/devkitpro/portlibs/switch/lib/libcurl.a(libcurl_la-easy.o)
                0x000000000000d420                curl_easy_perform
 .text.curl_easy_cleanup
                0x000000000000d590       0x20 /opt/devkitpro/portlibs/switch/lib/libcurl.a(libcurl_la-easy.o)
                0x000000000000d590                curl_easy_cleanup
 .text.curl_easy_getinfo
                0x000000000000d5b0       0x30 /opt/devkitpro/portlibs/switch/lib/libcurl.a(libcurl_la-easy.o)
                0x000000000000d5b0                curl_easy_getinfo
 .text.conn_is_conn
                0x000000000000d5e0       0x24 /opt/devkitpro/portlibs/switch/lib/libcurl.a(libcurl_la-connect.o)
 *fill*         0x000000000000d604        0xc 
 .text.connect_SOCKS
                0x000000000000d610       0xf4 /opt/devkitpro/portlibs/switch/lib/libcurl.a(libcurl_la-connect.o)
 *fill*         0x000000000000d704        0xc 
 .text.verifyconnect
                0x000000000000d710       0x60 /opt/devkitpro/portlibs/switch/lib/libcurl.a(libcurl_la-connect.o)
 .text.Curl_timeleft
                0x000000000000d770       0xf4 /opt/devkitpro/portlibs/switch/lib/libcurl.a(libcurl_la-connect.o)
                0x000000000000d770                Curl_timeleft
 *fill*         0x000000000000d864        0xc 
 .text.Curl_persistconninfo
                0x000000000000d870       0x74 /opt/devkitpro/portlibs/switch/lib/libcurl.a(libcurl_la-connect.o)
                0x000000000000d870                Curl_persistconninfo
 *fill*         0x000000000000d8e4        0xc 
 .text.Curl_updateconninfo.part.0
                0x000000000000d8f0      0x248 /opt/devkitpro/portlibs/switch/lib/libcurl.a(libcurl_la-connect.o)
 *fill*         0x000000000000db38        0x8 
 .text.Curl_updateconninfo
                0x000000000000db40       0x14 /opt/devkitpro/portlibs/switch/lib/libcurl.a(libcurl_la-connect.o)
                0x000000000000db40                Curl_updateconninfo
 *fill*         0x000000000000db54        0xc 
 .text.Curl_getconnectinfo
                0x000000000000db60       0xa4 /opt/devkitpro/portlibs/switch/lib/libcurl.a(libcurl_la-connect.o)
                0x000000000000db60                Curl_getconnectinfo
 *fill*         0x000000000000dc04        0xc 
 .text.Curl_connalive
                0x000000000000dc10       0x60 /opt/devkitpro/portlibs/switch/lib/libcurl.a(libcurl_la-connect.o)
                0x000000000000dc10                Curl_connalive
 .text.Curl_closesocket
                0x000000000000dc70       0xb0 /opt/devkitpro/portlibs/switch/lib/libcurl.a(libcurl_la-connect.o)
                0x000000000000dc70                Curl_closesocket
 .text.Curl_socket
                0x000000000000dd20      0x130 /opt/devkitpro/portlibs/switch/lib/libcurl.a(libcurl_la-connect.o)
                0x000000000000dd20                Curl_socket
 .text.singleipconnect
                0x000000000000de50      0x880 /opt/devkitpro/portlibs/switch/lib/libcurl.a(libcurl_la-connect.o)
 .text.trynextip
                0x000000000000e6d0       0xdc /opt/devkitpro/portlibs/switch/lib/libcurl.a(libcurl_la-connect.o)
 *fill*         0x000000000000e7ac        0x4 
 .text.Curl_is_connected
                0x000000000000e7b0      0x4bc /opt/devkitpro/portlibs/switch/lib/libcurl.a(libcurl_la-connect.o)
                0x000000000000e7b0                Curl_is_connected
 *fill*         0x000000000000ec6c        0x4 
 .text.Curl_connecthost
                0x000000000000ec70      0x11c /opt/devkitpro/portlibs/switch/lib/libcurl.a(libcurl_la-connect.o)
                0x000000000000ec70                Curl_connecthost
 *fill*         0x000000000000ed8c        0x4 
 .text.Curl_conncontrol
                0x000000000000ed90       0x48 /opt/devkitpro/portlibs/switch/lib/libcurl.a(libcurl_la-connect.o)
                0x000000000000ed90                Curl_conncontrol
 *fill*         0x000000000000edd8        0x8 
 .text.Curl_conn_data_pending
                0x000000000000ede0       0x6c /opt/devkitpro/portlibs/switch/lib/libcurl.a(libcurl_la-connect.o)
                0x000000000000ede0                Curl_conn_data_pending
 *fill*         0x000000000000ee4c        0x4 
 .text.trhash   0x000000000000ee50       0x10 /opt/devkitpro/portlibs/switch/lib/libcurl.a(libcurl_la-multi.o)
 .text.trhash_compare
                0x000000000000ee60       0x14 /opt/devkitpro/portlibs/switch/lib/libcurl.a(libcurl_la-multi.o)
 *fill*         0x000000000000ee74        0xc 
 .text.trhash_dtor
                0x000000000000ee80        0x4 /opt/devkitpro/portlibs/switch/lib/libcurl.a(libcurl_la-multi.o)
 *fill*         0x000000000000ee84        0xc 
 .text.sh_freeentry
                0x000000000000ee90       0x14 /opt/devkitpro/portlibs/switch/lib/libcurl.a(libcurl_la-multi.o)
 *fill*         0x000000000000eea4        0xc 
 .text.fd_key_compare
                0x000000000000eeb0       0x14 /opt/devkitpro/portlibs/switch/lib/libcurl.a(libcurl_la-multi.o)
 *fill*         0x000000000000eec4        0xc 
 .text.hash_fd  0x000000000000eed0       0x10 /opt/devkitpro/portlibs/switch/lib/libcurl.a(libcurl_la-multi.o)
 .text.multi_getsock
                0x000000000000eee0      0x158 /opt/devkitpro/portlibs/switch/lib/libcurl.a(libcurl_la-multi.o)
 *fill*         0x000000000000f038        0x8 
 .text.singlesocket
                0x000000000000f040      0x4e0 /opt/devkitpro/portlibs/switch/lib/libcurl.a(libcurl_la-multi.o)
 .text.multi_timeout.part.0
                0x000000000000f520       0x9c /opt/devkitpro/portlibs/switch/lib/libcurl.a(libcurl_la-multi.o)
 *fill*         0x000000000000f5bc        0x4 
 .text.add_next_timeout.isra.0
                0x000000000000f5c0       0xf8 /opt/devkitpro/portlibs/switch/lib/libcurl.a(libcurl_la-multi.o)
 *fill*         0x000000000000f6b8        0x8 
 .text.Curl_multi_wait.part.0
                0x000000000000f6c0      0x558 /opt/devkitpro/portlibs/switch/lib/libcurl.a(libcurl_la-multi.o)
 *fill*         0x000000000000fc18        0x8 
 .text.Curl_multi_handle
                0x000000000000fc20      0x1b8 /opt/devkitpro/portlibs/switch/lib/libcurl.a(libcurl_la-multi.o)
                0x000000000000fc20                Curl_multi_handle
 *fill*         0x000000000000fdd8        0x8 
 .text.Curl_multiplex_wanted
                0x000000000000fde0       0x14 /opt/devkitpro/portlibs/switch/lib/libcurl.a(libcurl_la-multi.o)
                0x000000000000fde0                Curl_multiplex_wanted
 *fill*         0x000000000000fdf4        0xc 
 .text.Curl_attach_connnection
                0x000000000000fe00       0x1c /opt/devkitpro/portlibs/switch/lib/libcurl.a(libcurl_la-multi.o)
                0x000000000000fe00                Curl_attach_connnection
 *fill*         0x000000000000fe1c        0x4 
 .text.curl_multi_poll
                0x000000000000fe20       0x44 /opt/devkitpro/portlibs/switch/lib/libcurl.a(libcurl_la-multi.o)
                0x000000000000fe20                curl_multi_poll
 *fill*         0x000000000000fe64        0xc 
 .text.curl_multi_info_read
                0x000000000000fe70       0x9c /opt/devkitpro/portlibs/switch/lib/libcurl.a(libcurl_la-multi.o)
                0x000000000000fe70                curl_multi_info_read
 *fill*         0x000000000000ff0c        0x4 
 .text.Curl_multi_closed
                0x000000000000ff10       0xb0 /opt/devkitpro/portlibs/switch/lib/libcurl.a(libcurl_la-multi.o)
                0x000000000000ff10                Curl_multi_closed
 .text.curl_multi_setopt
                0x000000000000ffc0      0x21c /opt/devkitpro/portlibs/switch/lib/libcurl.a(libcurl_la-multi.o)
                0x000000000000ffc0                curl_multi_setopt
 *fill*         0x00000000000101dc        0x4 
 .text.Curl_update_timer
                0x00000000000101e0       0xcc /opt/devkitpro/portlibs/switch/lib/libcurl.a(libcurl_la-multi.o)
                0x00000000000101e0                Curl_update_timer
 *fill*         0x00000000000102ac        0x4 
 .text.Curl_expire
                0x00000000000102b0      0x22c /opt/devkitpro/portlibs/switch/lib/libcurl.a(libcurl_la-multi.o)
                0x00000000000102b0                Curl_expire
 *fill*         0x00000000000104dc        0x4 
 .text.curl_multi_add_handle
                0x00000000000104e0      0x174 /opt/devkitpro/portlibs/switch/lib/libcurl.a(libcurl_la-multi.o)
                0x00000000000104e0                curl_multi_add_handle
 *fill*         0x0000000000010654        0xc 
 .text.process_pending_handles
                0x0000000000010660       0x78 /opt/devkitpro/portlibs/switch/lib/libcurl.a(libcurl_la-multi.o)
 *fill*         0x00000000000106d8        0x8 
 .text.multi_done
                0x00000000000106e0      0x2e4 /opt/devkitpro/portlibs/switch/lib/libcurl.a(libcurl_la-multi.o)
 *fill*         0x00000000000109c4        0xc 
 .text.curl_multi_cleanup
                0x00000000000109d0      0x130 /opt/devkitpro/portlibs/switch/lib/libcurl.a(libcurl_la-multi.o)
                0x00000000000109d0                curl_multi_cleanup
 .text.multi_runsingle
                0x0000000000010b00     0x1384 /opt/devkitpro/portlibs/switch/lib/libcurl.a(libcurl_la-multi.o)
 *fill*         0x0000000000011e84        0xc 
 .text.curl_multi_perform
                0x0000000000011e90      0x110 /opt/devkitpro/portlibs/switch/lib/libcurl.a(libcurl_la-multi.o)
                0x0000000000011e90                curl_multi_perform
 .text.Curl_expire_done
                0x0000000000011fa0       0x3c /opt/devkitpro/portlibs/switch/lib/libcurl.a(libcurl_la-multi.o)
                0x0000000000011fa0                Curl_expire_done
 *fill*         0x0000000000011fdc        0x4 
 .text.Curl_expire_clear
                0x0000000000011fe0       0xc4 /opt/devkitpro/portlibs/switch/lib/libcurl.a(libcurl_la-multi.o)
                0x0000000000011fe0                Curl_expire_clear
 *fill*         0x00000000000120a4        0xc 
 .text.Curl_init_completed
                0x00000000000120b0       0x3c /opt/devkitpro/portlibs/switch/lib/libcurl.a(libcurl_la-multi.o)
 *fill*         0x00000000000120ec        0x4 
 .text.curl_multi_remove_handle
                0x00000000000120f0      0x20c /opt/devkitpro/portlibs/switch/lib/libcurl.a(libcurl_la-multi.o)
                0x00000000000120f0                curl_multi_remove_handle
 *fill*         0x00000000000122fc        0x4 
 .text.Curl_multi_max_host_connections
                0x0000000000012300       0x14 /opt/devkitpro/portlibs/switch/lib/libcurl.a(libcurl_la-multi.o)
                0x0000000000012300                Curl_multi_max_host_connections
 *fill*         0x0000000000012314        0xc 
 .text.Curl_multi_max_total_connections
                0x0000000000012320       0x14 /opt/devkitpro/portlibs/switch/lib/libcurl.a(libcurl_la-multi.o)
                0x0000000000012320                Curl_multi_max_total_connections
 *fill*         0x0000000000012334        0xc 
 .text.Curl_set_in_callback
                0x0000000000012340       0x28 /opt/devkitpro/portlibs/switch/lib/libcurl.a(libcurl_la-multi.o)
                0x0000000000012340                Curl_set_in_callback
 *fill*         0x0000000000012368        0x8 
 .text.Curl_share_lock
                0x0000000000012370       0x50 /opt/devkitpro/portlibs/switch/lib/libcurl.a(libcurl_la-share.o)
                0x0000000000012370                Curl_share_lock
 .text.Curl_share_unlock
                0x00000000000123c0       0x50 /opt/devkitpro/portlibs/switch/lib/libcurl.a(libcurl_la-share.o)
                0x00000000000123c0                Curl_share_unlock
 .text.Curl_input_digest
                0x0000000000012410       0x88 /opt/devkitpro/portlibs/switch/lib/libcurl.a(libcurl_la-http_digest.o)
                0x0000000000012410                Curl_input_digest
 *fill*         0x0000000000012498        0x8 
 .text.Curl_output_digest
                0x00000000000124a0      0x1e0 /opt/devkitpro/portlibs/switch/lib/libcurl.a(libcurl_la-http_digest.o)
                0x00000000000124a0                Curl_output_digest
 .text.Curl_http_auth_cleanup_digest
                0x0000000000012680       0x30 /opt/devkitpro/portlibs/switch/lib/libcurl.a(libcurl_la-http_digest.o)
                0x0000000000012680                Curl_http_auth_cleanup_digest
 .text.curl_easy_strerror
                0x00000000000126b0      0x440 /opt/devkitpro/portlibs/switch/lib/libcurl.a(libcurl_la-strerror.o)
                0x00000000000126b0                curl_easy_strerror
 .text.Curl_strerror
                0x0000000000012af0      0x104 /opt/devkitpro/portlibs/switch/lib/libcurl.a(libcurl_la-strerror.o)
                0x0000000000012af0                Curl_strerror
 *fill*         0x0000000000012bf4        0xc 
 .text.Curl_wait_ms
                0x0000000000012c00       0x54 /opt/devkitpro/portlibs/switch/lib/libcurl.a(libcurl_la-select.o)
                0x0000000000012c00                Curl_wait_ms
 *fill*         0x0000000000012c54        0xc 
 .text.Curl_socket_check
                0x0000000000012c60      0x1fc /opt/devkitpro/portlibs/switch/lib/libcurl.a(libcurl_la-select.o)
                0x0000000000012c60                Curl_socket_check
 *fill*         0x0000000000012e5c        0x4 
 .text.Curl_poll
                0x0000000000012e60      0x104 /opt/devkitpro/portlibs/switch/lib/libcurl.a(libcurl_la-select.o)
                0x0000000000012e60                Curl_poll
 *fill*         0x0000000000012f64        0xc 
 .text.Curl_splay
                0x0000000000012f70      0x14c /opt/devkitpro/portlibs/switch/lib/libcurl.a(libcurl_la-splay.o)
                0x0000000000012f70                Curl_splay
 *fill*         0x00000000000130bc        0x4 
 .text.Curl_splayinsert
                0x00000000000130c0       0xac /opt/devkitpro/portlibs/switch/lib/libcurl.a(libcurl_la-splay.o)
                0x00000000000130c0                Curl_splayinsert
 *fill*         0x000000000001316c        0x4 
 .text.Curl_splaygetbest
                0x0000000000013170       0xb0 /opt/devkitpro/portlibs/switch/lib/libcurl.a(libcurl_la-splay.o)
                0x0000000000013170                Curl_splaygetbest
 .text.Curl_splayremovebyaddr
                0x0000000000013220       0xec /opt/devkitpro/portlibs/switch/lib/libcurl.a(libcurl_la-splay.o)
                0x0000000000013220                Curl_splayremovebyaddr
 *fill*         0x000000000001330c        0x4 
 .text.Curl_memdup
                0x0000000000013310       0x54 /opt/devkitpro/portlibs/switch/lib/libcurl.a(libcurl_la-strdup.o)
                0x0000000000013310                Curl_memdup
 *fill*         0x0000000000013364        0xc 
 .text.Curl_saferealloc
                0x0000000000013370       0x58 /opt/devkitpro/portlibs/switch/lib/libcurl.a(libcurl_la-strdup.o)
                0x0000000000013370                Curl_saferealloc
 *fill*         0x00000000000133c8        0x8 
 .text.Curl_SOCKS_getsock
                0x00000000000133d0       0x3c /opt/devkitpro/portlibs/switch/lib/libcurl.a(libcurl_la-socks.o)
                0x00000000000133d0                Curl_SOCKS_getsock
 *fill*         0x000000000001340c        0x4 
 .text.Curl_SOCKS4
                0x0000000000013410      0x5c4 /opt/devkitpro/portlibs/switch/lib/libcurl.a(libcurl_la-socks.o)
                0x0000000000013410                Curl_SOCKS4
 *fill*         0x00000000000139d4        0xc 
 .text.Curl_SOCKS5
                0x00000000000139e0      0xa68 /opt/devkitpro/portlibs/switch/lib/libcurl.a(libcurl_la-socks.o)
                0x00000000000139e0                Curl_SOCKS5
 *fill*         0x0000000000014448        0x8 
 .text.Curl_slist_append_nodup
                0x0000000000014450       0x58 /opt/devkitpro/portlibs/switch/lib/libcurl.a(libcurl_la-slist.o)
                0x0000000000014450                Curl_slist_append_nodup
 *fill*         0x00000000000144a8        0x8 
 .text.curl_slist_append
                0x00000000000144b0       0x94 /opt/devkitpro/portlibs/switch/lib/libcurl.a(libcurl_la-slist.o)
                0x00000000000144b0                curl_slist_append
 *fill*         0x0000000000014544        0xc 
 .text.curl_slist_free_all
                0x0000000000014550       0x5c /opt/devkitpro/portlibs/switch/lib/libcurl.a(libcurl_la-slist.o)
                0x0000000000014550                curl_slist_free_all
 *fill*         0x00000000000145ac        0x4 
 .text.curlx_nonblock
                0x00000000000145b0       0x40 /opt/devkitpro/portlibs/switch/lib/libcurl.a(libcurl_la-nonblock.o)
                0x00000000000145b0                curlx_nonblock
 .text.curlx_ultous
                0x00000000000145f0        0x4 /opt/devkitpro/portlibs/switch/lib/libcurl.a(libcurl_la-warnless.o)
                0x00000000000145f0                curlx_ultous
 *fill*         0x00000000000145f4        0xc 
 .text.curlx_ultouc
                0x0000000000014600        0x4 /opt/devkitpro/portlibs/switch/lib/libcurl.a(libcurl_la-warnless.o)
                0x0000000000014600                curlx_ultouc
 *fill*         0x0000000000014604        0xc 
 .text.curlx_uztosi
                0x0000000000014610        0x8 /opt/devkitpro/portlibs/switch/lib/libcurl.a(libcurl_la-warnless.o)
                0x0000000000014610                curlx_uztosi
 *fill*         0x0000000000014618        0x8 
 .text.curlx_uztoui
                0x0000000000014620        0x4 /opt/devkitpro/portlibs/switch/lib/libcurl.a(libcurl_la-warnless.o)
                0x0000000000014620                curlx_uztoui
 *fill*         0x0000000000014624        0xc 
 .text.curlx_sltosi
                0x0000000000014630        0x8 /opt/devkitpro/portlibs/switch/lib/libcurl.a(libcurl_la-warnless.o)
                0x0000000000014630                curlx_sltosi
 *fill*         0x0000000000014638        0x8 
 .text.curlx_sltous
                0x0000000000014640        0x4 /opt/devkitpro/portlibs/switch/lib/libcurl.a(libcurl_la-warnless.o)
                0x0000000000014640                curlx_sltous
 *fill*         0x0000000000014644        0xc 
 .text.curlx_uztosz
                0x0000000000014650        0x8 /opt/devkitpro/portlibs/switch/lib/libcurl.a(libcurl_la-warnless.o)
                0x0000000000014650                curlx_uztosz
 *fill*         0x0000000000014658        0x8 
 .text.curlx_sotouz
                0x0000000000014660        0x4 /opt/devkitpro/portlibs/switch/lib/libcurl.a(libcurl_la-warnless.o)
                0x0000000000014660                curlx_sotouz
 *fill*         0x0000000000014664        0xc 
 .text.Curl_connect_complete
                0x0000000000014670       0x24 /opt/devkitpro/portlibs/switch/lib/libcurl.a(libcurl_la-http_proxy.o)
                0x0000000000014670                Curl_connect_complete
 *fill*         0x0000000000014694        0xc 
 .text.Curl_connect_ongoing
                0x00000000000146a0       0x24 /opt/devkitpro/portlibs/switch/lib/libcurl.a(libcurl_la-http_proxy.o)
                0x00000000000146a0                Curl_connect_ongoing
 *fill*         0x00000000000146c4        0xc 
 .text.Curl_connect_free
                0x00000000000146d0       0x38 /opt/devkitpro/portlibs/switch/lib/libcurl.a(libcurl_la-http_proxy.o)
                0x00000000000146d0                Curl_connect_free
 *fill*         0x0000000000014708        0x8 
 .text.Curl_proxyCONNECT
                0x0000000000014710      0xbfc /opt/devkitpro/portlibs/switch/lib/libcurl.a(libcurl_la-http_proxy.o)
                0x0000000000014710                Curl_proxyCONNECT
 *fill*         0x000000000001530c        0x4 
 .text.Curl_proxy_connect
                0x0000000000015310      0x13c /opt/devkitpro/portlibs/switch/lib/libcurl.a(libcurl_la-http_proxy.o)
                0x0000000000015310                Curl_proxy_connect
 *fill*         0x000000000001544c        0x4 
 .text.conn_llist_dtor
                0x0000000000015450        0x8 /opt/devkitpro/portlibs/switch/lib/libcurl.a(libcurl_la-conncache.o)
 *fill*         0x0000000000015458        0x8 
 .text.free_bundle_hash_entry
                0x0000000000015460       0x44 /opt/devkitpro/portlibs/switch/lib/libcurl.a(libcurl_la-conncache.o)
 *fill*         0x00000000000154a4        0xc 
 .text.Curl_conncache_init
                0x00000000000154b0       0x90 /opt/devkitpro/portlibs/switch/lib/libcurl.a(libcurl_la-conncache.o)
                0x00000000000154b0                Curl_conncache_init
 .text.Curl_conncache_destroy
                0x0000000000015540        0xc /opt/devkitpro/portlibs/switch/lib/libcurl.a(libcurl_la-conncache.o)
                0x0000000000015540                Curl_conncache_destroy
 *fill*         0x000000000001554c        0x4 
 .text.Curl_conncache_unlock
                0x0000000000015550       0x14 /opt/devkitpro/portlibs/switch/lib/libcurl.a(libcurl_la-conncache.o)
                0x0000000000015550                Curl_conncache_unlock
 *fill*         0x0000000000015564        0xc 
 .text.Curl_conncache_size
                0x0000000000015570       0x68 /opt/devkitpro/portlibs/switch/lib/libcurl.a(libcurl_la-conncache.o)
                0x0000000000015570                Curl_conncache_size
 *fill*         0x00000000000155d8        0x8 
 .text.Curl_conncache_find_bundle
                0x00000000000155e0       0xc0 /opt/devkitpro/portlibs/switch/lib/libcurl.a(libcurl_la-conncache.o)
                0x00000000000155e0                Curl_conncache_find_bundle
 .text.Curl_conncache_add_conn
                0x00000000000156a0      0x17c /opt/devkitpro/portlibs/switch/lib/libcurl.a(libcurl_la-conncache.o)
                0x00000000000156a0                Curl_conncache_add_conn
 *fill*         0x000000000001581c        0x4 
 .text.Curl_conncache_remove_conn
                0x0000000000015820      0x148 /opt/devkitpro/portlibs/switch/lib/libcurl.a(libcurl_la-conncache.o)
                0x0000000000015820                Curl_conncache_remove_conn
 *fill*         0x0000000000015968        0x8 
 .text.Curl_conncache_foreach
                0x0000000000015970       0xec /opt/devkitpro/portlibs/switch/lib/libcurl.a(libcurl_la-conncache.o)
                0x0000000000015970                Curl_conncache_foreach
 *fill*         0x0000000000015a5c        0x4 
 .text.Curl_conncache_extract_bundle
                0x0000000000015a60      0x128 /opt/devkitpro/portlibs/switch/lib/libcurl.a(libcurl_la-conncache.o)
                0x0000000000015a60                Curl_conncache_extract_bundle
 *fill*         0x0000000000015b88        0x8 
 .text.Curl_conncache_extract_oldest
                0x0000000000015b90      0x18c /opt/devkitpro/portlibs/switch/lib/libcurl.a(libcurl_la-conncache.o)
                0x0000000000015b90                Curl_conncache_extract_oldest
 *fill*         0x0000000000015d1c        0x4 
 .text.Curl_conncache_return_conn
                0x0000000000015d20       0xd8 /opt/devkitpro/portlibs/switch/lib/libcurl.a(libcurl_la-conncache.o)
                0x0000000000015d20                Curl_conncache_return_conn
 *fill*         0x0000000000015df8        0x8 
 .text.Curl_conncache_close_all_connections
                0x0000000000015e00       0xe0 /opt/devkitpro/portlibs/switch/lib/libcurl.a(libcurl_la-conncache.o)
                0x0000000000015e00                Curl_conncache_close_all_connections
 .text.escape_string
                0x0000000000015ee0       0xc0 /opt/devkitpro/portlibs/switch/lib/libcurl.a(libcurl_la-mime.o)
 .text.mime_mem_seek
                0x0000000000015fa0       0x4c /opt/devkitpro/portlibs/switch/lib/libcurl.a(libcurl_la-mime.o)
 *fill*         0x0000000000015fec        0x4 
 .text.mime_mem_free
                0x0000000000015ff0       0x34 /opt/devkitpro/portlibs/switch/lib/libcurl.a(libcurl_la-mime.o)
 *fill*         0x0000000000016024        0xc 
 .text.mime_mem_read
                0x0000000000016030       0x98 /opt/devkitpro/portlibs/switch/lib/libcurl.a(libcurl_la-mime.o)
 *fill*         0x00000000000160c8        0x8 
 .text.readback_bytes
                0x00000000000160d0       0xb0 /opt/devkitpro/portlibs/switch/lib/libcurl.a(libcurl_la-mime.o)
 .text.mime_file_free
                0x0000000000016180       0x44 /opt/devkitpro/portlibs/switch/lib/libcurl.a(libcurl_la-mime.o)
 *fill*         0x00000000000161c4        0xc 
 .text.mime_file_read
                0x00000000000161d0       0x80 /opt/devkitpro/portlibs/switch/lib/libcurl.a(libcurl_la-mime.o)
 .text.mime_file_seek
                0x0000000000016250       0x90 /opt/devkitpro/portlibs/switch/lib/libcurl.a(libcurl_la-mime.o)
 .text.readback_part
                0x00000000000162e0      0x474 /opt/devkitpro/portlibs/switch/lib/libcurl.a(libcurl_la-mime.o)
 *fill*         0x0000000000016754        0xc 
 .text.read_part_content.part.0
                0x0000000000016760      0x310 /opt/devkitpro/portlibs/switch/lib/libcurl.a(libcurl_la-mime.o)
 .text.search_header
                0x0000000000016a70       0x98 /opt/devkitpro/portlibs/switch/lib/libcurl.a(libcurl_la-mime.o)
 *fill*         0x0000000000016b08        0x8 
 .text.mime_subparts_seek
                0x0000000000016b10      0x104 /opt/devkitpro/portlibs/switch/lib/libcurl.a(libcurl_la-mime.o)
 *fill*         0x0000000000016c14        0xc 
 .text.mime_subparts_unbind
                0x0000000000016c20       0x48 /opt/devkitpro/portlibs/switch/lib/libcurl.a(libcurl_la-mime.o)
 *fill*         0x0000000000016c68        0x8 
 .text.Curl_mime_cleanpart
                0x0000000000016c70       0xd0 /opt/devkitpro/portlibs/switch/lib/libcurl.a(libcurl_la-mime.o)
                0x0000000000016c70                Curl_mime_cleanpart
 .text.curl_mime_free.part.0
                0x0000000000016d40       0xa8 /opt/devkitpro/portlibs/switch/lib/libcurl.a(libcurl_la-mime.o)
 *fill*         0x0000000000016de8        0x8 
 .text.mime_subparts_free
                0x0000000000016df0       0x48 /opt/devkitpro/portlibs/switch/lib/libcurl.a(libcurl_la-mime.o)
 *fill*         0x0000000000016e38        0x8 
 .text.curl_mime_init
                0x0000000000016e40       0x98 /opt/devkitpro/portlibs/switch/lib/libcurl.a(libcurl_la-mime.o)
                0x0000000000016e40                curl_mime_init
 *fill*         0x0000000000016ed8        0x8 
 .text.Curl_mime_initpart
                0x0000000000016ee0       0x38 /opt/devkitpro/portlibs/switch/lib/libcurl.a(libcurl_la-mime.o)
                0x0000000000016ee0                Curl_mime_initpart
 *fill*         0x0000000000016f18        0x8 
 .text.curl_mime_addpart
                0x0000000000016f20       0x90 /opt/devkitpro/portlibs/switch/lib/libcurl.a(libcurl_la-mime.o)
                0x0000000000016f20                curl_mime_addpart
 .text.curl_mime_name
                0x0000000000016fb0       0x70 /opt/devkitpro/portlibs/switch/lib/libcurl.a(libcurl_la-mime.o)
                0x0000000000016fb0                curl_mime_name
 .text.curl_mime_filename
                0x0000000000017020       0x70 /opt/devkitpro/portlibs/switch/lib/libcurl.a(libcurl_la-mime.o)
                0x0000000000017020                curl_mime_filename
 .text.curl_mime_filedata.part.0
                0x0000000000017090      0x1c4 /opt/devkitpro/portlibs/switch/lib/libcurl.a(libcurl_la-mime.o)
 *fill*         0x0000000000017254        0xc 
 .text.curl_mime_data
                0x0000000000017260      0x118 /opt/devkitpro/portlibs/switch/lib/libcurl.a(libcurl_la-mime.o)
                0x0000000000017260                curl_mime_data
 *fill*         0x0000000000017378        0x8 
 .text.curl_mime_filedata
                0x0000000000017380       0x8c /opt/devkitpro/portlibs/switch/lib/libcurl.a(libcurl_la-mime.o)
                0x0000000000017380                curl_mime_filedata
 *fill*         0x000000000001740c        0x4 
 .text.curl_mime_type
                0x0000000000017410       0x70 /opt/devkitpro/portlibs/switch/lib/libcurl.a(libcurl_la-mime.o)
                0x0000000000017410                curl_mime_type
 .text.curl_mime_headers
                0x0000000000017480       0x7c /opt/devkitpro/portlibs/switch/lib/libcurl.a(libcurl_la-mime.o)
                0x0000000000017480                curl_mime_headers
 *fill*         0x00000000000174fc        0x4 
 .text.curl_mime_data_cb
                0x0000000000017500       0xac /opt/devkitpro/portlibs/switch/lib/libcurl.a(libcurl_la-mime.o)
                0x0000000000017500                curl_mime_data_cb
 *fill*         0x00000000000175ac        0x4 
 .text.Curl_mime_set_subparts
                0x00000000000175b0      0x138 /opt/devkitpro/portlibs/switch/lib/libcurl.a(libcurl_la-mime.o)
                0x00000000000175b0                Curl_mime_set_subparts
 *fill*         0x00000000000176e8        0x8 
 .text.curl_mime_subparts
                0x00000000000176f0        0x8 /opt/devkitpro/portlibs/switch/lib/libcurl.a(libcurl_la-mime.o)
                0x00000000000176f0                curl_mime_subparts
 *fill*         0x00000000000176f8        0x8 
 .text.Curl_mime_read
                0x0000000000017700       0x50 /opt/devkitpro/portlibs/switch/lib/libcurl.a(libcurl_la-mime.o)
                0x0000000000017700                Curl_mime_read
 .text.Curl_mime_rewind
                0x0000000000017750       0x94 /opt/devkitpro/portlibs/switch/lib/libcurl.a(libcurl_la-mime.o)
                0x0000000000017750                Curl_mime_rewind
 *fill*         0x00000000000177e4        0xc 
 .text.Curl_mime_size
                0x00000000000177f0      0x188 /opt/devkitpro/portlibs/switch/lib/libcurl.a(libcurl_la-mime.o)
                0x00000000000177f0                Curl_mime_size
 *fill*         0x0000000000017978        0x8 
 .text.Curl_mime_add_header
                0x0000000000017980       0xb8 /opt/devkitpro/portlibs/switch/lib/libcurl.a(libcurl_la-mime.o)
                0x0000000000017980                Curl_mime_add_header
 *fill*         0x0000000000017a38        0x8 
 .text.Curl_mime_contenttype
                0x0000000000017a40       0xac /opt/devkitpro/portlibs/switch/lib/libcurl.a(libcurl_la-mime.o)
                0x0000000000017a40                Curl_mime_contenttype
 *fill*         0x0000000000017aec        0x4 
 .text.Curl_mime_prepare_headers
                0x0000000000017af0      0x55c /opt/devkitpro/portlibs/switch/lib/libcurl.a(libcurl_la-mime.o)
                0x0000000000017af0                Curl_mime_prepare_headers
 *fill*         0x000000000001804c        0x4 
 .text.setstropt_userpwd
                0x0000000000018050       0xcc /opt/devkitpro/portlibs/switch/lib/libcurl.a(libcurl_la-setopt.o)
 *fill*         0x000000000001811c        0x4 
 .text.Curl_setstropt
                0x0000000000018120       0xa4 /opt/devkitpro/portlibs/switch/lib/libcurl.a(libcurl_la-setopt.o)
                0x0000000000018120                Curl_setstropt
 *fill*         0x00000000000181c4        0xc 
 .text.Curl_vsetopt
                0x00000000000181d0     0x2d24 /opt/devkitpro/portlibs/switch/lib/libcurl.a(libcurl_la-setopt.o)
                0x00000000000181d0                Curl_vsetopt
 *fill*         0x000000000001aef4        0xc 
 .text.curl_easy_setopt
                0x000000000001af00       0x6c /opt/devkitpro/portlibs/switch/lib/libcurl.a(libcurl_la-setopt.o)
                0x000000000001af00                curl_easy_setopt
 *fill*         0x000000000001af6c        0x4 
 .text.Curl_isspace
                0x000000000001af70       0x24 /opt/devkitpro/portlibs/switch/lib/libcurl.a(libcurl_la-curl_ctype.o)
                0x000000000001af70                Curl_isspace
 *fill*         0x000000000001af94        0xc 
 .text.Curl_isdigit
                0x000000000001afa0       0x24 /opt/devkitpro/portlibs/switch/lib/libcurl.a(libcurl_la-curl_ctype.o)
                0x000000000001afa0                Curl_isdigit
 *fill*         0x000000000001afc4        0xc 
 .text.Curl_isalnum
                0x000000000001afd0       0x24 /opt/devkitpro/portlibs/switch/lib/libcurl.a(libcurl_la-curl_ctype.o)
                0x000000000001afd0                Curl_isalnum
 *fill*         0x000000000001aff4        0xc 
 .text.Curl_isxdigit
                0x000000000001b000       0x28 /opt/devkitpro/portlibs/switch/lib/libcurl.a(libcurl_la-curl_ctype.o)
                0x000000000001b000                Curl_isxdigit
 *fill*         0x000000000001b028        0x8 
 .text.Curl_isgraph
                0x000000000001b030       0x30 /opt/devkitpro/portlibs/switch/lib/libcurl.a(libcurl_la-curl_ctype.o)
                0x000000000001b030                Curl_isgraph
 .text.Curl_isalpha
                0x000000000001b060       0x24 /opt/devkitpro/portlibs/switch/lib/libcurl.a(libcurl_la-curl_ctype.o)
                0x000000000001b060                Curl_isalpha
 *fill*         0x000000000001b084        0xc 
 .text.Curl_isupper
                0x000000000001b090       0x24 /opt/devkitpro/portlibs/switch/lib/libcurl.a(libcurl_la-curl_ctype.o)
                0x000000000001b090                Curl_isupper
 *fill*         0x000000000001b0b4        0xc 
 .text.Curl_iscntrl
                0x000000000001b0c0       0x24 /opt/devkitpro/portlibs/switch/lib/libcurl.a(libcurl_la-curl_ctype.o)
                0x000000000001b0c0                Curl_iscntrl
 *fill*         0x000000000001b0e4        0xc 
 .text.auth_digest_sha256_to_ascii
                0x000000000001b0f0       0x58 /opt/devkitpro/portlibs/switch/lib/libcurl.a(libcurl_la-digest.o)
 *fill*         0x000000000001b148        0x8 
 .text.auth_digest_md5_to_ascii
                0x000000000001b150       0x58 /opt/devkitpro/portlibs/switch/lib/libcurl.a(libcurl_la-digest.o)
 *fill*         0x000000000001b1a8        0x8 
 .text.auth_create_digest_http_message
                0x000000000001b1b0      0x54c /opt/devkitpro/portlibs/switch/lib/libcurl.a(libcurl_la-digest.o)
 *fill*         0x000000000001b6fc        0x4 
 .text.Curl_auth_digest_get_pair
                0x000000000001b700      0x118 /opt/devkitpro/portlibs/switch/lib/libcurl.a(libcurl_la-digest.o)
                0x000000000001b700                Curl_auth_digest_get_pair
 *fill*         0x000000000001b818        0x8 
 .text.Curl_auth_is_digest_supported
                0x000000000001b820        0x8 /opt/devkitpro/portlibs/switch/lib/libcurl.a(libcurl_la-digest.o)
                0x000000000001b820                Curl_auth_is_digest_supported
 *fill*         0x000000000001b828        0x8 
 .text.Curl_auth_create_digest_md5_message
                0x000000000001b830      0x864 /opt/devkitpro/portlibs/switch/lib/libcurl.a(libcurl_la-digest.o)
                0x000000000001b830                Curl_auth_create_digest_md5_message
 *fill*         0x000000000001c094        0xc 
 .text.Curl_auth_create_digest_http_message
                0x000000000001c0a0       0x88 /opt/devkitpro/portlibs/switch/lib/libcurl.a(libcurl_la-digest.o)
                0x000000000001c0a0                Curl_auth_create_digest_http_message
 *fill*         0x000000000001c128        0x8 
 .text.Curl_auth_digest_cleanup
                0x000000000001c130       0x98 /opt/devkitpro/portlibs/switch/lib/libcurl.a(libcurl_la-digest.o)
                0x000000000001c130                Curl_auth_digest_cleanup
 *fill*         0x000000000001c1c8        0x8 
 .text.Curl_auth_decode_digest_http_message
                0x000000000001c1d0      0x4bc /opt/devkitpro/portlibs/switch/lib/libcurl.a(libcurl_la-digest.o)
                0x000000000001c1d0                Curl_auth_decode_digest_http_message
 *fill*         0x000000000001c68c        0x4 
 .text.Curl_none_cleanup
                0x000000000001c690        0x4 /opt/devkitpro/portlibs/switch/lib/libcurl.a(libcurl_la-vtls.o)
                0x000000000001c690                Curl_none_cleanup
 *fill*         0x000000000001c694        0xc 
 .text.Curl_none_shutdown
                0x000000000001c6a0        0x8 /opt/devkitpro/portlibs/switch/lib/libcurl.a(libcurl_la-vtls.o)
                0x000000000001c6a0                Curl_none_shutdown
 *fill*         0x000000000001c6a8        0x8 
 .text.Curl_none_check_cxn
                0x000000000001c6b0        0x8 /opt/devkitpro/portlibs/switch/lib/libcurl.a(libcurl_la-vtls.o)
                0x000000000001c6b0                Curl_none_check_cxn
 *fill*         0x000000000001c6b8        0x8 
 .text.Curl_none_random
                0x000000000001c6c0        0x8 /opt/devkitpro/portlibs/switch/lib/libcurl.a(libcurl_la-vtls.o)
                0x000000000001c6c0                Curl_none_random
 *fill*         0x000000000001c6c8        0x8 
 .text.Curl_none_close_all
                0x000000000001c6d0        0x4 /opt/devkitpro/portlibs/switch/lib/libcurl.a(libcurl_la-vtls.o)
                0x000000000001c6d0                Curl_none_close_all
 *fill*         0x000000000001c6d4        0xc 
 .text.Curl_none_data_pending
                0x000000000001c6e0        0x8 /opt/devkitpro/portlibs/switch/lib/libcurl.a(libcurl_la-vtls.o)
                0x000000000001c6e0                Curl_none_data_pending
 *fill*         0x000000000001c6e8        0x8 
 .text.Curl_none_cert_status_request
                0x000000000001c6f0        0x8 /opt/devkitpro/portlibs/switch/lib/libcurl.a(libcurl_la-vtls.o)
                0x000000000001c6f0                Curl_none_cert_status_request
 *fill*         0x000000000001c6f8        0x8 
 .text.Curl_none_set_engine
                0x000000000001c700        0x8 /opt/devkitpro/portlibs/switch/lib/libcurl.a(libcurl_la-vtls.o)
                0x000000000001c700                Curl_none_set_engine
 *fill*         0x000000000001c708        0x8 
 .text.Curl_none_set_engine_default
                0x000000000001c710        0x8 /opt/devkitpro/portlibs/switch/lib/libcurl.a(libcurl_la-vtls.o)
                0x000000000001c710                Curl_none_set_engine_default
 *fill*         0x000000000001c718        0x8 
 .text.Curl_none_engines_list
                0x000000000001c720        0x8 /opt/devkitpro/portlibs/switch/lib/libcurl.a(libcurl_la-vtls.o)
                0x000000000001c720                Curl_none_engines_list
 *fill*         0x000000000001c728        0x8 
 .text.Curl_multissl_version
                0x000000000001c730      0x18c /opt/devkitpro/portlibs/switch/lib/libcurl.a(libcurl_la-vtls.o)
 *fill*         0x000000000001c8bc        0x4 
 .text.ssl_connect_init_proxy
                0x000000000001c8c0       0xa4 /opt/devkitpro/portlibs/switch/lib/libcurl.a(libcurl_la-vtls.o)
 *fill*         0x000000000001c964        0xc 
 .text.ssl_prefs_check
                0x000000000001c970       0x68 /opt/devkitpro/portlibs/switch/lib/libcurl.a(libcurl_la-vtls.o)
 *fill*         0x000000000001c9d8        0x8 
 .text.Curl_none_md5sum
                0x000000000001c9e0       0x7c /opt/devkitpro/portlibs/switch/lib/libcurl.a(libcurl_la-vtls.o)
                0x000000000001c9e0                Curl_none_md5sum
 *fill*         0x000000000001ca5c        0x4 
 .text.multissl_init.part.0
                0x000000000001ca60       0xd0 /opt/devkitpro/portlibs/switch/lib/libcurl.a(libcurl_la-vtls.o)
 .text.Curl_multissl_close
                0x000000000001cb30       0x7c /opt/devkitpro/portlibs/switch/lib/libcurl.a(libcurl_la-vtls.o)
 *fill*         0x000000000001cbac        0x4 
 .text.Curl_multissl_get_internals
                0x000000000001cbb0       0x78 /opt/devkitpro/portlibs/switch/lib/libcurl.a(libcurl_la-vtls.o)
 *fill*         0x000000000001cc28        0x8 
 .text.Curl_multissl_connect_nonblocking
                0x000000000001cc30       0x80 /opt/devkitpro/portlibs/switch/lib/libcurl.a(libcurl_la-vtls.o)
 .text.Curl_multissl_connect
                0x000000000001ccb0       0x78 /opt/devkitpro/portlibs/switch/lib/libcurl.a(libcurl_la-vtls.o)
 *fill*         0x000000000001cd28        0x8 
 .text.Curl_multissl_init
                0x000000000001cd30       0x58 /opt/devkitpro/portlibs/switch/lib/libcurl.a(libcurl_la-vtls.o)
 *fill*         0x000000000001cd88        0x8 
 .text.Curl_ssl_free_certinfo.part.0
                0x000000000001cd90       0x7c /opt/devkitpro/portlibs/switch/lib/libcurl.a(libcurl_la-vtls.o)
 *fill*         0x000000000001ce0c        0x4 
 .text.Curl_none_session_free
                0x000000000001ce10        0x4 /opt/devkitpro/portlibs/switch/lib/libcurl.a(libcurl_la-vtls.o)
                0x000000000001ce10                Curl_none_session_free
 *fill*         0x000000000001ce14        0xc 
 .text.Curl_none_false_start
                0x000000000001ce20        0x8 /opt/devkitpro/portlibs/switch/lib/libcurl.a(libcurl_la-vtls.o)
                0x000000000001ce20                Curl_none_false_start
 *fill*         0x000000000001ce28        0x8 
 .text.Curl_ssl_config_matches
                0x000000000001ce30       0xe0 /opt/devkitpro/portlibs/switch/lib/libcurl.a(libcurl_la-vtls.o)
                0x000000000001ce30                Curl_ssl_config_matches
 .text.Curl_clone_primary_ssl_config
                0x000000000001cf10      0x1f4 /opt/devkitpro/portlibs/switch/lib/libcurl.a(libcurl_la-vtls.o)
                0x000000000001cf10                Curl_clone_primary_ssl_config
 *fill*         0x000000000001d104        0xc 
 .text.Curl_free_primary_ssl_config
                0x000000000001d110       0xa4 /opt/devkitpro/portlibs/switch/lib/libcurl.a(libcurl_la-vtls.o)
                0x000000000001d110                Curl_free_primary_ssl_config
 *fill*         0x000000000001d1b4        0xc 
 .text.Curl_ssl_backend
                0x000000000001d1c0       0x40 /opt/devkitpro/portlibs/switch/lib/libcurl.a(libcurl_la-vtls.o)
                0x000000000001d1c0                Curl_ssl_backend
 .text.Curl_ssl_init
                0x000000000001d200       0x30 /opt/devkitpro/portlibs/switch/lib/libcurl.a(libcurl_la-vtls.o)
                0x000000000001d200                Curl_ssl_init
 .text.Curl_ssl_cleanup
                0x000000000001d230       0x38 /opt/devkitpro/portlibs/switch/lib/libcurl.a(libcurl_la-vtls.o)
                0x000000000001d230                Curl_ssl_cleanup
 *fill*         0x000000000001d268        0x8 
 .text.Curl_ssl_connect
                0x000000000001d270       0xb4 /opt/devkitpro/portlibs/switch/lib/libcurl.a(libcurl_la-vtls.o)
                0x000000000001d270                Curl_ssl_connect
 *fill*         0x000000000001d324        0xc 
 .text.Curl_ssl_connect_nonblocking
                0x000000000001d330       0xc8 /opt/devkitpro/portlibs/switch/lib/libcurl.a(libcurl_la-vtls.o)
                0x000000000001d330                Curl_ssl_connect_nonblocking
 *fill*         0x000000000001d3f8        0x8 
 .text.Curl_ssl_kill_session
                0x000000000001d400       0x6c /opt/devkitpro/portlibs/switch/lib/libcurl.a(libcurl_la-vtls.o)
                0x000000000001d400                Curl_ssl_kill_session
 *fill*         0x000000000001d46c        0x4 
 .text.Curl_ssl_close_all
                0x000000000001d470       0x98 /opt/devkitpro/portlibs/switch/lib/libcurl.a(libcurl_la-vtls.o)
                0x000000000001d470                Curl_ssl_close_all
 *fill*         0x000000000001d508        0x8 
 .text.Curl_ssl_getsock
                0x000000000001d510        0x8 /opt/devkitpro/portlibs/switch/lib/libcurl.a(libcurl_la-vtls.o)
                0x000000000001d510                Curl_ssl_getsock
 *fill*         0x000000000001d518        0x8 
 .text.Curl_ssl_close
                0x000000000001d520       0x14 /opt/devkitpro/portlibs/switch/lib/libcurl.a(libcurl_la-vtls.o)
                0x000000000001d520                Curl_ssl_close
 *fill*         0x000000000001d534        0xc 
 .text.Curl_ssl_shutdown
                0x000000000001d540       0x7c /opt/devkitpro/portlibs/switch/lib/libcurl.a(libcurl_la-vtls.o)
                0x000000000001d540                Curl_ssl_shutdown
 *fill*         0x000000000001d5bc        0x4 
 .text.Curl_ssl_set_engine
                0x000000000001d5c0       0x14 /opt/devkitpro/portlibs/switch/lib/libcurl.a(libcurl_la-vtls.o)
                0x000000000001d5c0                Curl_ssl_set_engine
 *fill*         0x000000000001d5d4        0xc 
 .text.Curl_ssl_set_engine_default
                0x000000000001d5e0       0x14 /opt/devkitpro/portlibs/switch/lib/libcurl.a(libcurl_la-vtls.o)
                0x000000000001d5e0                Curl_ssl_set_engine_default
 *fill*         0x000000000001d5f4        0xc 
 .text.Curl_ssl_engines_list
                0x000000000001d600       0x14 /opt/devkitpro/portlibs/switch/lib/libcurl.a(libcurl_la-vtls.o)
                0x000000000001d600                Curl_ssl_engines_list
 *fill*         0x000000000001d614        0xc 
 .text.Curl_ssl_initsessions
                0x000000000001d620       0x64 /opt/devkitpro/portlibs/switch/lib/libcurl.a(libcurl_la-vtls.o)
                0x000000000001d620                Curl_ssl_initsessions
 *fill*         0x000000000001d684        0xc 
 .text.Curl_ssl_check_cxn
                0x000000000001d690       0x14 /opt/devkitpro/portlibs/switch/lib/libcurl.a(libcurl_la-vtls.o)
                0x000000000001d690                Curl_ssl_check_cxn
 *fill*         0x000000000001d6a4        0xc 
 .text.Curl_ssl_data_pending
                0x000000000001d6b0       0x14 /opt/devkitpro/portlibs/switch/lib/libcurl.a(libcurl_la-vtls.o)
                0x000000000001d6b0                Curl_ssl_data_pending
 *fill*         0x000000000001d6c4        0xc 
 .text.Curl_ssl_free_certinfo
                0x000000000001d6d0       0x10 /opt/devkitpro/portlibs/switch/lib/libcurl.a(libcurl_la-vtls.o)
                0x000000000001d6d0                Curl_ssl_free_certinfo
 .text.Curl_ssl_init_certinfo
                0x000000000001d6e0       0x6c /opt/devkitpro/portlibs/switch/lib/libcurl.a(libcurl_la-vtls.o)
                0x000000000001d6e0                Curl_ssl_init_certinfo
 *fill*         0x000000000001d74c        0x4 
 .text.Curl_ssl_push_certinfo_len
                0x000000000001d750      0x124 /opt/devkitpro/portlibs/switch/lib/libcurl.a(libcurl_la-vtls.o)
                0x000000000001d750                Curl_ssl_push_certinfo_len
 *fill*         0x000000000001d874        0xc 
 .text.Curl_ssl_push_certinfo
                0x000000000001d880       0x4c /opt/devkitpro/portlibs/switch/lib/libcurl.a(libcurl_la-vtls.o)
                0x000000000001d880                Curl_ssl_push_certinfo
 *fill*         0x000000000001d8cc        0x4 
 .text.Curl_ssl_random
                0x000000000001d8d0       0x14 /opt/devkitpro/portlibs/switch/lib/libcurl.a(libcurl_la-vtls.o)
                0x000000000001d8d0                Curl_ssl_random
 *fill*         0x000000000001d8e4        0xc 
 .text.Curl_pin_peer_pubkey
                0x000000000001d8f0      0x4dc /opt/devkitpro/portlibs/switch/lib/libcurl.a(libcurl_la-vtls.o)
                0x000000000001d8f0                Curl_pin_peer_pubkey
 *fill*         0x000000000001ddcc        0x4 
 .text.Curl_ssl_cert_status_request
                0x000000000001ddd0       0x14 /opt/devkitpro/portlibs/switch/lib/libcurl.a(libcurl_la-vtls.o)
                0x000000000001ddd0                Curl_ssl_cert_status_request
 *fill*         0x000000000001dde4        0xc 
 .text.Curl_ssl_false_start
                0x000000000001ddf0       0x14 /opt/devkitpro/portlibs/switch/lib/libcurl.a(libcurl_la-vtls.o)
                0x000000000001ddf0                Curl_ssl_false_start
 *fill*         0x000000000001de04        0xc 
 .text.Curl_ssl_tls13_ciphersuites
                0x000000000001de10       0x14 /opt/devkitpro/portlibs/switch/lib/libcurl.a(libcurl_la-vtls.o)
                0x000000000001de10                Curl_ssl_tls13_ciphersuites
 *fill*         0x000000000001de24        0xc 
 .text.Curl_libnx_get_internals
                0x000000000001de30        0x8 /opt/devkitpro/portlibs/switch/lib/libcurl.a(libcurl_la-libnx.o)
 *fill*         0x000000000001de38        0x8 
 .text.Curl_libnx_sha256sum
                0x000000000001de40       0x2c /opt/devkitpro/portlibs/switch/lib/libcurl.a(libcurl_la-libnx.o)
 *fill*         0x000000000001de6c        0x4 
 .text.Curl_libnx_close
                0x000000000001de70       0x58 /opt/devkitpro/portlibs/switch/lib/libcurl.a(libcurl_la-libnx.o)
 *fill*         0x000000000001dec8        0x8 
 .text.libnx_send
                0x000000000001ded0       0x74 /opt/devkitpro/portlibs/switch/lib/libcurl.a(libcurl_la-libnx.o)
 *fill*         0x000000000001df44        0xc 
 .text.libnx_recv
                0x000000000001df50       0xa0 /opt/devkitpro/portlibs/switch/lib/libcurl.a(libcurl_la-libnx.o)
 .text.Curl_libnx_version
                0x000000000001dff0       0x20 /opt/devkitpro/portlibs/switch/lib/libcurl.a(libcurl_la-libnx.o)
 .text.load_file
                0x000000000001e010       0xd4 /opt/devkitpro/portlibs/switch/lib/libcurl.a(libcurl_la-libnx.o)
 *fill*         0x000000000001e0e4        0xc 
 .text.load_capath
                0x000000000001e0f0      0x180 /opt/devkitpro/portlibs/switch/lib/libcurl.a(libcurl_la-libnx.o)
 .text.libnx_connect_step2
                0x000000000001e270      0x46c /opt/devkitpro/portlibs/switch/lib/libcurl.a(libcurl_la-libnx.o)
 *fill*         0x000000000001e6dc        0x4 
 .text.Curl_libnx_random
                0x000000000001e6e0       0x28 /opt/devkitpro/portlibs/switch/lib/libcurl.a(libcurl_la-libnx.o)
 *fill*         0x000000000001e708        0x8 
 .text.Curl_libnx_data_pending
                0x000000000001e710       0x4c /opt/devkitpro/portlibs/switch/lib/libcurl.a(libcurl_la-libnx.o)
 *fill*         0x000000000001e75c        0x4 
 .text.Curl_libnx_check_cxn
                0x000000000001e760       0x60 /opt/devkitpro/portlibs/switch/lib/libcurl.a(libcurl_la-libnx.o)
 .text.Curl_libnx_cleanup
                0x000000000001e7c0       0x14 /opt/devkitpro/portlibs/switch/lib/libcurl.a(libcurl_la-libnx.o)
 *fill*         0x000000000001e7d4        0xc 
 .text.Curl_libnx_init
                0x000000000001e7e0       0x38 /opt/devkitpro/portlibs/switch/lib/libcurl.a(libcurl_la-libnx.o)
 *fill*         0x000000000001e818        0x8 
 .text.libnx_connect_common
                0x000000000001e820      0x8c8 /opt/devkitpro/portlibs/switch/lib/libcurl.a(libcurl_la-libnx.o)
 *fill*         0x000000000001f0e8        0x8 
 .text.Curl_libnx_connect_nonblocking
                0x000000000001f0f0        0xc /opt/devkitpro/portlibs/switch/lib/libcurl.a(libcurl_la-libnx.o)
 *fill*         0x000000000001f0fc        0x4 
 .text.Curl_libnx_connect
                0x000000000001f100       0x1c /opt/devkitpro/portlibs/switch/lib/libcurl.a(libcurl_la-libnx.o)
 *fill*         0x000000000001f11c        0x4 
 .text.Curl_now
                0x000000000001f120       0x64 /opt/devkitpro/portlibs/switch/lib/libcurl.a(libcurl_la-timeval.o)
                0x000000000001f120                Curl_now
 *fill*         0x000000000001f184        0xc 
 .text.Curl_timediff
                0x000000000001f190       0x74 /opt/devkitpro/portlibs/switch/lib/libcurl.a(libcurl_la-timeval.o)
                0x000000000001f190                Curl_timediff
 *fill*         0x000000000001f204        0xc 
 .text.Curl_timediff_us
                0x000000000001f210       0x54 /opt/devkitpro/portlibs/switch/lib/libcurl.a(libcurl_la-timeval.o)
                0x000000000001f210                Curl_timediff_us
 *fill*         0x000000000001f264        0xc 
 .text.base64_encode.isra.0
                0x000000000001f270      0x1e4 /opt/devkitpro/portlibs/switch/lib/libcurl.a(libcurl_la-base64.o)
 *fill*         0x000000000001f454        0xc 
 .text.Curl_base64_decode
                0x000000000001f460      0x21c /opt/devkitpro/portlibs/switch/lib/libcurl.a(libcurl_la-base64.o)
                0x000000000001f460                Curl_base64_decode
 *fill*         0x000000000001f67c        0x4 
 .text.Curl_base64_encode
                0x000000000001f680        0xc /opt/devkitpro/portlibs/switch/lib/libcurl.a(libcurl_la-base64.o)
                0x000000000001f680                Curl_base64_encode
 *fill*         0x000000000001f68c        0x4 
 .text.Curl_base64url_encode
                0x000000000001f690        0xc /opt/devkitpro/portlibs/switch/lib/libcurl.a(libcurl_la-base64.o)
                0x000000000001f690                Curl_base64url_encode
 *fill*         0x000000000001f69c        0x4 
 .text.hostcache_timestamp_remove
                0x000000000001f6a0       0x24 /opt/devkitpro/portlibs/switch/lib/libcurl.a(libcurl_la-hostip.o)
 *fill*         0x000000000001f6c4        0xc 
 .text.freednsentry
                0x000000000001f6d0       0x54 /opt/devkitpro/portlibs/switch/lib/libcurl.a(libcurl_la-hostip.o)
 *fill*         0x000000000001f724        0xc 
 .text.create_hostcache_id.constprop.0
                0x000000000001f730       0x98 /opt/devkitpro/portlibs/switch/lib/libcurl.a(libcurl_la-hostip.o)
 *fill*         0x000000000001f7c8        0x8 
 .text.fetch_addr.isra.0
                0x000000000001f7d0      0x124 /opt/devkitpro/portlibs/switch/lib/libcurl.a(libcurl_la-hostip.o)
 *fill*         0x000000000001f8f4        0xc 
 .text.Curl_num_addresses
                0x000000000001f900       0x20 /opt/devkitpro/portlibs/switch/lib/libcurl.a(libcurl_la-hostip.o)
                0x000000000001f900                Curl_num_addresses
 .text.Curl_printable_address
                0x000000000001f920       0x2c /opt/devkitpro/portlibs/switch/lib/libcurl.a(libcurl_la-hostip.o)
                0x000000000001f920                Curl_printable_address
 *fill*         0x000000000001f94c        0x4 
 .text.Curl_hostcache_prune
                0x000000000001f950       0x84 /opt/devkitpro/portlibs/switch/lib/libcurl.a(libcurl_la-hostip.o)
                0x000000000001f950                Curl_hostcache_prune
 *fill*         0x000000000001f9d4        0xc 
 .text.Curl_fetch_addr
                0x000000000001f9e0       0x84 /opt/devkitpro/portlibs/switch/lib/libcurl.a(libcurl_la-hostip.o)
                0x000000000001f9e0                Curl_fetch_addr
 *fill*         0x000000000001fa64        0xc 
 .text.Curl_cache_addr
                0x000000000001fa70      0x29c /opt/devkitpro/portlibs/switch/lib/libcurl.a(libcurl_la-hostip.o)
                0x000000000001fa70                Curl_cache_addr
 *fill*         0x000000000001fd0c        0x4 
 .text.Curl_resolv
                0x000000000001fd10      0x258 /opt/devkitpro/portlibs/switch/lib/libcurl.a(libcurl_la-hostip.o)
                0x000000000001fd10                Curl_resolv
 *fill*         0x000000000001ff68        0x8 
 .text.Curl_resolv_timeout
                0x000000000001ff70       0x8c /opt/devkitpro/portlibs/switch/lib/libcurl.a(libcurl_la-hostip.o)
                0x000000000001ff70                Curl_resolv_timeout
 *fill*         0x000000000001fffc        0x4 
 .text.Curl_resolv_unlock
                0x0000000000020000       0xcc /opt/devkitpro/portlibs/switch/lib/libcurl.a(libcurl_la-hostip.o)
                0x0000000000020000                Curl_resolv_unlock
 *fill*         0x00000000000200cc        0x4 
 .text.Curl_mk_dnscache
                0x00000000000200d0       0x20 /opt/devkitpro/portlibs/switch/lib/libcurl.a(libcurl_la-hostip.o)
                0x00000000000200d0                Curl_mk_dnscache
 .text.Curl_hostcache_clean
                0x00000000000200f0       0x7c /opt/devkitpro/portlibs/switch/lib/libcurl.a(libcurl_la-hostip.o)
                0x00000000000200f0                Curl_hostcache_clean
 *fill*         0x000000000002016c        0x4 
 .text.Curl_loadhostpairs
                0x0000000000020170      0x434 /opt/devkitpro/portlibs/switch/lib/libcurl.a(libcurl_la-hostip.o)
                0x0000000000020170                Curl_loadhostpairs
 *fill*         0x00000000000205a4        0xc 
 .text.Curl_resolv_check
                0x00000000000205b0       0x18 /opt/devkitpro/portlibs/switch/lib/libcurl.a(libcurl_la-hostip.o)
                0x00000000000205b0                Curl_resolv_check
 *fill*         0x00000000000205c8        0x8 
 .text.Curl_resolv_getsock
                0x00000000000205d0        0x8 /opt/devkitpro/portlibs/switch/lib/libcurl.a(libcurl_la-hostip.o)
                0x00000000000205d0                Curl_resolv_getsock
 *fill*         0x00000000000205d8        0x8 
 .text.Curl_once_resolved
                0x00000000000205e0       0x60 /opt/devkitpro/portlibs/switch/lib/libcurl.a(libcurl_la-hostip.o)
                0x00000000000205e0                Curl_once_resolved
 .text.time2str
                0x0000000000020640      0x104 /opt/devkitpro/portlibs/switch/lib/libcurl.a(libcurl_la-progress.o)
 *fill*         0x0000000000020744        0xc 
 .text.max5data
                0x0000000000020750      0x1b0 /opt/devkitpro/portlibs/switch/lib/libcurl.a(libcurl_la-progress.o)
 .text.Curl_pgrsResetTransferSizes
                0x0000000000020900       0x18 /opt/devkitpro/portlibs/switch/lib/libcurl.a(libcurl_la-progress.o)
                0x0000000000020900                Curl_pgrsResetTransferSizes
 *fill*         0x0000000000020918        0x8 
 .text.Curl_pgrsTime
                0x0000000000020920      0x150 /opt/devkitpro/portlibs/switch/lib/libcurl.a(libcurl_la-progress.o)
                0x0000000000020920                Curl_pgrsTime
 .text.Curl_pgrsLimitWaitTime
                0x0000000000020a70       0xc0 /opt/devkitpro/portlibs/switch/lib/libcurl.a(libcurl_la-progress.o)
                0x0000000000020a70                Curl_pgrsLimitWaitTime
 .text.Curl_pgrsSetDownloadCounter
                0x0000000000020b30        0x8 /opt/devkitpro/portlibs/switch/lib/libcurl.a(libcurl_la-progress.o)
                0x0000000000020b30                Curl_pgrsSetDownloadCounter
 *fill*         0x0000000000020b38        0x8 
 .text.Curl_ratelimit
                0x0000000000020b40       0xb0 /opt/devkitpro/portlibs/switch/lib/libcurl.a(libcurl_la-progress.o)
                0x0000000000020b40                Curl_ratelimit
 .text.Curl_pgrsStartNow
                0x0000000000020bf0       0x6c /opt/devkitpro/portlibs/switch/lib/libcurl.a(libcurl_la-progress.o)
                0x0000000000020bf0                Curl_pgrsStartNow
 *fill*         0x0000000000020c5c        0x4 
 .text.Curl_pgrsSetUploadCounter
                0x0000000000020c60        0x8 /opt/devkitpro/portlibs/switch/lib/libcurl.a(libcurl_la-progress.o)
                0x0000000000020c60                Curl_pgrsSetUploadCounter
 *fill*         0x0000000000020c68        0x8 
 .text.Curl_pgrsSetDownloadSize
                0x0000000000020c70       0x2c /opt/devkitpro/portlibs/switch/lib/libcurl.a(libcurl_la-progress.o)
                0x0000000000020c70                Curl_pgrsSetDownloadSize
 *fill*         0x0000000000020c9c        0x4 
 .text.Curl_pgrsSetUploadSize
                0x0000000000020ca0       0x2c /opt/devkitpro/portlibs/switch/lib/libcurl.a(libcurl_la-progress.o)
                0x0000000000020ca0                Curl_pgrsSetUploadSize
 *fill*         0x0000000000020ccc        0x4 
 .text.Curl_pgrsUpdate
                0x0000000000020cd0      0x62c /opt/devkitpro/portlibs/switch/lib/libcurl.a(libcurl_la-progress.o)
                0x0000000000020cd0                Curl_pgrsUpdate
 *fill*         0x00000000000212fc        0x4 
 .text.Curl_pgrsDone
                0x0000000000021300       0x5c /opt/devkitpro/portlibs/switch/lib/libcurl.a(libcurl_la-progress.o)
                0x0000000000021300                Curl_pgrsDone
 *fill*         0x000000000002135c        0x4 
 .text.freecookie
                0x0000000000021360       0x90 /opt/devkitpro/portlibs/switch/lib/libcurl.a(libcurl_la-cookie.o)
 .text.cookie_sort_ct
                0x00000000000213f0       0x20 /opt/devkitpro/portlibs/switch/lib/libcurl.a(libcurl_la-cookie.o)
 .text.remove_expired
                0x0000000000021410       0xa8 /opt/devkitpro/portlibs/switch/lib/libcurl.a(libcurl_la-cookie.o)
 *fill*         0x00000000000214b8        0x8 
 .text.cookie_sort
                0x00000000000214c0      0x14c /opt/devkitpro/portlibs/switch/lib/libcurl.a(libcurl_la-cookie.o)
 *fill*         0x000000000002160c        0x4 
 .text.tailmatch
                0x0000000000021610       0x88 /opt/devkitpro/portlibs/switch/lib/libcurl.a(libcurl_la-cookie.o)
 *fill*         0x0000000000021698        0x8 
 .text.sanitize_cookie_path
                0x00000000000216a0      0x104 /opt/devkitpro/portlibs/switch/lib/libcurl.a(libcurl_la-cookie.o)
 *fill*         0x00000000000217a4        0xc 
 .text.get_netscape_format
                0x00000000000217b0       0xf0 /opt/devkitpro/portlibs/switch/lib/libcurl.a(libcurl_la-cookie.o)
 .text.cookiehash
                0x00000000000218a0       0xdc /opt/devkitpro/portlibs/switch/lib/libcurl.a(libcurl_la-cookie.o)
 *fill*         0x000000000002197c        0x4 
 .text.Curl_cookie_add
                0x0000000000021980      0xe58 /opt/devkitpro/portlibs/switch/lib/libcurl.a(libcurl_la-cookie.o)
                0x0000000000021980                Curl_cookie_add
 *fill*         0x00000000000227d8        0x8 
 .text.Curl_cookie_getlist
                0x00000000000227e0      0x404 /opt/devkitpro/portlibs/switch/lib/libcurl.a(libcurl_la-cookie.o)
                0x00000000000227e0                Curl_cookie_getlist
 *fill*         0x0000000000022be4        0xc 
 .text.Curl_cookie_clearall
                0x0000000000022bf0       0x5c /opt/devkitpro/portlibs/switch/lib/libcurl.a(libcurl_la-cookie.o)
                0x0000000000022bf0                Curl_cookie_clearall
 *fill*         0x0000000000022c4c        0x4 
 .text.Curl_cookie_freelist
                0x0000000000022c50       0x38 /opt/devkitpro/portlibs/switch/lib/libcurl.a(libcurl_la-cookie.o)
                0x0000000000022c50                Curl_cookie_freelist
 *fill*         0x0000000000022c88        0x8 
 .text.Curl_cookie_clearsess
                0x0000000000022c90       0xac /opt/devkitpro/portlibs/switch/lib/libcurl.a(libcurl_la-cookie.o)
                0x0000000000022c90                Curl_cookie_clearsess
 *fill*         0x0000000000022d3c        0x4 
 .text.Curl_cookie_cleanup
                0x0000000000022d40       0x80 /opt/devkitpro/portlibs/switch/lib/libcurl.a(libcurl_la-cookie.o)
                0x0000000000022d40                Curl_cookie_cleanup
 .text.Curl_cookie_init
                0x0000000000022dc0      0x280 /opt/devkitpro/portlibs/switch/lib/libcurl.a(libcurl_la-cookie.o)
                0x0000000000022dc0                Curl_cookie_init
 .text.Curl_cookie_loadfiles
                0x0000000000023040       0xa4 /opt/devkitpro/portlibs/switch/lib/libcurl.a(libcurl_la-cookie.o)
                0x0000000000023040                Curl_cookie_loadfiles
 *fill*         0x00000000000230e4        0xc 
 .text.Curl_cookie_list
                0x00000000000230f0       0xf0 /opt/devkitpro/portlibs/switch/lib/libcurl.a(libcurl_la-cookie.o)
                0x00000000000230f0                Curl_cookie_list
 .text.Curl_flush_cookies
                0x00000000000231e0      0x3c8 /opt/devkitpro/portlibs/switch/lib/libcurl.a(libcurl_la-cookie.o)
                0x00000000000231e0                Curl_flush_cookies
 *fill*         0x00000000000235a8        0x8 
 .text.pickoneauth
                0x00000000000235b0       0x84 /opt/devkitpro/portlibs/switch/lib/libcurl.a(libcurl_la-http.o)
 *fill*         0x0000000000023634        0xc 
 .text.http_should_fail
                0x0000000000023640       0x60 /opt/devkitpro/portlibs/switch/lib/libcurl.a(libcurl_la-http.o)
 .text.http_getsock_do
                0x00000000000236a0       0x10 /opt/devkitpro/portlibs/switch/lib/libcurl.a(libcurl_la-http.o)
 .text.http_setup_conn
                0x00000000000236b0       0xac /opt/devkitpro/portlibs/switch/lib/libcurl.a(libcurl_la-http.o)
 *fill*         0x000000000002375c        0x4 
 .text.https_getsock
                0x0000000000023760       0x18 /opt/devkitpro/portlibs/switch/lib/libcurl.a(libcurl_la-http.o)
 *fill*         0x0000000000023778        0x8 
 .text.https_connecting
                0x0000000000023780       0x50 /opt/devkitpro/portlibs/switch/lib/libcurl.a(libcurl_la-http.o)
 .text.readmoredata
                0x00000000000237d0       0xe4 /opt/devkitpro/portlibs/switch/lib/libcurl.a(libcurl_la-http.o)
 *fill*         0x00000000000238b4        0xc 
 .text.header_append
                0x00000000000238c0      0x108 /opt/devkitpro/portlibs/switch/lib/libcurl.a(libcurl_la-http.o)
 *fill*         0x00000000000239c8        0x8 
 .text.http_perhapsrewind
                0x00000000000239d0       0xf0 /opt/devkitpro/portlibs/switch/lib/libcurl.a(libcurl_la-http.o)
 .text.checkhttpprefix.isra.0
                0x0000000000023ac0       0xbc /opt/devkitpro/portlibs/switch/lib/libcurl.a(libcurl_la-http.o)
 *fill*         0x0000000000023b7c        0x4 
 .text.checkprotoprefix.isra.0
                0x0000000000023b80       0x68 /opt/devkitpro/portlibs/switch/lib/libcurl.a(libcurl_la-http.o)
 *fill*         0x0000000000023be8        0x8 
 .text.Curl_http_done
                0x0000000000023bf0       0xf8 /opt/devkitpro/portlibs/switch/lib/libcurl.a(libcurl_la-http.o)
                0x0000000000023bf0                Curl_http_done
 *fill*         0x0000000000023ce8        0x8 
 .text.Curl_checkProxyheaders
                0x0000000000023cf0       0x90 /opt/devkitpro/portlibs/switch/lib/libcurl.a(libcurl_la-http.o)
                0x0000000000023cf0                Curl_checkProxyheaders
 .text.output_auth_headers
                0x0000000000023d80      0x3dc /opt/devkitpro/portlibs/switch/lib/libcurl.a(libcurl_la-http.o)
 *fill*         0x000000000002415c        0x4 
 .text.Curl_copy_header_value
                0x0000000000024160      0x100 /opt/devkitpro/portlibs/switch/lib/libcurl.a(libcurl_la-http.o)
                0x0000000000024160                Curl_copy_header_value
 .text.Curl_http_auth_act
                0x0000000000024260      0x2e8 /opt/devkitpro/portlibs/switch/lib/libcurl.a(libcurl_la-http.o)
                0x0000000000024260                Curl_http_auth_act
 *fill*         0x0000000000024548        0x8 
 .text.Curl_http_output_auth
                0x0000000000024550      0x17c /opt/devkitpro/portlibs/switch/lib/libcurl.a(libcurl_la-http.o)
                0x0000000000024550                Curl_http_output_auth
 *fill*         0x00000000000246cc        0x4 
 .text.Curl_http_input_auth
                0x00000000000246d0      0x1dc /opt/devkitpro/portlibs/switch/lib/libcurl.a(libcurl_la-http.o)
                0x00000000000246d0                Curl_http_input_auth
 *fill*         0x00000000000248ac        0x4 
 .text.Curl_add_buffer_init
                0x00000000000248b0       0x1c /opt/devkitpro/portlibs/switch/lib/libcurl.a(libcurl_la-http.o)
                0x00000000000248b0                Curl_add_buffer_init
 *fill*         0x00000000000248cc        0x4 
 .text.Curl_add_buffer_free
                0x00000000000248d0       0x58 /opt/devkitpro/portlibs/switch/lib/libcurl.a(libcurl_la-http.o)
                0x00000000000248d0                Curl_add_buffer_free
 *fill*         0x0000000000024928        0x8 
 .text.Curl_add_buffer_send
                0x0000000000024930      0x238 /opt/devkitpro/portlibs/switch/lib/libcurl.a(libcurl_la-http.o)
                0x0000000000024930                Curl_add_buffer_send
 *fill*         0x0000000000024b68        0x8 
 .text.Curl_add_buffer
                0x0000000000024b70      0x148 /opt/devkitpro/portlibs/switch/lib/libcurl.a(libcurl_la-http.o)
                0x0000000000024b70                Curl_add_buffer
 *fill*         0x0000000000024cb8        0x8 
 .text.Curl_add_bufferf
                0x0000000000024cc0       0xf8 /opt/devkitpro/portlibs/switch/lib/libcurl.a(libcurl_la-http.o)
                0x0000000000024cc0                Curl_add_bufferf
 *fill*         0x0000000000024db8        0x8 
 .text.Curl_http_connect
                0x0000000000024dc0      0x194 /opt/devkitpro/portlibs/switch/lib/libcurl.a(libcurl_la-http.o)
                0x0000000000024dc0                Curl_http_connect
 *fill*         0x0000000000024f54        0xc 
 .text.Curl_compareheader
                0x0000000000024f60      0x100 /opt/devkitpro/portlibs/switch/lib/libcurl.a(libcurl_la-http.o)
                0x0000000000024f60                Curl_compareheader
 .text.expect100
                0x0000000000025060       0xcc /opt/devkitpro/portlibs/switch/lib/libcurl.a(libcurl_la-http.o)
 *fill*         0x000000000002512c        0x4 
 .text.Curl_http_compile_trailers
                0x0000000000025130       0xf0 /opt/devkitpro/portlibs/switch/lib/libcurl.a(libcurl_la-http.o)
                0x0000000000025130                Curl_http_compile_trailers
 .text.Curl_add_custom_headers
                0x0000000000025220      0x408 /opt/devkitpro/portlibs/switch/lib/libcurl.a(libcurl_la-http.o)
                0x0000000000025220                Curl_add_custom_headers
 *fill*         0x0000000000025628        0x8 
 .text.Curl_add_timecondition
                0x0000000000025630      0x158 /opt/devkitpro/portlibs/switch/lib/libcurl.a(libcurl_la-http.o)
                0x0000000000025630                Curl_add_timecondition
 *fill*         0x0000000000025788        0x8 
 .text.Curl_http
                0x0000000000025790     0x1734 /opt/devkitpro/portlibs/switch/lib/libcurl.a(libcurl_la-http.o)
                0x0000000000025790                Curl_http
 *fill*         0x0000000000026ec4        0xc 
 .text.Curl_http_readwrite_headers
                0x0000000000026ed0     0x10c8 /opt/devkitpro/portlibs/switch/lib/libcurl.a(libcurl_la-http.o)
                0x0000000000026ed0                Curl_http_readwrite_headers
 *fill*         0x0000000000027f98        0x8 
 .text.pausewrite
                0x0000000000027fa0      0x11c /opt/devkitpro/portlibs/switch/lib/libcurl.a(libcurl_la-sendf.o)
 *fill*         0x00000000000280bc        0x4 
 .text.Curl_recv_has_postponed_data
                0x00000000000280c0        0x8 /opt/devkitpro/portlibs/switch/lib/libcurl.a(libcurl_la-sendf.o)
                0x00000000000280c0                Curl_recv_has_postponed_data
 *fill*         0x00000000000280c8        0x8 
 .text.Curl_sendf
                0x00000000000280d0      0x1b0 /opt/devkitpro/portlibs/switch/lib/libcurl.a(libcurl_la-sendf.o)
                0x00000000000280d0                Curl_sendf
 .text.Curl_write
                0x0000000000028280       0x7c /opt/devkitpro/portlibs/switch/lib/libcurl.a(libcurl_la-sendf.o)
                0x0000000000028280                Curl_write
 *fill*         0x00000000000282fc        0x4 
 .text.Curl_read_plain
                0x0000000000028300       0x68 /opt/devkitpro/portlibs/switch/lib/libcurl.a(libcurl_la-sendf.o)
                0x0000000000028300                Curl_read_plain
 *fill*         0x0000000000028368        0x8 
 .text.Curl_read
                0x0000000000028370       0x80 /opt/devkitpro/portlibs/switch/lib/libcurl.a(libcurl_la-sendf.o)
                0x0000000000028370                Curl_read